# follow  2026-09-13 12:03:46  rpi5  temp=56.9'C
# $ /home/rasp/rover-venv/bin/python -u follow_rover.py --port auto
calibration: 473 px at 2.0 m, saved 2026-09-13 11:58
follow_rover: model=auto imgsz=320 source=usb transport=tcp cap=640x480 flip=False rotate=none acquire_conf=0.6 lost_timeout=10.0 reid_dist=0.3 ref_dist=2.0 ref_height=472.9 vfov=50.0 port=auto max_pwm=150 min_pwm=90 steer=False stop_dist=1.5 start_dist=2.0 hold=1.5 calibrate=False show=False view=8080
webcam: /dev/video0 640x480 @ 25 fps
camera started: usb
model loaded yolo11n_192x320.onnx, input [192, 320]
rover link /dev/ttyUSB0 (ESP32 firmware answered)
live view: http://<pi-address>:8080/
Loading yolo11n_192x320.onnx for ONNX Runtime inference...
Using ONNX Runtime 1.30.0 with CPUExecutionProvider
 0.0 fps  infer 2557.0 ms  persons 0  NO TARGET  -  steer +0.00 thr +0.00  L  +0 R  +0  
 0.5 fps  infer 2089.5 ms  persons 0  NO TARGET  -  steer +0.00 thr +0.00  L  +0 R  +0  
 2.1 fps  infer 839.0 ms  persons 0  NO TARGET  -  steer +0.00 thr +0.00  L  +0 R  +0  
 3.0 fps  infer 427.8 ms  persons 0  NO TARGET  -  steer +0.00 thr +0.00  L  +0 R  +0  
 3.7 fps  infer 283.0 ms  persons 0  NO TARGET  -  steer +0.00 thr +0.00  L  +0 R  +0  
 4.1 fps  infer 236.7 ms  persons 0  NO TARGET  -  steer +0.00 thr +0.00  L  +0 R  +0  
 4.3 fps  infer 226.4 ms  persons 0  NO TARGET  -  steer +0.00 thr +0.00  L  +0 R  +0  
 4.3 fps  infer 225.5 ms  persons 0  NO TARGET  -  steer +0.00 thr +0.00  L  +0 R  +0  
 4.4 fps  infer 223.0 ms  persons 0  NO TARGET  -  steer +0.00 thr +0.00  L  +0 R  +0  
 4.4 fps  infer 223.5 ms  persons 0  NO TARGET  -  steer +0.00 thr +0.00  L  +0 R  +0  
 4.4 fps  infer 223.9 ms  persons 0  NO TARGET  -  steer +0.00 thr +0.00  L  +0 R  +0  
 4.5 fps  infer 221.2 ms  persons 0  NO TARGET  -  steer +0.00 thr +0.00  L  +0 R  +0  
 4.4 fps  infer 228.3 ms  persons 0  NO TARGET  -  steer +0.00 thr +0.00  L  +0 R  +0  
 4.4 fps  infer 232.6 ms  persons 0  NO TARGET  -  steer +0.00 thr +0.00  L  +0 R  +0  
 4.4 fps  infer 227.2 ms  persons 0  NO TARGET  -  steer +0.00 thr +0.00  L  +0 R  +0  
 4.4 fps  infer 223.5 ms  persons 0  NO TARGET  -  steer +0.00 thr +0.00  L  +0 R  +0  
 4.4 fps  infer 226.5 ms  persons 0  NO TARGET  -  steer +0.00 thr +0.00  L  +0 R  +0  
 4.4 fps  infer 223.6 ms  persons 0  NO TARGET  -  steer +0.00 thr +0.00  L  +0 R  +0  
 4.5 fps  infer 219.8 ms  persons 0  NO TARGET  -  steer +0.00 thr +0.00  L  +0 R  +0  
 4.5 fps  infer 224.2 ms  persons 0  NO TARGET  -  steer +0.00 thr +0.00  L  +0 R  +0  
 4.5 fps  infer 218.9 ms  persons 0  NO TARGET  -  steer +0.00 thr +0.00  L  +0 R  +0  
 4.6 fps  infer 216.4 ms  persons 0  NO TARGET  -  steer +0.00 thr +0.00  L  +0 R  +0  
 4.5 fps  infer 221.1 ms  persons 0  NO TARGET  -  steer +0.00 thr +0.00  L  +0 R  +0  
 4.1 fps  infer 286.9 ms  persons 0  NO TARGET  -  steer +0.00 thr +0.00  L  +0 R  +0  
 3.9 fps  infer 299.4 ms  persons 0  NO TARGET  -  steer +0.00 thr +0.00  L  +0 R  +0  
 4.1 fps  infer 248.8 ms  persons 0  NO TARGET  -  steer +0.00 thr +0.00  L  +0 R  +0  
 3.9 fps  infer 329.3 ms  persons 0  NO TARGET  -  steer +0.00 thr +0.00  L  +0 R  +0  
 4.0 fps  infer 278.3 ms  persons 0  NO TARGET  -  steer +0.00 thr +0.00  L  +0 R  +0  
 4.0 fps  infer 257.5 ms  persons 0  NO TARGET  -  steer +0.00 thr +0.00  L  +0 R  +0  
 4.1 fps  infer 246.5 ms  persons 0  NO TARGET  -  steer +0.00 thr +0.00  L  +0 R  +0  
 4.1 fps  infer 245.3 ms  persons 0  NO TARGET  -  steer +0.00 thr +0.00  L  +0 R  +0  
 4.1 fps  infer 246.1 ms  persons 1  LOCKED id 1  edge cut, holding  steer +0.00 thr +0.00  L  +0 R  +0  
 4.0 fps  infer 251.8 ms  persons 0  SEARCHING id 1 0.8/10 s  -  steer +0.00 thr +0.00  L  +0 R  +0  
 4.0 fps  infer 253.6 ms  persons 0  SEARCHING id 1 1.9/10 s  -  steer +0.00 thr +0.00  L  +0 R  +0  
 4.0 fps  infer 251.1 ms  persons 0  SEARCHING id 1 2.9/10 s  -  steer +0.00 thr +0.00  L  +0 R  +0  
 3.9 fps  infer 259.7 ms  persons 1  LOCKED id 1  edge cut, holding  steer +0.00 thr +0.00  L  +0 R  +0  
 3.8 fps  infer 262.7 ms  persons 1  LOCKED id 1  right next to the rover - STOP  steer +0.00 thr +0.00  L  +0 R  +0  
 3.7 fps  infer 265.2 ms  persons 1  LOCKED id 1  right next to the rover - STOP  steer +0.00 thr +0.00  L  +0 R  +0  
 3.7 fps  infer 262.5 ms  persons 1  LOCKED id 1  right next to the rover - STOP  steer +0.00 thr +0.00  L  +0 R  +0  
 3.7 fps  infer 262.3 ms  persons 1  LOCKED id 1  edge cut, holding  steer +0.00 thr +0.00  L  +0 R  +0  
 3.7 fps  infer 264.5 ms  persons 1  LOCKED id 1  edge cut, holding  steer +0.00 thr +0.00  L  +0 R  +0  
 3.7 fps  infer 266.6 ms  persons 1  LOCKED id 1  edge cut, holding  steer +0.00 thr +0.00  L  +0 R  +0  
 3.7 fps  infer 265.3 ms  persons 0  SEARCHING id 1 0.3/10 s  -  steer +0.00 thr +0.00  L  +0 R  +0  
 3.7 fps  infer 272.3 ms  persons 0  SEARCHING id 1 1.4/10 s  -  steer +0.00 thr +0.00  L  +0 R  +0  
 3.6 fps  infer 283.5 ms  persons 0  SEARCHING id 1 2.6/10 s  -  steer +0.00 thr +0.00  L  +0 R  +0  
 3.6 fps  infer 279.2 ms  persons 0  SEARCHING id 1 3.8/10 s  -  steer +0.00 thr +0.00  L  +0 R  +0  
 3.6 fps  infer 273.6 ms  persons 1  LOCKED id 1  edge cut, holding  steer +0.00 thr +0.00  L  +0 R  +0  
 3.6 fps  infer 275.0 ms  persons 1  LOCKED id 1  right next to the rover - STOP  steer +0.00 thr +0.00  L  +0 R  +0  
 3.6 fps  infer 271.0 ms  persons 1  LOCKED id 1  right next to the rover - STOP  steer +0.00 thr +0.00  L  +0 R  +0  
 3.5 fps  infer 270.4 ms  persons 1  LOCKED id 1  right next to the rover - STOP  steer +0.00 thr +0.00  L  +0 R  +0  
 3.4 fps  infer 281.9 ms  persons 1  LOCKED id 1  edge cut, holding  steer +0.00 thr +0.00  L  +0 R  +0  
 3.5 fps  infer 276.5 ms  persons 0  SEARCHING id 1 0.9/10 s  -  steer +0.00 thr +0.00  L  +0 R  +0  
 3.6 fps  infer 272.0 ms  persons 0  SEARCHING id 1 2.0/10 s  -  steer +0.00 thr +0.00  L  +0 R  +0  
 3.6 fps  infer 278.0 ms  persons 0  SEARCHING id 1 3.2/10 s  -  steer +0.00 thr +0.00  L  +0 R  +0  
 3.6 fps  infer 276.2 ms  persons 1  LOCKED id 1  edge cut, holding  steer +0.00 thr +0.00  L  +0 R  +0  
 3.6 fps  infer 268.3 ms  persons 1  LOCKED id 1  right next to the rover - STOP  steer +0.00 thr +0.00  L  +0 R  +0  
 3.6 fps  infer 271.6 ms  persons 1  LOCKED id 1  edge cut, holding  steer +0.00 thr +0.00  L  +0 R  +0  
 3.6 fps  infer 268.0 ms  persons 1  LOCKED id 1  edge cut, holding  steer +0.00 thr +0.00  L  +0 R  +0  
 3.6 fps  infer 279.9 ms  persons 1  LOCKED id 1  edge cut, holding  steer +0.00 thr +0.00  L  +0 R  +0  
 3.5 fps  infer 279.9 ms  persons 1  LOCKED id 1  edge cut, holding  steer +0.00 thr +0.00  L  +0 R  +0  
 3.4 fps  infer 282.0 ms  persons 1  LOCKED id 1  right next to the rover - STOP  steer +0.00 thr +0.00  L  +0 R  +0  
 3.4 fps  infer 284.0 ms  persons 1  LOCKED id 1  right next to the rover - STOP  steer +0.00 thr +0.00  L  +0 R  +0  
 3.4 fps  infer 281.6 ms  persons 1  LOCKED id 1  edge cut, holding  steer +0.00 thr +0.00  L  +0 R  +0  
 3.5 fps  infer 282.9 ms  persons 0  SEARCHING id 1 0.9/10 s  -  steer +0.00 thr +0.00  L  +0 R  +0  
 3.4 fps  infer 290.9 ms  persons 1  LOCKED id 1  1.92 m (from width)  STOP  steer +0.00 thr +0.00  L  +0 R  +0  
 3.4 fps  infer 281.9 ms  persons 1  LOCKED id 1  1.84 m (from width)  STOP  steer +0.00 thr +0.00  L  +0 R  +0  
 3.4 fps  infer 283.9 ms  persons 1  LOCKED id 1  right next to the rover - STOP  steer +0.00 thr +0.00  L  +0 R  +0  
 3.3 fps  infer 291.1 ms  persons 1  LOCKED id 1  2.46 m (from width)  FOLLOW  steer +0.00 thr +0.65  L+129 R+129  
 3.3 fps  infer 294.1 ms  persons 1  LOCKED id 1  right next to the rover - STOP  steer +0.00 thr +0.00  L  +0 R  +0  
 3.3 fps  infer 292.9 ms  persons 1  LOCKED id 1  right next to the rover - STOP  steer +0.00 thr +0.00  L  +0 R  +0  
 3.2 fps  infer 305.3 ms  persons 0  SEARCHING id 1 0.3/10 s  -  steer +0.00 thr +0.00  L  +0 R  +0  
 3.3 fps  infer 299.6 ms  persons 1  LOCKED id 1  2.00 m  FOLLOW  steer +0.00 thr +0.35  L+110 R+110  
 3.4 fps  infer 286.0 ms  persons 0  SEARCHING id 1 0.6/10 s  -  steer +0.00 thr +0.00  L  +0 R  +0  
 3.4 fps  infer 286.5 ms  persons 0  SEARCHING id 1 1.8/10 s  -  steer +0.00 thr +0.00  L  +0 R  +0  
 3.4 fps  infer 294.6 ms  persons 1  LOCKED id 1  2.07 m (from width)  FOLLOW  steer +0.00 thr +0.40  L+114 R+114  
 3.3 fps  infer 293.0 ms  persons 1  LOCKED id 1  2.38 m (from width)  FOLLOW  steer +0.00 thr +0.62  L+127 R+127  
 3.2 fps  infer 301.3 ms  persons 1  LOCKED id 1  right next to the rover - STOP  steer +0.00 thr +0.00  L  +0 R  +0  
 3.3 fps  infer 291.2 ms  persons 1  LOCKED id 1  2.00 m  STOP  steer +0.00 thr +0.00  L  +0 R  +0  
 3.3 fps  infer 295.6 ms  persons 1  LOCKED id 1  2.00 m  STOP  steer +0.00 thr +0.00  L  +0 R  +0  
 3.3 fps  infer 292.2 ms  persons 1  LOCKED id 1  2.41 m (from width)  FOLLOW  steer +0.00 thr +0.74  L+134 R+134  
 3.4 fps  infer 291.1 ms  persons 0  SEARCHING id 1 1.3/10 s  -  steer +0.00 thr +0.00  L  +0 R  +0  
 3.3 fps  infer 303.0 ms  persons 0  SEARCHING id 1 0.3/10 s  -  steer +0.00 thr +0.00  L  +0 R  +0  
 3.4 fps  infer 287.7 ms  persons 0  SEARCHING id 1 1.5/10 s  -  steer +0.00 thr +0.00  L  +0 R  +0  
 3.4 fps  infer 290.6 ms  persons 0  SEARCHING id 1 2.7/10 s  -  steer +0.00 thr +0.00  L  +0 R  +0  
 3.4 fps  infer 291.8 ms  persons 0  SEARCHING id 1 4.0/10 s  -  steer +0.00 thr +0.00  L  +0 R  +0  
 3.4 fps  infer 283.7 ms  persons 1  LOCKED id 1  right next to the rover - STOP  steer +0.00 thr +0.00  L  +0 R  +0  
 3.4 fps  infer 287.1 ms  persons 1  LOCKED id 1  right next to the rover - STOP  steer +0.00 thr +0.00  L  +0 R  +0  
 3.4 fps  infer 287.1 ms  persons 0  SEARCHING id 1 0.6/10 s  -  steer +0.00 thr +0.00  L  +0 R  +0  
 3.5 fps  infer 288.5 ms  persons 0  SEARCHING id 1 1.8/10 s  -  steer +0.00 thr +0.00  L  +0 R  +0  
 3.4 fps  infer 296.2 ms  persons 0  SEARCHING id 1 3.0/10 s  -  steer +0.00 thr +0.00  L  +0 R  +0  
 3.4 fps  infer 303.1 ms  persons 0  SEARCHING id 1 4.0/10 s  -  steer +0.00 thr +0.00  L  +0 R  +0  
 3.3 fps  infer 309.5 ms  persons 0  SEARCHING id 1 5.3/10 s  -  steer +0.00 thr +0.00  L  +0 R  +0  
 3.3 fps  infer 301.8 ms  persons 0  SEARCHING id 1 0.3/10 s  -  steer +0.00 thr +0.00  L  +0 R  +0  
 3.3 fps  infer 313.6 ms  persons 0  SEARCHING id 1 1.3/10 s  -  steer +0.00 thr +0.00  L  +0 R  +0  
 3.2 fps  infer 317.7 ms  persons 0  SEARCHING id 1 2.7/10 s  -  steer +0.00 thr +0.00  L  +0 R  +0  
 3.2 fps  infer 317.6 ms  persons 0  SEARCHING id 1 3.7/10 s  -  steer +0.00 thr +0.00  L  +0 R  +0  
 3.1 fps  infer 315.9 ms  persons 1  LOCKED id 1  1.76 m (from width)  STOP  steer +0.00 thr +0.00  L  +0 R  +0  
 3.1 fps  infer 311.1 ms  persons 1  LOCKED id 1  1.74 m (from width)  STOP  steer +0.00 thr +0.00  L  +0 R  +0  
 3.1 fps  infer 316.3 ms  persons 1  LOCKED id 1  1.73 m (from width)  STOP  steer +0.00 thr +0.00  L  +0 R  +0  
 3.1 fps  infer 311.0 ms  persons 1  LOCKED id 1  1.73 m (from width)  STOP  steer +0.00 thr +0.00  L  +0 R  +0  
 3.1 fps  infer 304.4 ms  persons 1  LOCKED id 1  1.72 m (from width)  STOP  steer +0.00 thr +0.00  L  +0 R  +0  
 3.2 fps  infer 306.8 ms  persons 0  SEARCHING id 1 0.6/10 s  -  steer +0.00 thr +0.00  L  +0 R  +0  
 3.2 fps  infer 305.0 ms  persons 0  SEARCHING id 1 1.9/10 s  -  steer +0.00 thr +0.00  L  +0 R  +0  
 3.2 fps  infer 309.9 ms  persons 0  SEARCHING id 1 3.2/10 s  -  steer +0.00 thr +0.00  L  +0 R  +0  
 3.2 fps  infer 299.3 ms  persons 1  LOCKED id 1  1.71 m (from width)  STOP  steer +0.00 thr +0.00  L  +0 R  +0  
 3.3 fps  infer 299.8 ms  persons 1  LOCKED id 1  1.71 m (from width)  STOP  steer +0.00 thr +0.00  L  +0 R  +0  
 3.3 fps  infer 305.1 ms  persons 0  SEARCHING id 1 0.3/10 s  -  steer +0.00 thr +0.00  L  +0 R  +0  
 3.2 fps  infer 315.2 ms  persons 0  SEARCHING id 1 1.4/10 s  -  steer +0.00 thr +0.00  L  +0 R  +0  
 3.2 fps  infer 312.1 ms  persons 1  LOCKED id 1  1.99 m  STOP  steer +0.00 thr +0.00  L  +0 R  +0  
 3.3 fps  infer 296.0 ms  persons 0  SEARCHING id 1 0.6/10 s  -  steer +0.00 thr +0.00  L  +0 R  +0  
 3.3 fps  infer 300.1 ms  persons 0  SEARCHING id 1 1.8/10 s  -  steer +0.00 thr +0.00  L  +0 R  +0  
 3.3 fps  infer 308.4 ms  persons 1  LOCKED id 1  3.46 m (from width)  FOLLOW  steer +0.00 thr +1.00  L+150 R+150  
 3.2 fps  infer 316.9 ms  persons 1  LOCKED id 1  2.94 m (from width)  FOLLOW  steer +0.00 thr +1.00  L+150 R+150  
 3.1 fps  infer 317.2 ms  persons 1  LOCKED id 1  2.31 m (from width)  FOLLOW  steer +0.00 thr +0.48  L+118 R+118  
 3.1 fps  infer 321.3 ms  persons 1  LOCKED id 1  right next to the rover - STOP  steer +0.00 thr +0.00  L  +0 R  +0  
 3.1 fps  infer 316.5 ms  persons 1  LOCKED id 1  right next to the rover - STOP  steer +0.00 thr +0.00  L  +0 R  +0  
 3.1 fps  infer 316.4 ms  persons 1  LOCKED id 1  right next to the rover - STOP  steer +0.00 thr +0.00  L  +0 R  +0  
 3.1 fps  infer 323.4 ms  persons 0  SEARCHING id 1 0.3/10 s  -  steer +0.00 thr +0.00  L  +0 R  +0  
 3.1 fps  infer 317.4 ms  persons 0  SEARCHING id 1 0.4/10 s  -  steer +0.00 thr +0.00  L  +0 R  +0  
 3.1 fps  infer 322.0 ms  persons 0  SEARCHING id 1 1.7/10 s  -  steer +0.00 thr +0.00  L  +0 R  +0  
 3.1 fps  infer 318.5 ms  persons 1  LOCKED id 1  1.88 m (from width)  STOP  steer +0.00 thr +0.00  L  +0 R  +0  
 3.0 fps  infer 316.3 ms  persons 1  LOCKED id 1  1.83 m (from width)  STOP  steer +0.00 thr +0.00  L  +0 R  +0  
 3.0 fps  infer 321.4 ms  persons 1  LOCKED id 1  1.80 m (from width)  STOP  steer +0.00 thr +0.00  L  +0 R  +0  
 3.0 fps  infer 328.4 ms  persons 0  SEARCHING id 1 1.1/10 s  -  steer +0.00 thr +0.00  L  +0 R  +0  
 3.0 fps  infer 328.5 ms  persons 0  SEARCHING id 1 2.1/10 s  -  steer +0.00 thr +0.00  L  +0 R  +0  
 3.0 fps  infer 341.3 ms  persons 0  SEARCHING id 1 3.2/10 s  -  steer +0.00 thr +0.00  L  +0 R  +0  
 2.9 fps  infer 345.4 ms  persons 0  SEARCHING id 1 4.4/10 s  -  steer +0.00 thr +0.00  L  +0 R  +0  
 3.0 fps  infer 331.5 ms  persons 0  SEARCHING id 1 5.4/10 s  -  steer +0.00 thr +0.00  L  +0 R  +0  
 3.1 fps  infer 320.1 ms  persons 0  SEARCHING id 1 6.7/10 s  -  steer +0.00 thr +0.00  L  +0 R  +0  
 3.1 fps  infer 313.3 ms  persons 1  LOCKED id 1  2.03 m (from width)  FOLLOW  steer +0.00 thr +0.37  L+112 R+112  
 3.1 fps  infer 316.9 ms  persons 0  SEARCHING id 1 0.4/10 s  -  steer +0.00 thr +0.00  L  +0 R  +0  
 3.0 fps  infer 320.1 ms  persons 1  LOCKED id 1  1.96 m (from width)  STOP  steer +0.00 thr +0.00  L  +0 R  +0  
 3.0 fps  infer 320.1 ms  persons 1  LOCKED id 1  right next to the rover - STOP  steer +0.00 thr +0.00  L  +0 R  +0  
 3.0 fps  infer 319.6 ms  persons 1  LOCKED id 1  right next to the rover - STOP  steer +0.00 thr +0.00  L  +0 R  +0  
 3.0 fps  infer 323.1 ms  persons 1  LOCKED id 1  3.01 m (from width)  FOLLOW  steer +0.00 thr +1.00  L+150 R+150  
 3.0 fps  infer 321.9 ms  persons 1  LOCKED id 1  3.41 m (from width)  FOLLOW  steer +0.00 thr +1.00  L+150 R+150  
 3.0 fps  infer 327.6 ms  persons 1  LOCKED id 1  right next to the rover - STOP  steer +0.00 thr +0.00  L  +0 R  +0  
 2.9 fps  infer 337.0 ms  persons 1  LOCKED id 1  3.36 m (from width)  FOLLOW  steer +0.00 thr +1.00  L+150 R+150  
 2.9 fps  infer 331.5 ms  persons 1  LOCKED id 1  right next to the rover - STOP  steer +0.00 thr +0.00  L  +0 R  +0  
 3.0 fps  infer 322.7 ms  persons 1  LOCKED id 1  3.96 m (from width)  FOLLOW  steer +0.00 thr +1.00  L+150 R+150  
 3.0 fps  infer 323.9 ms  persons 1  LOCKED id 1  right next to the rover - STOP  steer +0.00 thr +0.00  L  +0 R  +0  
 3.0 fps  infer 322.1 ms  persons 1  LOCKED id 1  5.04 m (from width)  FOLLOW  steer +0.00 thr +1.00  L+150 R+150  
 3.0 fps  infer 323.4 ms  persons 1  LOCKED id 1  5.14 m (from width)  FOLLOW  steer +0.00 thr +1.00  L+150 R+150  
 3.0 fps  infer 320.2 ms  persons 1  LOCKED id 1  right next to the rover - STOP  steer +0.00 thr +0.00  L  +0 R  +0  
 3.0 fps  infer 316.8 ms  persons 1  LOCKED id 1  right next to the rover - STOP  steer +0.00 thr +0.00  L  +0 R  +0  
 3.0 fps  infer 322.5 ms  persons 1  LOCKED id 1  4.82 m (from width)  FOLLOW  steer +0.00 thr +1.00  L+150 R+150  
 3.0 fps  infer 328.9 ms  persons 1  LOCKED id 1  right next to the rover - STOP  steer +0.00 thr +0.00  L  +0 R  +0  
 3.0 fps  infer 326.1 ms  persons 1  LOCKED id 1  right next to the rover - STOP  steer +0.00 thr +0.00  L  +0 R  +0  
 3.0 fps  infer 320.7 ms  persons 1  LOCKED id 1  5.82 m (from w