# follow  2026-09-11 15:12:32  rpi5  temp=51.5'C
# $ /home/rasp/rover-venv/bin/python -u follow_rover.py --source rtsp://192.168.1.11:554 --port auto --ref-dist 2 --ref-height 379
follow_rover: model=yolo11n.pt imgsz=320 source=rtsp://192.168.1.11:554 transport=tcp cap=640x480 flip=False rotate=cw acquire_conf=0.6 lost_timeout=10.0 reid_dist=0.3 target_dist=2.0 ref_dist=2.0 ref_height=379.0 vfov=50.0 port=auto max_pwm=150 min_pwm=90 steer=False band=0.3 hold=1.5 calibrate=False show=False view=8080
stream: connected to rtsp://192.168.1.11:554 (640x360)
camera started: rtsp://192.168.1.11:554
model loaded yolo11n.pt
rover link /dev/ttyUSB1 (ESP32 firmware answered)
live view: http://<pi-address>:8080/
 0.0 fps  infer 4400.9 ms  persons 1  LOCKED id 1  2.06 m  steer +0.00 thr +0.00  L  +0 R  +0  
 0.1 fps  infer 3663.8 ms  persons 1  LOCKED id 1  2.05 m  steer +0.00 thr +0.00  L  +0 R  +0  
 0.4 fps  infer 2568.1 ms  persons 1  LOCKED id 1  2.05 m  steer +0.00 thr +0.00  L  +0 R  +0  
 0.6 fps  infer 1865.5 ms  persons 1  LOCKED id 1  2.05 m  steer +0.00 thr +0.00  L  +0 R  +0  
 0.8 fps  infer 1417.2 ms  persons 1  LOCKED id 1  2.05 m  steer +0.00 thr +0.00  L  +0 R  +0  
 1.0 fps  infer 1130.6 ms  persons 1  LOCKED id 1  2.05 m  steer +0.00 thr +0.00  L  +0 R  +0  
 1.1 fps  infer 949.1 ms  persons 1  LOCKED id 1  2.06 m  steer +0.00 thr +0.00  L  +0 R  +0  
 1.2 fps  infer 830.9 ms  persons 1  LOCKED id 1  2.07 m  steer +0.00 thr +0.00  L  +0 R  +0  
 1.3 fps  infer 757.9 ms  persons 1  LOCKED id 1  2.09 m  steer +0.00 thr +0.00  L  +0 R  +0  
 1.3 fps  infer 709.1 ms  persons 1  LOCKED id 1  2.09 m  steer +0.00 thr +0.00  L  +0 R  +0  
 1.4 fps  infer 677.0 ms  persons 1  LOCKED id 1  2.06 m  steer +0.00 thr +0.00  L  +0 R  +0  
 1.4 fps  infer 660.8 ms  persons 1  LOCKED id 1  2.06 m  steer +0.00 thr +0.00  L  +0 R  +0  
 1.4 fps  infer 645.6 ms  persons 1  LOCKED id 1  2.06 m  steer +0.00 thr +0.00  L  +0 R  +0  
 1.5 fps  infer 634.4 ms  persons 1  LOCKED id 1  2.05 m  steer +0.00 thr +0.00  L  +0 R  +0  
 1.5 fps  infer 630.1 ms  persons 1  LOCKED id 1  2.05 m  steer +0.00 thr +0.00  L  +0 R  +0  
 1.5 fps  infer 643.4 ms  persons 1  LOCKED id 1  1.62 m  steer +0.00 thr -0.26  L-105 R-105  
 1.5 fps  infer 635.1 ms  persons 1  LOCKED id 1  1.26 m (from width)  steer +0.00 thr -0.54  L-122 R-122  
 1.5 fps  infer 629.0 ms  persons 1  LOCKED id 1  1.23 m (from width)  steer +0.00 thr -0.53  L-122 R-122  
 1.5 fps  infer 627.8 ms  persons 1  LOCKED id 1  1.98 m  steer +0.00 thr +0.00  L  +0 R  +0  
 1.5 fps  infer 625.4 ms  persons 1  LOCKED id 1  2.30 m  steer +0.00 thr +0.00  L  +0 R  +0  
 1.6 fps  infer 622.7 ms  persons 1  LOCKED id 1  2.33 m  steer +0.00 thr +0.23  L+103 R+103  
 1.6 fps  infer 620.9 ms  persons 1  LOCKED id 1  2.03 m  steer +0.00 thr +0.00  L  +0 R  +0  
 1.6 fps  infer 619.4 ms  persons 1  LOCKED id 1  1.82 m  steer +0.00 thr +0.00  L  +0 R  +0  
 1.6 fps  infer 617.9 ms  persons 1  LOCKED id 1  1.77 m  steer +0.00 thr +0.00  L  +0 R  +0  
 1.6 fps  infer 619.8 ms  persons 1  LOCKED id 1  1.34 m  steer +0.00 thr -0.49  L-119 R-119  
 1.6 fps  infer 641.3 ms  persons 1  LOCKED id 1  1.19 m (from width)  steer +0.00 thr -0.55  L-123 R-123  
 1.5 fps  infer 646.4 ms  persons 1  LOCKED id 1  1.81 m  steer +0.00 thr +0.00  L  +0 R  +0  
 1.6 fps  infer 636.2 ms  persons 1  LOCKED id 1  2.24 m  steer +0.00 thr +0.00  L  +0 R  +0  
 1.6 fps  infer 627.7 ms  persons 1  LOCKED id 1  2.32 m  steer +0.00 thr +0.22  L+103 R+103  
 1.6 fps  infer 625.6 ms  persons 1  LOCKED id 1  2.20 m  steer +0.00 thr +0.00  L  +0 R  +0  
 1.6 fps  infer 621.8 ms  persons 1  LOCKED id 1  1.85 m  steer +0.00 thr +0.00  L  +0 R  +0  
 1.6 fps  infer 622.3 ms  persons 1  LOCKED id 1  1.62 m  steer +0.00 thr -0.27  L-105 R-105  
 1.6 fps  infer 625.4 ms  persons 1  LOCKED id 1  1.37 m (from width)  steer +0.00 thr -0.45  L-117 R-117  
 1.6 fps  infer 625.3 ms  persons 1  LOCKED id 1  1.90 m  steer +0.00 thr +0.00  L  +0 R  +0  
 1.6 fps  infer 621.5 ms  persons 1  LOCKED id 1  2.25 m  steer +0.00 thr +0.00  L  +0 R  +0  
 1.6 fps  infer 621.0 ms  persons 1  LOCKED id 1  2.28 m  steer +0.00 thr +0.00  L  +0 R  +0  
 1.6 fps  infer 620.1 ms  persons 1  LOCKED id 1  2.25 m  steer +0.00 thr +0.00  L  +0 R  +0  
 1.6 fps  infer 620.5 ms  persons 1  LOCKED id 1  2.24 m  steer +0.00 thr +0.00  L  +0 R  +0  
 1.6 fps  infer 619.7 ms  persons 1  LOCKED id 1  2.23 m  steer +0.00 thr +0.00  L  +0 R  +0  
 1.6 fps  infer 617.3 ms  persons 1  LOCKED id 1  2.25 m  steer +0.00 thr +0.00  L  +0 R  +0  
 1.6 fps  infer 626.1 ms  persons 1  LOCKED id 1  2.23 m  steer +0.00 thr +0.00  L  +0 R  +0  
 1.6 fps  infer 621.9 ms  persons 1  LOCKED id 1  2.22 m  steer +0.00 thr +0.00  L  +0 R  +0  
 1.6 fps  infer 619.4 ms  persons 1  LOCKED id 1  2.22 m  steer +0.00 thr +0.00  L  +0 R  +0  
WARNING no camera frame for 1.0 s - motors stopped
stream: dropping late frames (1.4 s behind)
 1.6 fps  infer 619.8 ms  persons 1  LOCKED id 1  2.32 m  steer +0.00 thr +0.22  L+103 R+103  
 1.6 fps  infer 622.4 ms  persons 1  LOCKED id 1  2.22 m  steer +0.00 thr +0.00  L  +0 R  +0  
 1.6 fps  infer 623.4 ms  persons 1  LOCKED id 1  1.85 m  steer +0.00 thr +0.00  L  +0 R  +0  
 1.6 fps  infer 624.9 ms  persons 1  LOCKED id 1  1.78 m  steer +0.00 thr +0.00  L  +0 R  +0  
 1.6 fps  infer 641.9 ms  persons 1  LOCKED id 1  1.76 m  steer +0.00 thr +0.00  L  +0 R  +0  
 1.6 fps  infer 638.4 ms  persons 1  LOCKED id 1  1.75 m  steer +0.00 thr +0.00  L  +0 R  +0  
 1.6 fps  infer 636.1 ms  persons 1  LOCKED id 1  1.72 m  steer +0.00 thr +0.00  L  +0 R  +0  
 1.6 fps  infer 632.3 ms  persons 1  LOCKED id 1  1.63 m  steer +0.00 thr -0.27  L-106 R-106  
 1.6 fps  infer 630.2 ms  persons 1  LOCKED id 1  1.86 m  steer +0.00 thr +0.00  L  +0 R  +0  
 1.6 fps  infer 628.4 ms  persons 1  LOCKED id 1  2.09 m  steer +0.00 thr +0.00  L  +0 R  +0  
 1.6 fps  infer 624.3 ms  persons 1  LOCKED id 1  2.12 m  steer +0.00 thr +0.00  L  +0 R  +0  
 1.6 fps  infer 623.0 ms  persons 1  LOCKED id 1  2.11 m  steer +0.00 thr +0.00  L  +0 R  +0  
 1.6 fps  infer 621.9 ms  persons 1  LOCKED id 1  2.13 m  steer +0.00 thr +0.00  L  +0 R  +0  
 1.6 fps  infer 624.3 ms  persons 1  LOCKED id 1  2.14 m  steer +0.00 thr +0.00  L  +0 R  +0  
 1.6 fps  infer 622.8 ms  persons 1  LOCKED id 1  2.12 m  steer +0.00 thr +0.00  L  +0 R  +0  
 1.6 fps  infer 619.8 ms  persons 1  LOCKED id 1  2.11 m  steer +0.00 thr +0.00  L  +0 R  +0  
 1.6 fps  infer 623.1 ms  persons 1  LOCKED id 1  2.12 m  steer +0.00 thr +0.00  L  +0 R  +0  
 1.6 fps  infer 622.7 ms  persons 1  LOCKED id 1  2.15 m  steer +0.00 thr +0.00  L  +0 R  +0  
 1.6 fps  infer 620.8 ms  persons 1  LOCKED id 1  2.19 m  steer +0.00 thr +0.00  L  +0 R  +0  
 1.6 fps  infer 618.9 ms  persons 0  SEARCHING id 1 0.6/10 s  -  steer +0.00 thr +0.00  L  +0 R  +0  
 1.6 fps  infer 620.4 ms  persons 1  LOCKED id 1  2.16 m  steer +0.00 thr +0.00  L  +0 R  +0  
 1.6 fps  infer 623.6 ms  persons 1  LOCKED id 1  2.14 m  steer +0.00 thr +0.00  L  +0 R  +0  
 1.6 fps  infer 639.0 ms  persons 1  LOCKED id 1  2.17 m  steer +0.00 thr +0.00  L  +0 R  +0  
 1.6 fps  infer 626.8 ms  persons 1  LOCKED id 1  2.18 m  steer +0.00 thr +0.00  L  +0 R  +0  
 1.6 fps  infer 622.2 ms  persons 1  LOCKED id 1  2.13 m  steer +0.00 thr +0.00  L  +0 R  +0  
 1.6 fps  infer 622.2 ms  persons 1  LOCKED id 1  1.82 m  steer +0.00 thr +0.00  L  +0 R  +0  
 1.6 fps  infer 628.9 ms  persons 1  LOCKED id 1  1.53 m  steer +0.00 thr -0.34  L-110 R-110  
 1.6 fps  infer 627.4 ms  persons 0  SEARCHING id 1 0.6/10 s  -  steer +0.00 thr +0.00  L  +0 R  +0  
 1.6 fps  infer 653.3 ms  persons 0  SEARCHING id 1 2.0/10 s  -  steer +0.00 thr +0.00  L  +0 R  +0  
# exit 0  2026-09-11 15:14:51
