# follow  2026-09-11 15:27:54  rpi5  temp=55.8'C
# $ /home/rasp/rover-venv/bin/python -u follow_rover.py --source rtsp://192.168.1.11:554 --port auto --ref-dist 2 --ref-height 379
follow_rover: model=auto imgsz=320 source=rtsp://192.168.1.11:554 transport=tcp cap=640x480 flip=False rotate=cw acquire_conf=0.6 lost_timeout=10.0 reid_dist=0.3 target_dist=1.0 ref_dist=2.0 ref_height=379.0 vfov=50.0 port=auto max_pwm=150 min_pwm=90 steer=False band=0.25 hold=1.5 calibrate=False show=False view=8080
stream: connected to rtsp://192.168.1.11:554 (640x360)
camera started: rtsp://192.168.1.11:554
model loaded yolo11n_320x192.onnx, input [320, 192]
rover link /dev/ttyUSB1 (ESP32 firmware answered)
live view: http://<pi-address>:8080/
Loading yolo11n_320x192.onnx for ONNX Runtime inference...
Using ONNX Runtime 1.30.0 with CPUExecutionProvider
 0.0 fps  infer 4276.0 ms  persons 0  NO TARGET  -  steer +0.00 thr +0.00  L  +0 R  +0  
 0.2 fps  infer 3524.8 ms  persons 0  NO TARGET  -  steer +0.00 thr +0.00  L  +0 R  +0  
 1.1 fps  infer 1936.1 ms  persons 1  LOCKED id 1  1.47 m (from width)  steer +0.00 thr +0.33  L+109 R+109  
 1.9 fps  infer 960.6 ms  persons 1  LOCKED id 1  1.65 m (from width)  steer +0.00 thr +0.50  L+120 R+120  
 2.5 fps  infer 556.6 ms  persons 1  LOCKED id 1  1.42 m (from width)  steer +0.00 thr +0.27  L+106 R+106  
 2.8 fps  infer 387.8 ms  persons 1  LOCKED id 1  1.13 m (from width)  steer +0.00 thr +0.00  L  +0 R  +0  
 3.1 fps  infer 318.3 ms  persons 1  LOCKED id 1  1.08 m (from width)  steer +0.00 thr +0.00  L  +0 R  +0  
 3.3 fps  infer 295.1 ms  persons 1  LOCKED id 1  1.20 m  steer +0.00 thr +0.00  L  +0 R  +0  
 3.4 fps  infer 278.0 ms  persons 1  LOCKED id 1  1.20 m  steer +0.00 thr +0.00  L  +0 R  +0  
 3.6 fps  infer 266.7 ms  persons 0  SEARCHING id 1 1.1/10 s  -  steer +0.00 thr +0.00  L  +0 R  +0  
 3.7 fps  infer 250.3 ms  persons 1  LOCKED id 1  1.02 m (from width)  steer +0.00 thr +0.00  L  +0 R  +0  
 3.8 fps  infer 250.4 ms  persons 0  SEARCHING id 1 0.3/10 s  -  steer +0.00 thr +0.00  L  +0 R  +0  
 3.8 fps  infer 251.8 ms  persons 1  LOCKED id 1  1.44 m  steer +0.00 thr +0.22  L+103 R+103  
 3.7 fps  infer 267.5 ms  persons 1  LOCKED id 1  1.44 m (from width)  steer +0.00 thr +0.35  L+111 R+111  
 3.7 fps  infer 266.8 ms  persons 0  SEARCHING id 1 1.1/10 s  -  steer +0.00 thr +0.00  L  +0 R  +0  
 3.8 fps  infer 263.1 ms  persons 0  SEARCHING id 1 2.3/10 s  -  steer +0.00 thr +0.00  L  +0 R  +0  
 3.8 fps  infer 262.8 ms  persons 0  SEARCHING id 1 3.4/10 s  -  steer +0.00 thr +0.00  L  +0 R  +0  
 3.8 fps  infer 258.3 ms  persons 0  SEARCHING id 1 4.4/10 s  -  steer +0.00 thr +0.00  L  +0 R  +0  
 3.9 fps  infer 249.3 ms  persons 1  LOCKED id 1  1.17 m (from width)  steer +0.00 thr +0.00  L  +0 R  +0  
stream: dropping late frames (0.6 s behind)
 3.9 fps  infer 262.7 ms  persons 1  LOCKED id 1  1.19 m  steer +0.00 thr +0.00  L  +0 R  +0  
 3.8 fps  infer 267.9 ms  persons 1  LOCKED id 1  1.13 m (from width)  steer +0.00 thr +0.00  L  +0 R  +0  
 3.8 fps  infer 258.7 ms  persons 0  SEARCHING id 1 0.3/10 s  -  steer +0.00 thr +0.00  L  +0 R  +0  
 3.8 fps  infer 257.5 ms  persons 0  SEARCHING id 1 1.3/10 s  -  steer +0.00 thr +0.00  L  +0 R  +0  
 3.7 fps  infer 273.4 ms  persons 1  SEARCHING id 1 2.5/10 s  reid best 0.76  -  steer +0.00 thr +0.00  L  +0 R  +0  
 3.6 fps  infer 282.8 ms  persons 1  SEARCHING id 1 3.7/10 s  reid best 0.78  -  steer +0.00 thr +0.00  L  +0 R  +0  
 3.6 fps  infer 275.9 ms  persons 1  SEARCHING id 1 4.9/10 s  reid best 0.78  -  steer +0.00 thr +0.00  L  +0 R  +0  
 3.5 fps  infer 285.4 ms  persons 1  SEARCHING id 1 6.1/10 s  reid best 0.78  -  steer +0.00 thr +0.00  L  +0 R  +0  
 3.6 fps  infer 278.5 ms  persons 1  SEARCHING id 1 7.2/10 s  reid best 0.79  -  steer +0.00 thr +0.00  L  +0 R  +0  
 3.3 fps  infer 332.2 ms  persons 1  SEARCHING id 1 8.5/10 s  reid best 0.77  -  steer +0.00 thr +0.00  L  +0 R  +0  
 3.4 fps  infer 296.5 ms  persons 1  SEARCHING id 1 9.7/10 s  reid best 0.72  -  steer +0.00 thr +0.00  L  +0 R  +0  
 3.4 fps  infer 292.2 ms  persons 1  LOCKED id 2  1.80 m (from width)  steer +0.00 thr +0.56  L+123 R+123  
 3.3 fps  infer 296.2 ms  persons 1  LOCKED id 2  1.72 m (from width)  steer +0.00 thr +0.50  L+119 R+119  
 3.4 fps  infer 288.2 ms  persons 1  SEARCHING id 2 0.3/10 s  reid best 0.58  -  steer +0.00 thr +0.00  L  +0 R  +0  
 3.3 fps  infer 306.0 ms  persons 1  SEARCHING id 2 1.6/10 s  reid best 0.65  -  steer +0.00 thr +0.00  L  +0 R  +0  
 3.2 fps  infer 311.9 ms  persons 1  SEARCHING id 2 2.7/10 s  reid best 0.63  -  steer +0.00 thr +0.00  L  +0 R  +0  
 3.2 fps  infer 303.9 ms  persons 1  SEARCHING id 2 4.0/10 s  reid best 0.65  -  steer +0.00 thr +0.00  L  +0 R  +0  
 3.2 fps  infer 302.6 ms  persons 1  SEARCHING id 2 5.0/10 s  reid best 0.64  -  steer +0.00 thr +0.00  L  +0 R  +0  
 3.2 fps  infer 297.3 ms  persons 1  SEARCHING id 2 6.3/10 s  reid best 0.63  -  steer +0.00 thr +0.00  L  +0 R  +0  
 3.2 fps  infer 304.8 ms  persons 1  SEARCHING id 2 7.4/10 s  reid best 0.63  -  steer +0.00 thr +0.00  L  +0 R  +0  
 3.2 fps  infer 298.8 ms  persons 1  SEARCHING id 2 8.6/10 s  reid best 0.62  -  steer +0.00 thr +0.00  L  +0 R  +0  
 3.2 fps  infer 294.6 ms  persons 1  SEARCHING id 2 9.9/10 s  reid best 0.63  -  steer +0.00 thr +0.00  L  +0 R  +0  
 3.3 fps  infer 287.7 ms  persons 1  LOCKED id 1  0.99 m (from width)  steer +0.00 thr +0.00  L  +0 R  +0  
WARNING no camera frame for 1.0 s - motors stopped
stream: dropping late frames (1.6 s behind)
 3.4 fps  infer 273.1 ms  persons 1  LOCKED id 1  0.99 m (from width)  steer +0.00 thr +0.00  L  +0 R  +0  
 3.5 fps  infer 270.6 ms  persons 1  LOCKED id 1  1.19 m  steer +0.00 thr +0.00  L  +0 R  +0  
 3.4 fps  infer 281.6 ms  persons 1  LOCKED id 1  1.03 m (from width)  steer +0.00 thr +0.00  L  +0 R  +0  
 3.3 fps  infer 294.5 ms  persons 1  LOCKED id 1  1.06 m (from width)  steer +0.00 thr +0.00  L  +0 R  +0  
 3.3 fps  infer 294.0 ms  persons 1  LOCKED id 1  1.20 m  steer +0.00 thr +0.00  L  +0 R  +0  
 3.2 fps  infer 303.8 ms  persons 1  LOCKED id 1  1.20 m  steer +0.00 thr +0.00  L  +0 R  +0  
 3.2 fps  infer 310.9 ms  persons 1  LOCKED id 1  1.20 m  steer +0.00 thr +0.00  L  +0 R  +0  
 3.2 fps  infer 307.2 ms  persons 1  LOCKED id 1  1.28 m (from width)  steer +0.00 thr +0.19  L+101 R+101  
 3.2 fps  infer 312.6 ms  persons 0  SEARCHING id 1 0.7/10 s  -  steer +0.00 thr +0.00  L  +0 R  +0  
 3.3 fps  infer 298.4 ms  persons 0  SEARCHING id 1 1.9/10 s  -  steer +0.00 thr +0.00  L  +0 R  +0  
 3.1 fps  infer 341.8 ms  persons 0  SEARCHING id 1 3.2/10 s  -  steer +0.00 thr +0.00  L  +0 R  +0  
 3.1 fps  infer 334.5 ms  persons 0  SEARCHING id 1 4.4/10 s  -  steer +0.00 thr +0.00  L  +0 R  +0  
 3.2 fps  infer 315.4 ms  persons 0  SEARCHING id 1 5.6/10 s  -  steer +0.00 thr +0.00  L  +0 R  +0  
 3.1 fps  infer 320.0 ms  persons 0  SEARCHING id 1 7.0/10 s  -  steer +0.00 thr +0.00  L  +0 R  +0  
 3.1 fps  infer 324.8 ms  persons 0  SEARCHING id 1 8.0/10 s  -  steer +0.00 thr +0.00  L  +0 R  +0  
 3.1 fps  infer 317.3 ms  persons 0  SEARCHING id 1 9.3/10 s  -  steer +0.00 thr +0.00  L  +0 R  +0  
 3.2 fps  infer 314.6 ms  persons 0  NO TARGET  -  steer +0.00 thr +0.00  L  +0 R  +0  
 3.2 fps  infer 317.6 ms  persons 0  NO TARGET  -  steer +0.00 thr +0.00  L  +0 R  +0  
 3.1 fps  infer 321.6 ms  persons 0  NO TARGET  -  steer +0.00 thr +0.00  L  +0 R  +0  
 3.1 fps  infer 320.9 ms  persons 0  NO TARGET  -  steer +0.00 thr +0.00  L  +0 R  +0  
 3.2 fps  infer 313.4 ms  persons 0  NO TARGET  -  steer +0.00 thr +0.00  L  +0 R  +0  
 3.2 fps  infer 316.4 ms  persons 0  NO TARGET  -  steer +0.00 thr +0.00  L  +0 R  +0  
 3.1 fps  infer 318.5 ms  persons 0  NO TARGET  -  steer +0.00 thr +0.00  L  +0 R  +0  
 3.2 fps  infer 307.0 ms  persons 0  NO TARGET  -  steer +0.00 thr +0.00  L  +0 R  +0  
 3.2 fps  infer 308.7 ms  persons 0  NO TARGET  -  steer +0.00 thr +0.00  L  +0 R  +0  
 3.2 fps  infer 322.5 ms  persons 0  NO TARGET  -  steer +0.00 thr +0.00  L  +0 R  +0  
 3.1 fps  infer 327.2 ms  persons 0  NO TARGET  -  steer +0.00 thr +0.00  L  +0 R  +0  
 3.1 fps  infer 319.8 ms  persons 0  NO TARGET  -  steer +0.00 thr +0.00  L  +0 R  +0  
 3.2 fps  infer 312.5 ms  persons 0  NO TARGET  -  steer +0.00 thr +0.00  L  +0 R  +0  
 3.2 fps  infer 311.3 ms  persons 0  NO TARGET  -  steer +0.00 thr +0.00  L  +0 R  +0  
 3.2 fps  infer 306.6 ms  persons 0  NO TARGET  -  steer +0.00 thr +0.00  L  +0 R  +0  
 3.3 fps  infer 293.1 ms  persons 0  NO TARGET  -  steer +0.00 thr +0.00  L  +0 R  +0  
 3.4 fps  infer 291.5 ms  persons 0  NO TARGET  -  steer +0.00 thr +0.00  L  +0 R  +0  
 3.3 fps  infer 298.3 ms  persons 0  NO TARGET  -  steer +0.00 thr +0.00  L  +0 R  +0  
 3.3 fps  infer 298.7 ms  persons 0  NO TARGET  -  steer +0.00 thr +0.00  L  +0 R  +0  
 3.1 fps  infer 376.1 ms  persons 0  NO TARGET  -  steer +0.00 thr +0.00  L  +0 R  +0  
 3.2 fps  infer 330.5 ms  persons 0  NO TARGET  -  steer +0.00 thr +0.00  L  +0 R  +0  
 3.3 fps  infer 302.7 ms  persons 0  NO TARGET  -  steer +0.00 thr +0.00  L  +0 R  +0  
 3.4 fps  infer 296.1 ms  persons 0  NO TARGET  -  steer +0.00 thr +0.00  L  +0 R  +0  
 3.3 fps  infer 304.8 ms  persons 0  NO TARGET  -  steer +0.00 thr +0.00  L  +0 R  +0  
 3.3 fps  infer 307.9 ms  persons 0  NO TARGET  -  steer +0.00 thr +0.00  L  +0 R  +0  
 3.2 fps  infer 311.4 ms  persons 0  NO TARGET  -  steer +0.00 thr +0.00  L  +0 R  +0  
 3.2 fps  infer 309.5 ms  persons 0  NO TARGET  -  steer +0.00 thr +0.00  L  +0 R  +0  
 3.3 fps  infer 306.5 ms  persons 0  NO TARGET  -  steer +0.00 thr +0.00  L  +0 R  +0  
 3.3 fps  infer 308.2 ms  persons 0  NO TARGET  -  steer +0.00 thr +0.00  L  +0 R  +0  
 3.4 fps  infer 291.4 ms  persons 0  NO TARGET  -  steer +0.00 thr +0.00  L  +0 R  +0  
WARNING no camera frame for 1.0 s - motors stopped
stream: dropping late frames (1.1 s behind)
 3.4 fps  infer 291.1 ms  persons 0  NO TARGET  -  steer +0.00 thr +0.00  L  +0 R  +0  
 3.4 fps  infer 290.4 ms  persons 0  NO TARGET  -  steer +0.00 thr +0.00  L  +0 R  +0  
 3.4 fps  infer 295.8 ms  persons 0  NO TARGET  -  steer +0.00 thr +0.00  L  +0 R  +0  
 3.4 fps  infer 294.3 ms  persons 0  NO TARGET  -  steer +0.00 thr +0.00  L  +0 R  +0  
 3.4 fps  infer 301.9 ms  persons 0  NO TARGET  -  steer +0.00 thr +0.00  L  +0 R  +0  
 3.3 fps  infer 304.4 ms  persons 0  NO TARGET  -  steer +0.00 thr +0.00  L  +0 R  +0  
 3.2 fps  infer 316.0 ms  persons 0  NO TARGET  -  steer +0.00 thr +0.00  L  +0 R  +0  
 3.2 fps  infer 319.5 ms  persons 0  NO TARGET  -  steer +0.00 thr +0.00  L  +0 R  +0  
 3.2 fps  infer 318.2 ms  persons 0  NO TARGET  -  steer +0.00 thr +0.00  L  +0 R  +0  
 3.2 fps  infer 318.4 ms  persons 0  NO TARGET  -  steer +0.00 thr +0.00  L  +0 R  +0  
 3.1 fps  infer 326.2 ms  persons 0  NO TARGET  -  steer +0.00 thr +0.00  L  +0 R  +0  
 3.2 fps  infer 317.9 ms  persons 0  NO TARGET  -  steer +0.00 thr +0.00  L  +0 R  +0  
 3.3 fps  infer 306.3 ms  persons 0  NO TARGET  -  steer +0.00 thr +0.00  L  +0 R  +0  
 3.3 fps  infer 306.9 ms  persons 0  NO TARGET  -  steer +0.00 thr +0.00  L  +0 R  +0  
 3.1 fps  infer 348.9 ms  persons 0  NO TARGET  -  steer +0.00 thr +0.00  L  +0 R  +0  
 3.0 fps  infer 357.8 ms  persons 0  NO TARGET  -  steer +0.00 thr +0.00  L  +0 R  +0  
 3.1 fps  infer 327.5 ms  persons 0  NO TARGET  -  steer +0.00 thr +0.00  L  +0 R  +0  
 3.2 fps  infer 313.5 ms  persons 0  NO TARGET  -  steer +0.00 thr +0.00  L  +0 R  +0  
 3.1 fps  infer 333.7 ms  persons 0  NO TARGET  -  steer +0.00 thr +0.00  L  +0 R  +0  
 3.0 fps  infer 341.5 ms  persons 0  NO TARGET  -  steer +0.00 thr +0.00  L  +0 R  +0  
 3.0 fps  infer 337.5 ms  persons 0  NO TARGET  -  steer +0.00 thr +0.00  L  +0 R  +0  
 3.0 fps  infer 336.8 ms  persons 0  NO TARGET  -  steer +0.00 thr +0.00  L  +0 R  +0  
 3.1 fps  infer 325.8 ms  persons 0  NO TARGET  -  steer +0.00 thr +0.00  L  +0 R  +0  
 3.1 fps  infer 322.6 ms  persons 0  NO TARGET  -  steer +0.00 thr +0.00  L  +0 R  +0  
 3.1 fps  infer 322.7 ms  persons 0  NO TARGET  -  steer +0.00 thr +0.00  L  +0 R  +0  
 3.1 fps  infer 323.2 ms  persons 0  NO TARGET  -  steer +0.00 thr +0.00  L  +0 R  +0  
 3.1 fps  infer 321.4 ms  persons 0  NO TARGET  -  steer +0.00 thr +0.00  L  +0 R  +0  
 3.1 fps  infer 327.2 ms  persons 0  NO TARGET  -  steer +0.00 thr +0.00  L  +0 R  +0  
 3.1 fps  infer 327.8 ms  persons 0  NO TARGET  -  steer +0.00 thr +0.00  L  +0 R  +0  
 3.1 fps  infer 326.9 ms  persons 0  NO TARGET  -  steer +0.00 thr +0.00  L  +0 R  +0  
 3.1 fps  infer 328.5 ms  persons 0  NO TARGET  -  steer +0.00 thr +0.00  L  +0 R  +0  
 3.0 fps  infer 330.5 ms  persons 0  NO TARGET  -  steer +0.00 thr +0.00  L  +0 R  +0  
 3.0 fps  infer 329.4 ms  persons 0  NO TARGET  -  steer +0.00 thr +0.00  L  +0 R  +0  
 3.1 fps  infer 324.4 ms  persons 0  NO TARGET  -  steer +0.00 thr +0.00  L  +0 R  +0  
 3.0 fps  infer 350.5 ms  persons 0  NO TARGET  -  steer +0.00 thr +0.00  L  +0 R  +0  
 2.9 fps  infer 362.7 ms  persons 0  NO TARGET  -  steer +0.00 thr +0.00  L  +0 R  +0  
 2.9 fps  infer 348.8 ms  persons 0  NO TARGET  -  steer +0.00 thr +0.00  L  +0 R  +0  
 3.0 fps  infer 325.2 ms  persons 0  NO TARGET  -  steer +0.00 thr +0.00  L  +0 R  +0  
 3.0 fps  infer 335.0 ms  persons 0  NO TARGET  -  steer +0.00 thr +0.00  L  +0 R  +0  
 3.0 fps  infer 334.4 ms  persons 0  NO TARGET  -  steer +0.00 thr +0.00  L  +0 R  +0  
 3.0 fps  infer 338.7 ms  persons 0  NO TARGET  -  steer +0.00 thr +0.00  L  +0 R  +0  
 2.9 fps  infer 344.3 ms  persons 0  NO TARGET  -  steer +0.00 thr +0.00  L  +0 R  +0  
 2.8 fps  infer 411.9 ms  persons 0  NO TARGET  -  steer +0.00 thr +0.00  L  +0 R  +0  
 2.8 fps  infer 386.8 ms  persons 0  NO TARGET  -  steer +0.00 thr +0.00  L  +0 R  +0  
 2.9 fps  infer 354.4 ms  persons 0  NO TARGET  -  steer +0.00 thr +0.00  L  +0 R  +0  
 3.0 fps  infer 323.9 ms  persons 0  NO TARGET  -  steer +0.00 thr +0.00  L  +0 R  +0  
 3.1 fps  infer 324.5 ms  persons 0  NO TARGET  -  steer +0.00 thr +0.00  L  +0 R  +0  
WARNING no camera frame for 1.0 s - motors stopped
stream: dropping late frames (1.3 s behind)
 3.1 fps  infer 313.8 ms  persons 0  NO TARGET  -  steer +0.00 thr +0.00  L  +0 R  +0  
 3.3 fps  infer 297.5 ms  persons 0  NO TARGET  -  steer +0.00 thr +0.00  L  +0 R  +0  
 3.2 fps  infer 313.0 ms  persons 0  NO TARGET  -  steer +0.00 thr +0.00  L  +0 R  +0  
 3.2 fps  infer 313.4 ms  persons 0  NO TARGET  -  steer +0.00 thr +0.00  L  +0 R  +0  
 3.1 fps  infer 324.9 ms  persons 0  NO TARGET  -  steer +0.00 thr +0.00  L  +0 R  +0  
 3.1 fps  infer 329.3 ms  persons 0  NO TARGET  -  steer +0.00 thr +0.00  L  +0 R  +0  
 3.1 fps  infer 323.6 ms  persons 0  NO TARGET  -  steer +0.00 thr +0.00  L  +0 R  +0  
 3.1 fps  infer 333.1 ms  persons 0  NO TARGET  -  steer +0.00 thr +0.00  L  +0 R  +0  
 3.1 fps  infer 327.8 ms  persons 0  NO TARGET  -  steer +0.00 thr +0.00  L  +0 R  +0  
 3.0 fps  infer 331.3 ms  persons 0  NO TARGET  -  steer +0.00 thr +0.00  L  +0 R  +0  
 3.1 fps  infer 323.6 ms  persons 0  NO TARGET  -  steer +0.00 thr +0.00  L  +0 R  +0  
 3.1 fps  infer 327.5 ms  persons 0  NO TARGET  -  steer +0.00 thr +0.00  L  +0 R  +0  
stream: dropping late frames (0.6 s behind)
 3.1 fps  infer 331.4 ms  persons 0  NO TARGET  -  steer +0.00 thr +0.00  L  +0 R  +0  
 3.1 fps  infer 326.8 ms  persons 0  NO TARGET  -  steer +0.00 thr +0.00  L  +0 R  +0  
 3.0 fps  infer 333.5 ms  persons 0  NO TARGET  -  steer +0.00 thr +0.00  L  +0 R  +0  
 3.0 fps  infer 339.4 ms  persons 0  NO TARGET  -  steer +0.00 thr +0.00  L  +0 R  +0  
 3.0 fps  infer 339.1 ms  persons 0  NO TARGET  -  steer +0.00 thr +0.00  L  +0 R  +0  
 3.0 fps  infer 329.4 ms  persons 0  NO TARGET  -  steer +0.00 thr +0.00  L  +0 R  +0  
 3.0 fps  infer 333.5 ms  persons 0  NO TARGET  -  steer +0.00 thr +0.00  L  +0 R  +0  
 3.1 fps  infer 322.2 ms  persons 0  NO TARGET  -  steer +0.00 thr +0.00  L  +0 R  +0  
 2.9 fps  infer 385.8 ms  persons 0  NO TARGET  -  steer +0.00 thr +0.00  L  +0 R  +0  
 2.9 fps  infer 368.7 ms  persons 0  NO TARGET  -  steer +0.00 thr +0.00  L  +0 R  +0  
 2.9 fps  infer 354.5 ms  persons 0  NO TARGET  -  steer +0.00 thr +0.00  L  +0 R  +0  
 2.9 fps  infer 357.2 ms  persons 0  NO TARGET  -  steer +0.00 thr +0.00  L  +0 R  +0  
 2.9 fps  infer 355.0 ms  persons 0  NO TARGET  -  steer +0.00 thr +0.00  L  +0 R  +0  
WARNING no camera frame for 1.0 s - motors stopped
stream: dropping late frames (1.7 s behind)
 3.0 fps  infer 325.8 ms  persons 0  NO TARGET  -  steer +0.00 thr +0.00  L  +0 R  +0  
 3.2 fps  infer 298.6 ms  persons 0  NO TARGET  -  steer +0.00 thr +0.00  L  +0 R  +0  
 3.2 fps  infer 310.6 ms  persons 0  NO TARGET  -  steer +0.00 thr +0.00  L  +0 R  +0  
 3.2 fps  infer 312.8 ms  persons 0  NO TARGET  -  steer +0.00 thr +0.00  L  +0 R  +0  
 3.1 fps  infer 325.9 ms  persons 0  NO TARGET  -  steer +0.00 thr +0.00  L  +0 R  +0  
 3.1 fps  infer 327.4 ms  persons 0  NO TARGET  -  steer +0.00 thr +0.00  L  +0 R  +0  
 3.1 fps  infer 324.8 ms  persons 0  NO TARGET  -  steer +0.00 thr +0.00  L  +0 R  +0  
 3.1 fps  infer 326.6 ms  persons 0  NO TARGET  -  steer +0.00 thr +0.00  L  +0 R  +0  
 3.0 fps  infer 333.9 ms  persons 0  NO TARGET  -  steer +0.00 thr +0.00  L  +0 R  +0  
 3.0 fps  infer 344.2 ms  persons 0  NO TARGET  -  steer +0.00 thr +0.00  L  +0 R  +0  
 3.0 fps  infer 338.3 ms  persons 0  NO TARGET  -  steer +0.00 thr +0.00  L  +0 R  +0  
 3.0 fps  infer 342.8 ms  persons 0  NO TARGET  -  steer +0.00 thr +0.00  L  +0 R  +0  
 3.0 fps  infer 336.7 ms  persons 0  NO TARGET  -  steer +0.00 thr +0.00  L  +0 R  +0  
 2.9 fps  infer 343.7 ms  persons 0  NO TARGET  -  steer +0.00 thr +0.00  L  +0 R  +0  
 2.9 fps  infer 345.4 ms  persons 0  NO TARGET  -  steer +0.00 thr +0.00  L  +0 R  +0  
 2.9 fps  infer 341.1 ms  persons 0  NO TARGET  -  steer +0.00 thr +0.00  L  +0 R  +0  
 2.9 fps  infer 357.6 ms  persons 0  NO TARGET  -  steer +0.00 thr +0.00  L  +0 R  +0  
 2.9 fps  infer 346.4 ms  persons 0  NO TARGET  -  steer +0.00 thr +0.00  L  +0 R  +0  
 2.9 fps  infer 355.1 ms  persons 0  NO TARGET  -  steer +0.00 thr +0.00  L  +0 R  +0  
 2.9 fps  infer 359.3 ms  persons 0  NO TARGET  -  steer +0.00 thr +0.00  L  +0 R  +0  
 2.9 fps  infer 352.0 ms  persons 0  NO TARGET  -  steer +0.00 thr +0.00  L  +0 R  +0  
 2.8 fps  infer 391.1 ms  persons 0  NO TARGET  -  steer +0.00 thr +0.00  L  +0 R  +0  
 2.7 fps  infer 409.7 ms  persons 0  NO TARGET  -  steer +0.00 thr +0.00  L  +0 R  +0  
 2.8 fps  infer 372.1 ms  persons 0  NO TARGET  -  steer +0.00 thr +0.00  L  +0 R  +0  
 2.8 fps  infer 358.8 ms  persons 0  NO TARGET  -  steer +0.00 thr +0.00  L  +0 R  +0  
 2.8 fps  infer 355.2 ms  persons 0  NO TARGET  -  steer +0.00 thr +0.00  L  +0 R  +0  
 2.8 fps  infer 357.2 ms  persons 0  NO TARGET  -  steer +0.00 thr +0.00  L  +0 R  +0  
 2.9 fps  infer 337.1 ms  persons 0  NO TARGET  -  steer +0.00 thr +0.00  L  +0 R  +0  
 2.9 fps  infer 337.5 ms  persons 0  NO TARGET  -  steer +0.00 thr +0.00  L  +0 R  +0  
 2.9 fps  infer 339.9 ms  persons 0  NO TARGET  -  steer +0.00 thr +0.00  L  +0 R  +0  
 2.9 fps  infer 349.6 ms  persons 0  NO TARGET  -  steer +0.00 thr +0.00  L  +0 R  +0  
 2.9 fps  infer 351.4 ms  persons 0  NO TARGET  -  steer +0.00 thr +0.00  L  +0 R  +0  
 2.9 fps  infer 345.5 ms  persons 0  NO TARGET  -  steer +0.00 thr +0.00  L  +0 R  +0  
 2.9 fps  infer 350.5 ms  persons 0  NO TARGET  -  steer +0.00 thr +0.00  L  +0 R  +0  
 2.9 fps  infer 342.9 ms  persons 0  NO TARGET  -  steer +0.00 thr +0.00  L  +0 R  +0  
 2.9 fps  infer 338.9 ms  persons 0  NO TARGET  -  steer +0.00 thr +0.00  L  +0 R  +0  
 3.0 fps  infer 325.9 ms  persons 0  NO TARGET  -  steer +0.00 thr +0.00  L  +0 R  +0  
 2.9 fps  infer 348.3 ms  persons 0  NO TARGET  -  steer +0.00 thr +0.00  L  +0 R  +0  
 2.8 fps  infer 362.2 ms  persons 0  NO TARGET  -  steer +0.00 thr +0.00  L  +0 R  +0  
 2.9 fps  infer 354.8 ms  persons 0  NO TARGET  -  steer +0.00 thr +0.00  L  +0 R  +0  
 2.9 fps  infer 348.7 ms  persons 0  NO TARGET  -  steer +0.00 thr +0.00  L  +0 R  +0  
 2.9 fps  infer 344.4 ms  persons 0  NO TARGET  -  steer +0.00 thr +0.00  L  +0 R  +0  
 2.9 fps  infer 336.6 ms  persons 0  NO TARGET  -  steer +0.00 thr +0.00  L  +0 R  +0  
 2.9 fps  infer 343.2 ms  persons 0  NO TARGET  -  steer +0.00 thr +0.00  L  +0 R  +0  
 2.9 fps  infer 341.2 ms  persons 0  NO TARGET  -  steer +0.00 thr +0.00  L  +0 R  +0  
 2.9 fps  infer 348.3 ms  persons 0  NO TARGET  -  steer +0.00 thr +0.00  L  +0 R  +0  
# exit 0  2026-09-11 15:32:39
