# follow  2026-09-11 15:45:18  rpi5  temp=55.3'C
# $ /home/rasp/rover-venv/bin/python -u follow_rover.py --source rtsp://192.168.1.11:554 --port auto --ref-dist 2 --ref-height 379
follow_rover: model=auto imgsz=320 source=rtsp://192.168.1.11:554 transport=tcp cap=640x480 flip=False rotate=cw acquire_conf=0.6 lost_timeout=10.0 reid_dist=0.3 target_dist=2.0 ref_dist=2.0 ref_height=379.0 vfov=50.0 port=auto max_pwm=150 min_pwm=90 steer=False band=0.3 hold=1.5 calibrate=False show=False view=8080
stream: connected to rtsp://192.168.1.11:554 (640x360)
camera started: rtsp://192.168.1.11:554
model loaded yolo11n_320x192.onnx, input [320, 192]
stream: dropping late frames (0.8 s behind)
stream: dropping late frames (0.6 s behind)
stream: dropping late frames (1.6 s behind)
rover link /dev/ttyUSB1 (ESP32 firmware answered)
live view: http://<pi-address>:8080/
Loading yolo11n_320x192.onnx for ONNX Runtime inference...
stream: dropping late frames (2.3 s behind)
Using ONNX Runtime 1.30.0 with CPUExecutionProvider
stream: dropping late frames (3.8 s behind)
stream: dropping late frames (2.9 s behind)
stream: dropping late frames (4.1 s behind)
stream: dropping late frames (3.5 s behind)
stream: dropping late frames (4.1 s behind)
stream: dropping late frames (5.2 s behind)
stream: dropping late frames (6.5 s behind)
stream: dropping late frames (7.6 s behind)
stream: dropping late frames (9.0 s behind)
stream: dropping late frames (10.4 s behind)
stream: dropping late frames (12.2 s behind)
stream: dropping late frames (10.2 s behind)
[ WARN:0@59.096] global cap_ffmpeg_impl.hpp:453 _opencv_ffmpeg_interrupt_callback Stream timeout triggered after 2003.444098 ms
stream: dropping late frames (12.1 s behind)
[ WARN:0@61.121] global cap_ffmpeg_impl.hpp:453 _opencv_ffmpeg_interrupt_callback Stream timeout triggered after 2003.057387 ms
stream: lost, reconnecting
 0.0 fps  infer 5960.5 ms  persons 1  LOCKED id 1  edge cut, holding  steer +0.00 thr +0.00  L  +0 R  +0  
WARNING no camera frame for 29.5 s - motors stopped
WARNING no camera frame for 30.5 s - motors stopped
WARNING no camera frame for 31.5 s - motors stopped
WARNING no camera frame for 32.5 s - motors stopped
WARNING no camera frame for 33.5 s - motors stopped
WARNING no camera frame for 34.5 s - motors stopped
stream: connected to rtsp://192.168.1.11:554 (640x360)
WARNING no camera frame for 35.5 s - motors stopped
 0.2 fps  infer 4863.6 ms  persons 0  NO TARGET  -  steer +0.00 thr +0.00  L  +0 R  +0  
WARNING no camera frame for 1.0 s - motors stopped
WARNING no camera frame for 2.0 s - motors stopped
[ WARN:0@71.903] global cap_ffmpeg_impl.hpp:453 _opencv_ffmpeg_interrupt_callback Stream timeout triggered after 2077.850299 ms
stream: dropping late frames (2.0 s behind)
WARNING no camera frame for 3.0 s - motors stopped
WARNING no camera frame for 4.0 s - motors stopped
[ WARN:0@73.926] global cap_ffmpeg_impl.hpp:453 _opencv_ffmpeg_interrupt_callback Stream timeout triggered after 2000.004460 ms
stream: lost, reconnecting
WARNING no camera frame for 5.0 s - motors stopped
WARNING no camera frame for 6.0 s - motors stopped
WARNING no camera frame for 7.0 s - motors stopped
WARNING no camera frame for 8.0 s - motors stopped
WARNING no camera frame for 9.1 s - motors stopped
stream: connected to rtsp://192.168.1.11:554 (640x360)
 0.7 fps  infer 3240.7 ms  persons 1  LOCKED id 2  3.60 m  steer +0.00 thr +1.00  L+150 R+150  
 1.5 fps  infer 1802.4 ms  persons 1  LOCKED id 2  2.86 m  steer +0.00 thr +0.60  L+125 R+125  
 2.3 fps  infer 892.6 ms  persons 1  LOCKED id 2  3.35 m  steer +0.00 thr +0.99  L+149 R+149  
stream: dropping late frames (0.8 s behind)
WARNING no camera frame for 1.0 s - motors stopped
WARNING no camera frame for 2.0 s - motors stopped
[ WARN:0@84.331] global cap_ffmpeg_impl.hpp:453 _opencv_ffmpeg_interrupt_callback Stream timeout triggered after 2002.060135 ms
stream: dropping late frames (2.7 s behind)
WARNING no camera frame for 3.0 s - motors stopped
WARNING no camera frame for 4.0 s - motors stopped
[ WARN:0@86.374] global cap_ffmpeg_impl.hpp:453 _opencv_ffmpeg_interrupt_callback Stream timeout triggered after 2034.126720 ms
stream: lost, reconnecting
WARNING no camera frame for 5.0 s - motors stopped
WARNING no camera frame for 6.0 s - motors stopped
WARNING no camera frame for 7.1 s - motors stopped
WARNING no camera frame for 8.1 s - motors stopped
WARNING no camera frame for 9.1 s - motors stopped
stream: connected to rtsp://192.168.1.11:554 (640x360)
 2.5 fps  infer 683.0 ms  persons 0  SEARCHING id 2 9.4/10 s  -  steer +0.00 thr +0.00  L  +0 R  +0  
WARNING no camera frame for 1.0 s - motors stopped
stream: dropping late frames (1.3 s behind)
 2.7 fps  infer 509.7 ms  persons 1  LOCKED id 4  1.03 m (from width)  steer +0.00 thr -0.68  L-130 R-130  
 2.7 fps  infer 428.8 ms  persons 1  LOCKED id 4  1.15 m (from width)  steer +0.00 thr -0.58  L-124 R-124  
WARNING no camera frame for 1.0 s - motors stopped
stream: dropping late frames (1.3 s behind)
 2.9 fps  infer 378.5 ms  persons 1  LOCKED id 4  1.15 m (from width)  steer +0.00 thr -0.60  L-125 R-125  
 3.5 fps  infer 277.6 ms  persons 1  LOCKED id 4  1.15 m (from width)  steer +0.00 thr -0.60  L-125 R-125  
WARNING no camera frame for 1.0 s - motors stopped
[ WARN:0@99.564] global cap_ffmpeg_impl.hpp:453 _opencv_ffmpeg_interrupt_callback Stream timeout triggered after 2010.983377 ms
WARNING no camera frame for 2.0 s - motors stopped
stream: dropping late frames (2.3 s behind)
WARNING no camera frame for 3.0 s - motors stopped
WARNING no camera frame for 4.0 s - motors stopped
[ WARN:0@101.606] global cap_ffmpeg_impl.hpp:453 _opencv_ffmpeg_interrupt_callback Stream timeout triggered after 2020.757235 ms
stream: lost, reconnecting
WARNING no camera frame for 5.0 s - motors stopped
WARNING no camera frame for 6.1 s - motors stopped
WARNING no camera frame for 7.1 s - motors stopped
WARNING no camera frame for 8.1 s - motors stopped
WARNING no camera frame for 9.1 s - motors stopped
stream: connected to rtsp://192.168.1.11:554 (640x360)
 3.3 fps  infer 329.4 ms  persons 1  LOCKED id 4  1.25 m (from width)  steer +0.00 thr -0.52  L-121 R-121  
 3.3 fps  infer 309.1 ms  persons 1  LOCKED id 4  1.13 m (from width)  steer +0.00 thr -0.60  L-125 R-125  
stream: dropping late frames (1.3 s behind)
WARNING no camera frame for 1.0 s - motors stopped
WARNING no camera frame for 2.0 s - motors stopped
stream: dropping late frames (2.5 s behind)
WARNING no camera frame for 3.0 s - motors stopped
WARNING no camera frame for 4.0 s - motors stopped
stream: dropping late frames (3.8 s behind)
WARNING no camera frame for 5.0 s - motors stopped
stream: dropping late frames (4.0 s behind)
WARNING no camera frame for 6.0 s - motors stopped
stream: dropping late frames (3.4 s behind)
WARNING no camera frame for 7.0 s - motors stopped
stream: dropping late frames (2.8 s behind)
WARNING no camera frame for 8.0 s - motors stopped
WARNING no camera frame for 9.0 s - motors stopped
WARNING no camera frame for 10.0 s - motors stopped
[ WARN:0@119.810] global cap_ffmpeg_impl.hpp:453 _opencv_ffmpeg_interrupt_callback Stream timeout triggered after 2003.270421 ms
stream: dropping late frames (4.5 s behind)
WARNING no camera frame for 11.0 s - motors stopped
WARNING no camera frame for 12.1 s - motors stopped
[ WARN:0@121.843] global cap_ffmpeg_impl.hpp:453 _opencv_ffmpeg_interrupt_callback Stream timeout triggered after 2003.038394 ms
stream: lost, reconnecting
WARNING no camera frame for 13.1 s - motors stopped
WARNING no camera frame for 14.1 s - motors stopped
WARNING no camera frame for 15.1 s - motors stopped
WARNING no camera frame for 16.1 s - motors stopped
WARNING no camera frame for 17.1 s - motors stopped
stream: connected to rtsp://192.168.1.11:554 (640x360)
WARNING no camera frame for 18.1 s - motors stopped
 3.6 fps  infer 276.0 ms  persons 1  LOCKED id 4  1.07 m (from width)  steer +0.00 thr -0.65  L-129 R-129  
 3.4 fps  infer 324.8 ms  persons 1  LOCKED id 4  0.99 m (from width)  steer +0.00 thr -0.71  L-132 R-132  
 3.4 fps  infer 309.7 ms  persons 1  LOCKED id 4  1.02 m (from width)  steer +0.00 thr -0.69  L-131 R-131  
WARNING no camera frame for 1.0 s - motors stopped
stream: dropping late frames (1.0 s behind)
 3.4 fps  infer 303.0 ms  persons 1  LOCKED id 4  1.69 m  steer +0.00 thr -0.22  L-102 R-102  
 3.3 fps  infer 324.5 ms  persons 1  LOCKED id 4  2.37 m  steer +0.00 thr +0.26  L+105 R+105  
 3.6 fps  infer 274.1 ms  persons 1  LOCKED id 4  3.36 m  steer +0.00 thr +0.94  L+146 R+146  
 3.7 fps  infer 264.8 ms  persons 1  LOCKED id 4  3.24 m  steer +0.00 thr +0.87  L+141 R+141  
stream: dropping late frames (1.2 s behind)
WARNING no camera frame for 1.0 s - motors stopped
WARNING no camera frame for 2.0 s - motors stopped
WARNING no camera frame for 3.0 s - motors stopped
[ WARN:0@138.971] global cap_ffmpeg_impl.hpp:453 _opencv_ffmpeg_interrupt_callback Stream timeout triggered after 2002.551079 ms
stream: dropping late frames (3.4 s behind)
WARNING no camera frame for 4.0 s - motors stopped
WARNING no camera frame for 5.0 s - motors stopped
[ WARN:0@141.004] global cap_ffmpeg_impl.hpp:453 _opencv_ffmpeg_interrupt_callback Stream timeout triggered after 2001.942625 ms
stream: lost, reconnecting
WARNING no camera frame for 6.0 s - motors stopped
WARNING no camera frame for 7.1 s - motors stopped
WARNING no camera frame for 8.1 s - motors stopped
WARNING no camera frame for 9.1 s - motors stopped
WARNING no camera frame for 10.1 s - motors stopped
WARNING no camera frame for 11.1 s - motors stopped
WARNING no camera frame for 12.1 s - motors stopped
stream: connected to rtsp://192.168.1.11:554 (640x360)
 3.6 fps  infer 301.3 ms  persons 1  LOCKED id 2  reid best 0.20  1.92 m  steer +0.00 thr +0.00  L  +0 R  +0  
 3.5 fps  infer 318.3 ms  persons 1  LOCKED id 2  2.01 m  steer +0.00 thr +0.00  L  +0 R  +0  
 3.7 fps  infer 278.7 ms  persons 1  LOCKED id 2  1.94 m  steer +0.00 thr +0.00  L  +0 R  +0  
stream: dropping late frames (0.6 s behind)
 3.6 fps  infer 280.3 ms  persons 1  LOCKED id 2  1.89 m  steer +0.00 thr +0.00  L  +0 R  +0  
 3.8 fps  infer 260.4 ms  persons 1  LOCKED id 2  1.97 m  steer +0.00 thr +0.00  L  +0 R  +0  
stream: dropping late frames (0.7 s behind)
WARNING no camera frame for 1.0 s - motors stopped
WARNING no camera frame for 2.0 s - motors stopped
stream: dropping late frames (2.6 s behind)
WARNING no camera frame for 3.0 s - motors stopped
 3.8 fps  infer 262.3 ms  persons 1  LOCKED id 2  1.98 m  steer +0.00 thr +0.00  L  +0 R  +0  
 3.5 fps  infer 323.4 ms  persons 1  LOCKED id 2  1.98 m  steer +0.00 thr +0.00  L  +0 R  +0  
WARNING no camera frame for 1.0 s - motors stopped
WARNING no camera frame for 2.0 s - motors stopped
[ WARN:0@161.093] global cap_ffmpeg_impl.hpp:453 _opencv_ffmpeg_interrupt_callback Stream timeout triggered after 2093.179783 ms
stream: dropping late frames (2.1 s behind)
 3.6 fps  infer 299.3 ms  persons 1  LOCKED id 2  1.99 m  steer +0.00 thr +0.00  L  +0 R  +0  
WARNING no camera frame for 1.0 s - motors stopped
stream: dropping late frames (2.4 s behind)
WARNING no camera frame for 2.0 s - motors stopped
WARNING no camera frame for 3.0 s - motors stopped
stream: dropping late frames (1.7 s behind)
WARNING no camera frame for 4.0 s - motors stopped
stream: dropping late frames (0.8 s behind)
 3.5 fps  infer 313.9 ms  persons 1  LOCKED id 2  1.98 m  steer +0.00 thr +0.00  L  +0 R  +0  
WARNING no camera frame for 1.0 s - motors stopped
stream: dropping late frames (1.5 s behind)
WARNING no camera frame for 2.0 s - motors stopped
 3.7 fps  infer 278.2 ms  persons 1  LOCKED id 2  2.98 m  steer +0.00 thr +0.68  L+131 R+131  
 3.8 fps  infer 254.8 ms  persons 1  LOCKED id 2  3.88 m  steer +0.00 thr +1.00  L+150 R+150  
 3.8 fps  infer 263.5 ms  persons 1  LOCKED id 2  3.24 m  steer +0.00 thr +0.80  L+138 R+138  
 3.9 fps  infer 254.4 ms  persons 1  LOCKED id 2  2.55 m  steer +0.00 thr +0.33  L+109 R+109  
WARNING no camera frame for 1.0 s - motors stopped
stream: dropping late frames (2.1 s behind)
WARNING no camera frame for 2.0 s - motors stopped
 3.9 fps  infer 254.3 ms  persons 1  LOCKED id 2  2.06 m  steer +0.00 thr +0.00  L  +0 R  +0  
 4.0 fps  infer 242.3 ms  persons 1  LOCKED id 2  1.54 m (from width)  steer +0.00 thr -0.34  L-110 R-110  
stream: dropping late frames (0.5 s behind)
 3.8 fps  infer 273.6 ms  persons 1  LOCKED id 2  1.20 m (from width)  steer +0.00 thr -0.56  L-123 R-123  
 3.8 fps  infer 260.1 ms  persons 1  LOCKED id 2  1.38 m (from width)  steer +0.00 thr -0.42  L-114 R-114  
 4.1 fps  infer 230.1 ms  persons 1  LOCKED id 2  1.70 m  steer +0.00 thr +0.00  L  +0 R  +0  
WARNING no camera frame for 1.0 s - motors stopped
stream: dropping late frames (2.3 s behind)
WARNING no camera frame for 2.0 s - motors stopped
WARNING no camera frame for 3.0 s - motors stopped
stream: dropping late frames (1.9 s behind)
WARNING no camera frame for 4.0 s - motors stopped
stream: dropping late frames (3.3 s behind)
WARNING no camera frame for 5.0 s - motors stopped
stream: dropping late frames (4.5 s behind)
WARNING no camera frame for 6.0 s - motors stopped
WARNING no camera frame for 7.0 s - motors stopped
stream: dropping late frames (6.0 s behind)
WARNING no camera frame for 8.0 s - motors stopped
WARNING no camera frame for 9.0 s - motors stopped
stream: dropping late frames (6.3 s behind)
WARNING no camera frame for 10.1 s - motors stopped
stream: dropping late frames (7.6 s behind)
WARNING no camera frame for 11.1 s - motors stopped
stream: dropping late frames (8.9 s behind)
WARNING no camera frame for 12.1 s - motors stopped
WARNING no camera frame for 13.1 s - motors stopped
[ WARN:0@194.022] global cap_ffmpeg_impl.hpp:453 _opencv_ffmpeg_interrupt_callback Stream timeout triggered after 2067.234763 ms
WARNING no camera frame for 14.1 s - motors stopped
stream: dropping late frames (10.9 s behind)
WARNING no camera frame for 15.1 s - motors stopped
WARNING no camera frame for 16.1 s - motors stopped
[ WARN:0@196.066] global cap_ffmpeg_impl.hpp:453 _opencv_ffmpeg_interrupt_callback Stream timeout triggered after 2003.193216 ms
stream: lost, reconnecting
WARNING no camera frame for 17.1 s - motors stopped
WARNING no camera frame for 18.1 s - motors stopped
WARNING no camera frame for 19.1 s - motors stopped
WARNING no camera frame for 20.1 s - motors stopped
WARNING no camera frame for 21.1 s - motors stopped
WARNING no camera frame for 22.1 s - motors stopped
stream: connected to rtsp://192.168.1.11:554 (640x360)
WARNING no camera frame for 23.1 s - motors stopped
 3.9 fps  infer 270.4 ms  persons 1  LOCKED id 2  1.32 m  steer +0.00 thr -0.47  L-118 R-118  
 3.7 fps  infer 305.7 ms  persons 1  LOCKED id 2  1.05 m (from width)  steer +0.00 thr -0.67  L-130 R-130  
WARNING no camera frame for 1.0 s - motors stopped
stream: dropping late frames (1.4 s behind)
 3.6 fps  infer 323.7 ms  persons 1  LOCKED id 2  1.52 m  steer +0.00 thr -0.31  L-108 R-108  
 3.6 fps  infer 307.5 ms  persons 1  LOCKED id 2  2.28 m  steer +0.00 thr +0.00  L  +0 R  +0  
stream: dropping late frames (0.7 s behind)
WARNING no camera frame for 1.0 s - motors stopped
WARNING no camera frame for 2.0 s - motors stopped
stream: dropping late frames (2.1 s behind)
WARNING no camera frame for 3.0 s - motors stopped
WARNING no camera frame for 4.0 s - motors stopped
WARNING no camera frame for 5.0 s - motors stopped
[ WARN:0@213.352] global cap_ffmpeg_impl.hpp:453 _opencv_ffmpeg_interrupt_callback Stream timeout triggered after 2003.054097 ms
stream: dropping late frames (3.5 s behind)
WARNING no camera frame for 6.0 s - motors stopped
WARNING no camera frame for 7.0 s - motors stopped
[ WARN:0@215.426] global cap_ffmpeg_impl.hpp:453 _opencv_ffmpeg_interrupt_callback Stream timeout triggered after 2034.930809 ms
stream: lost, reconnecting
WARNING no camera frame for 8.0 s - motors stopped
WARNING no camera frame for 9.0 s - motors stopped
WARNING no camera frame for 10.1 s - motors stopped
WARNING no camera frame for 11.1 s - motors stopped
WARNING no camera frame for 12.1 s - motors stopped
WARNING no camera frame for 13.1 s - motors stopped
stream: connected to rtsp://192.168.1.11:554 (640x360)
 3.7 fps  infer 279.9 ms  persons 0  NO TARGET  -  steer +0.00 thr +0.00  L  +0 R  +0  
 3.4 fps  infer 319.3 ms  persons 1  LOCKED id 5  5.02 m  steer +0.00 thr +1.00  L+150 R+150  
 3.7 fps  infer 264.4 ms  persons 1  LOCKED id 5  3.26 m  steer +0.00 thr +0.84  L+140 R+140  
WARNING no camera frame for 1.0 s - motors stopped
stream: dropping late frames (1.4 s behind)
 3.7 fps  infer 273.9 ms  persons 1  LOCKED id 5  3.01 m  steer +0.00 thr +0.69  L+131 R+131  
 3.7 fps  infer 272.8 ms  persons 1  LOCKED id 5  3.00 m  steer +0.00 thr +0.70  L+132 R+132  
 3.7 fps  infer 269.6 ms  persons 1  LOCKED id 5  2.77 m  steer +0.00 thr +0.52  L+121 R+121  
 3.9 fps  infer 242.5 ms  persons 1  LOCKED id 5  2.66 m  steer +0.00 thr +0.45  L+116 R+116  
WARNING no camera frame for 1.0 s - motors stopped
stream: dropping late frames (1.4 s behind)
WARNING no camera frame for 2.0 s - motors stopped
WARNING no camera frame for 3.0 s - motors stopped
[ WARN:0@231.276] global cap_ffmpeg_impl.hpp:453 _opencv_ffmpeg_interrupt_callback Stream timeout triggered after 2002.834402 ms
stream: dropping late frames (3.3 s behind)
WARNING no camera frame for 4.0 s - motors stopped
WARNING no camera frame for 5.0 s - motors stopped
[ WARN:0@233.337] global cap_ffmpeg_impl.hpp:453 _opencv_ffmpeg_interrupt_callback Stream timeout triggered after 2028.396752 ms
stream: lost, reconnecting
WARNING no camera frame for 6.0 s - motors stopped
WARNING no camera frame for 7.0 s - motors stopped
WARNING no camera frame for 8.1 s - motors stopped
WARNING no camera frame for 9.1 s - motors stopped
WARNING no camera frame for 10.1 s - motors stopped
stream: connected to rtsp://192.168.1.11:554 (640x360)
 3.7 fps  infer 304.4 ms  persons 1  LOCKED id 2  0.97 m (from width)  steer +0.00 thr -0.74  L-134 R-134  
 3.6 fps  infer 326.3 ms  persons 1  LOCKED id 2  1.16 m (from width)  steer +0.00 thr -0.56  L-123 R-123  
WARNING no camera frame for 1.0 s - motors stopped
stream: dropping late frames (1.3 s behind)
 3.8 fps  infer 297.9 ms  persons 1  LOCKED id 2  1.24 m (from width)  steer +0.00 thr -0.53  L-121 R-121  
 3.7 fps  infer 283.4 ms  persons 1  LOCKED id 2  1.16 m (from width)  steer +0.00 thr -0.58  L-124 R-124  
 3.8 fps  infer 265.7 ms  persons 1  LOCKED id 2  1.67 m  steer +0.00 thr -0.14  L -98 R -98  
WARNING no camera frame for 1.0 s - motors stopped
WARNING no camera frame for 2.0 s - motors stopped
[ WARN:0@246.183] global cap_ffmpeg_impl.hpp:453 _opencv_ffmpeg_interrupt_callback Stream timeout triggered after 2041.862947 ms
stream: dropping late frames (2.1 s behind)
WARNING no camera frame for 3.0 s - motors stopped
WARNING no camera frame for 4.0 s - motors stopped
[ WARN:0@248.210] global cap_ffmpeg_impl.hpp:453 _opencv_ffmpeg_interrupt_callback Stream timeout triggered after 2002.832866 ms
stream: lost, reconnecting
WARNING no camera frame for 5.0 s - motors stopped
WARNING no camera frame for 6.0 s - motors stopped
WARNING no camera frame for 7.0 s - motors stopped
WARNING no camera frame for 8.0 s - motors stopped
WARNING no camera frame for 9.1 s - motors stopped
WARNING no camera frame for 10.1 s - motors stopped
WARNING no camera frame for 11.1 s - motors stopped
WARNING no camera frame for 12.1 s - motors stopped
stream: connected to rtsp://192.168.1.11:554 (640x360)
 3.7 fps  infer 295.9 ms  persons 1  LOCKED id 2  1.77 m  steer +0.00 thr +0.00  L  +0 R  +0  
WARNING no camera frame for 1.0 s - motors stopped
[ WARN:0@259.327] global cap_ffmpeg_impl.hpp:453 _opencv_ffmpeg_interrupt_callback Stream timeout triggered after 2007.484374 ms
WARNING no camera frame for 2.0 s - motors stopped
stream: dropping late frames (1.9 s behind)
WARNING no camera frame for 3.0 s - motors stopped
WARNING no camera frame for 4.0 s - motors stopped
[ WARN:0@261.400] global cap_ffmpeg_impl.hpp:453 _opencv_ffmpeg_interrupt_callback Stream timeout triggered after 2051.399888 ms
stream: lost, reconnecting
WARNING no camera frame for 5.0 s - motors stopped
WARNING no camera frame for 6.0 s - motors stopped
WARNING no camera frame for 7.0 s - motors stopped
WARNING no camera frame for 8.0 s - motors stopped
WARNING no camera frame for 9.0 s - motors stopped
WARNING no camera frame for 10.0 s - motors stopped
WARNING no camera frame for 11.0 s - motors stopped
WARNING no camera frame for 12.1 s - motors stopped
WARNING no camera frame for 13.1 s - motors stopped
WARNING no camera frame for 14.1 s - motors stopped
[ WARN:0@271.410] global cap_ffmpeg_impl.hpp:453 _opencv_ffmpeg_interrupt_callback Stream timeout triggered after 10009.311880 ms
stream: connected to rtsp://192.168.1.11:554 (640x360)
 3.7 fps  infer 285.0 ms  persons 1  LOCKED id 2  1.35 m  steer +0.00 thr -0.46  L-117 R-117  
 3.6 fps  infer 302.5 ms  persons 1  LOCKED id 2  too close (fills the frame), backing off  steer +0.00 thr -0.25  L-105 R-105  
WARNING no camera frame for 1.0 s - motors stopped
WARNING no camera frame for 2.0 s - motors stopped
[ WARN:0@274.514] global cap_ffmpeg_impl.hpp:453 _opencv_ffmpeg_interrupt_callback Stream timeout triggered after 2039.930472 ms
stream: dropping late frames (2.0 s behind)
WARNING no camera frame for 3.0 s - motors stopped
WARNING no camera frame for 4.0 s - motors stopped
[ WARN:0@276.526] global cap_ffmpeg_impl.hpp:453 _opencv_ffmpeg_interrupt_callback Stream timeout triggered after 2000.001899 ms
stream: lost, reconnecting
WARNING no camera frame for 5.0 s - motors stopped
WARNING no camera frame for 6.0 s - motors stopped
WARNING no camera frame for 7.0 s - motors stopped
WARNING no camera frame for 8.0 s - motors stopped
WARNING no camera frame for 9.1 s - motors stopped
WARNING no camera frame for 10.1 s - motors stopped
stream: connected to rtsp://192.168.1.11:554 (640x360)
WARNING no camera frame for 11.1 s - motors stopped
 3.4 fps  infer 339.0 ms  persons 1  LOCKED id 2  1.16 m (from width)  steer +0.00 thr -0.59  L-125 R-125  
WARNING no camera frame for 1.0 s - motors stopped
stream: dropping late frames (1.8 s behind)
WARNING no camera frame for 2.0 s - motors stopped
WARNING no camera frame for 3.0 s - motors stopped
stream: dropping late frames (2.7 s behind)
WARNING no camera frame for 4.0 s - motors stopped
stream: dropping late frames (3.0 s behind)
WARNING no camera frame for 5.0 s - motors stopped
stream: dropping late frames (2.5 s behind)
WARNING no camera frame for 6.0 s - motors stopped
stream: dropping late frames (2.9 s behind)
WARNING no camera frame for 7.0 s - motors stopped
stream: dropping late frames (4.3 s behind)
WARNING no camera frame for 8.0 s - motors stopped
WARNING no camera frame for 9.0 s - motors stopped
stream: dropping late frames (5.7 s behind)
WARNING no camera frame for 10.0 s - motors stopped
WARNING no camera frame for 11.1 s - motors stopped
stream: dropping late frames (3.9 s behind)
WARNING no camera frame for 12.1 s - motors stopped
stream: dropping late frames (3.8 s behind)
WARNING no camera frame for 13.1 s - motors stopped
stream: dropping late frames (4.6 s behind)
WARNING no camera frame for 14.1 s - motors stopped
stream: dropping late frames (1.3 s behind)
 3.5 fps  infer 306.2 ms  persons 1  LOCKED id 2  1.15 m (from width)  steer +0.00 thr -0.59  L-125 R-125  
WARNING no camera frame for 1.0 s - motors stopped
 3.6 fps  infer 282.9 ms  persons 1  LOCKED id 2  1.08 m (from width)  steer +0.00 thr -0.64  L-128 R-128  
 3.5 fps  infer 288.0 ms  persons 1  LOCKED id 2  1.12 m (from width)  steer +0.00 thr -0.60  L-125 R-125  
WARNING no camera frame for 1.0 s - motors stopped
[ WARN:0@303.902] global cap_ffmpeg_impl.hpp:453 _opencv_ffmpeg_interrupt_callback Stream timeout triggered after 2005.606044 ms
WARNING no camera frame for 2.0 s - motors stopped
stream: dropping late frames (2.0 s behind)
WARNING no camera frame for 3.0 s - motors stopped
 3.5 fps  infer 280.4 ms  persons 1  LOCKED id 2  1.19 m (from width)  steer +0.00 thr -0.57  L-124 R-124  
 3.7 fps  infer 259.7 ms  persons 1  LOCKED id 2  1.24 m (from width)  steer +0.00 thr -0.51  L-120 R-120  
stream: dropping late frames (0.5 s behind)
 4.0 fps  infer 237.8 ms  persons 1  LOCKED id 2  2.44 m  steer +0.00 thr +0.31  L+108 R+108  
WARNING no camera frame for 1.0 s - motors stopped
WARNING no camera frame for 2.0 s - motors stopped
[ WARN:0@310.685] global cap_ffmpeg_impl.hpp:453 _opencv_ffmpeg_interrupt_callback Stream timeout triggered after 2002.747334 ms
stream: dropping late frames (2.8 s behind)
WARNING no camera frame for 3.0 s - motors stopped
 4.0 fps  infer 238.7 ms  persons 1  LOCKED id 2  2.54 m  steer +0.00 thr +0.38  L+112 R+112  
WARNING no camera frame for 1.0 s - motors stopped
stream: dropping late frames (3.5 s behind)
WARNING no camera frame for 2.0 s - motors stopped
stream: dropping late frames (3.1 s behind)
WARNING no camera frame for 3.0 s - motors stopped
stream: dropping late frames (3.0 s behind)
WARNING no camera frame for 4.0 s - motors stopped
 4.0 fps  infer 241.6 ms  persons 1  LOCKED id 2  2.15 m  steer +0.00 thr +0.00  L  +0 R  +0  
WARNING no camera frame for 1.0 s - motors stopped
stream: dropping late frames (1.4 s behind)
 4.0 fps  infer 239.8 ms  persons 1  LOCKED id 2  2.03 m  steer +0.00 thr +0.00  L  +0 R  +0  
stream: dropping late frames (0.8 s behind)
WARNING no camera frame for 1.0 s - motors stopped
 4.0 fps  infer 256.1 ms  persons 1  LOCKED id 2  2.00 m  steer +0.00 thr +0.00  L  +0 R  +0  
WARNING no camera frame for 1.0 s - motors stopped
WARNING no camera frame for 2.0 s - motors stopped
[ WARN:0@321.058] global cap_ffmpeg_impl.hpp:453 _opencv_ffmpeg_interrupt_callback Stream timeout triggered after 2033.786649 ms
stream: dropping late frames (2.0 s behind)
WARNING no camera frame for 3.0 s - motors stopped
stream: dropping late frames (3.9 s behind)
 4.1 fps  infer 239.2 ms  persons 1  LOCKED id 2  2.02 m  steer +0.00 thr +0.00  L  +0 R  +0  
WARNING no camera frame for 1.0 s - motors stopped
stream: dropping late frames (3.8 s behind)
WARNING no camera frame for 2.0 s - motors stopped
stream: dropping late frames (4.4 s behind)
WARNING no camera frame for 3.0 s - motors stopped
stream: dropping late frames (3.6 s behind)
WARNING no camera frame for 4.0 s - motors stopped
stream: dropping late frames (2.0 s behind)
 4.0 fps  infer 263.3 ms  persons 1  LOCKED id 2  2.11 m  steer +0.00 thr +0.00  L  +0 R  +0  
stream: dropping late frames (0.5 s behind)
WARNING no camera frame for 1.0 s - motors stopped
WARNING no camera frame for 2.0 s - motors stopped
[ WARN:0@331.514] global cap_ffmpeg_impl.hpp:453 _opencv_ffmpeg_interrupt_callback Stream timeout triggered after 2004.569326 ms
stream: dropping late frames (2.5 s behind)
WARNING no camera frame for 3.0 s - motors stopped
stream: dropping late frames (3.2 s behind)
 3.9 fps  infer 265.2 ms  persons 1  LOCKED id 2  3.71 m  steer +0.00 thr +1.00  L+150 R+150  
WARNING no camera frame for 1.0 s - motors stopped
stream: dropping late frames (3.5 s behind)
WARNING no camera frame for 2.0 s - motors stopped
stream: dropping late frames (4.7 s behind)
WARNING no camera frame for 3.0 s - motors stopped
WARNING no camera frame for 4.0 s - motors stopped
WARNING no camera frame for 5.0 s - motors stopped
[ WARN:0@337.999] global cap_ffmpeg_impl.hpp:453 _opencv_ffmpeg_interrupt_callback Stream timeout triggered after 2072.784719 ms
stream: dropping late frames (6.9 s behind)
 3.9 fps  infer 274.9 ms  persons 1  LOCKED id 2  3.85 m  steer +0.00 thr +1.00  L+150 R+150  
WARNING no camera frame for 1.0 s - motors stopped
stream: dropping late frames (6.8 s behind)
WARNING no camera frame for 2.0 s - motors stopped
WARNING no camera frame for 3.0 s - motors stopped
stream: dropping late frames (6.4 s behind)
WARNING no camera frame for 4.0 s - motors stopped
WARNING no camera frame for 5.0 s - motors stopped
WARNING no camera frame for 6.0 s - motors stopped
[ WARN:0@344.187] global cap_ffmpeg_impl.hpp:453 _opencv_ffmpeg_interrupt_callback Stream timeout triggered after 2003.200009 ms
stream: dropping late frames (3.8 s behind)
WARNING no camera frame for 7.0 s - motors stopped
WARNING no camera frame for 8.0 s - motors stopped
[ WARN:0@346.230] global cap_ffmpeg_impl.hpp:453 _opencv_ffmpeg_interrupt_callback Stream timeout triggered after 2004.290329 ms
stream: lost, reconnecting
WARNING no camera frame for 9.0 s - motors stopped
WARNING no camera frame for 10.0 s - motors stopped
WARNING no camera frame for 11.0 s - motors stopped
WARNING no camera frame for 12.0 s - motors stopped
WARNING no camera frame for 13.0 s - motors stopped
WARNING no camera frame for 14.1 s - motors stopped
WARNING no camera frame for 15.1 s - motors stopped
WARNING no camera frame for 16.1 s - motors stopped
stream: connected to rtsp://192.168.1.11:554 (640x360)
WARNING no camera frame for 17.1 s - motors stopped
 3.7 fps  infer 300.1 ms  persons 1  LOCKED id 2  3.17 m  steer +0.00 thr +0.81  L+138 R+138  
 3.7 fps  infer 297.1 ms  persons 1  LOCKED id 2  3.95 m  steer +0.00 thr +1.00  L+150 R+150  
WARNING no camera frame for 1.0 s - motors stopped
stream: dropping late frames (1.4 s behind)
WARNING no camera frame for 2.0 s - motors stopped
WARNING no camera frame for 3.0 s - motors stopped
[ WARN:0@360.124] global cap_ffmpeg_impl.hpp:453 _opencv_ffmpeg_interrupt_callback Stream timeout triggered after 2017.164191 ms
stream: dropping late frames (2.9 s behind)
WARNING no camera frame for 4.0 s - motors stopped
WARNING no camera frame for 5.0 s - motors stopped
[ WARN:0@362.228] global cap_ffmpeg_impl.hpp:453 _opencv_ffmpeg_interrupt_callback Stream timeout triggered after 2075.293168 ms
stream: lost, reconnecting
WARNING no camera frame for 6.0 s - motors stopped
WARNING no camera frame for 7.0 s - motors stopped
WARNING no camera frame for 8.0 s - motors stopped
WARNING no camera frame for 9.0 s - motors stopped
WARNING no camera frame for 10.0 s - motors stopped
WARNING no camera frame for 11.0 s - motors stopped
WARNING no camera frame for 12.0 s - motors stopped
stream: connected to rtsp://192.168.1.11:554 (640x360)
 3.7 fps  infer 304.9 ms  persons 1  LOCKED id 2  4.43 m  steer +0.00 thr +1.00  L+150 R+150  
WARNING no camera frame for 1.0 s - motors stopped
stream: dropping late frames (1.1 s behind)
 3.6 fps  infer 306.7 ms  persons 1  LOCKED id 2  4.85 m  steer +0.00 thr +1.00  L+150 R+150  
WARNING no camera frame for 1.0 s - motors stopped
stream: dropping late frames (1.2 s behind)
stream: lost, reconnecting
WARNING no camera frame for 2.0 s - motors stopped
WARNING no camera frame for 3.0 s - motors stopped
WARNING no camera frame for 4.0 s - motors stopped
WARNING no camera frame for 5.0 s - motors stopped
stream: connected to rtsp://192.168.1.11:554 (640x360)
 3.7 fps  infer 288.2 ms  persons 1  LOCKED id 2  3.25 m  steer +0.00 thr +0.85  L+141 R+141  
 3.4 fps  infer 318.8 ms  persons 1  LOCKED id 2  1.62 m  steer +0.00 thr -0.27  L-106 R-106  
 3.5 fps  infer 290.1 ms  persons 1  LOCKED id 2  1.33 m (from width)  steer +0.00 thr -0.47  L-117 R-117  
stream: dropping late frames (0.5 s behind)
WARNING no camera frame for 1.0 s - motors stopped
stream: dropping late frames (1.8 s behind)
WARNING no camera frame for 2.0 s - motors stopped
WARNING no camera frame for 3.0 s - motors stopped
WARNING no camera frame for 4.0 s - motors stopped
[ WARN:0@384.461] global cap_ffmpeg_impl.hpp:453 _opencv_ffmpeg_interrupt_callback Stream timeout triggered after 2002.652378 ms
stream: dropping late frames (3.5 s behind)
WARNING no camera frame for 5.0 s - motors stopped
WARNING no camera frame for 6.0 s - motors stopped
[ WARN:0@386.556] global cap_ffmpeg_impl.hpp:453 _opencv_ffmpeg_interrupt_callback Stream timeout triggered after 2068.408277 ms
stream: lost, reconnecting
WARNING no camera frame for 7.0 s - motors stopped
WARNING no camera frame for 8.1 s - motors stopped
WARNING no camera frame for 9.1 s - motors stopped
WARNING no camera frame for 10.1 s - motors stopped
WARNING no camera frame for 11.1 s - motors stopped
WARNING no camera frame for 12.1 s - motors stopped
WARNING no camera frame for 13.1 s - motors stopped
WARNING no camera frame for 14.1 s - motors stopped
WARNING no camera frame for 15.1 s - motors stopped
WARNING no camera frame for 16.1 s - motors stopped
[ WARN:0@396.646] global cap_ffmpeg_impl.hpp:453 _opencv_ffmpeg_interrupt_callback Stream timeout triggered after 10088.552967 ms
[ WARN:0@396.654] global cap_ffmpeg_impl.hpp:453 _opencv_ffmpeg_interrupt_callback Stream timeout triggered after 10096.455237 ms
stream: connected to rtsp://192.168.1.11:554 (640x360)
 3.8 fps  infer 253.5 ms  persons 0  NO TARGET  -  steer +0.00 thr +0.00  L  +0 R  +0  
WARNING no camera frame for 1.0 s - motors stopped
 3.9 fps  infer 243.6 ms  persons 1  LOCKED id 6  3.39 m (from width)  steer +0.00 thr +0.97  L+148 R+148  
WARNING no camera frame for 1.0 s - motors stopped
WARNING no camera frame for 2.0 s - motors stopped
[ WARN:0@401.076] global cap_ffmpeg_impl.hpp:453 _opencv_ffmpeg_interrupt_callback Stream timeout triggered after 2068.097578 ms
stream: dropping late frames (2.0 s behind)
WARNING no camera frame for 3.0 s - motors stopped
WARNING no camera frame for 4.0 s - motors stopped
[ WARN:0@403.110] global cap_ffmpeg_impl.hpp:453 _opencv_ffmpeg_interrupt_callback Stream timeout triggered after 2015.514813 ms
stream: lost, reconnecting
WARNING no camera frame for 5.0 s - motors stopped
WARNING no camera frame for 6.0 s - motors stopped
WARNING no camera frame for 7.0 s - motors stopped
WARNING no camera frame for 8.0 s - motors stopped
WARNING no camera frame for 9.0 s - motors stopped
WARNING no camera frame for 10.1 s - motors stopped
WARNING no camera frame for 11.1 s - motors stopped
WARNING no camera frame for 12.1 s - motors stopped
WARNING no camera frame for 13.1 s - motors stopped
WARNING no camera frame for 14.1 s - motors stopped
[ WARN:0@413.148] global cap_ffmpeg_impl.hpp:453 _opencv_ffmpeg_interrupt_callback Stream timeout triggered after 10036.154432 ms
[ WARN:0@413.162] global cap_ffmpeg_impl.hpp:453 _opencv_ffmpeg_interrupt_callback Stream timeout triggered after 10050.347707 ms
stream: connected to rtsp://192.168.1.11:554 (640x360)
 3.9 fps  infer 256.6 ms  persons 1  LOCKED id 2  1.06 m (from width)  steer +0.00 thr -0.66  L-129 R-129  
WARNING no camera frame for 1.0 s - motors stopped
[ WARN:0@415.284] global cap_ffmpeg_impl.hpp:453 _opencv_ffmpeg_interrupt_callback Stream timeout triggered after 2014.947341 ms
stream: lost, reconnecting
WARNING no camera frame for 2.0 s - motors stopped
WARNING no camera frame for 3.0 s - motors stopped
WARNING no camera frame for 4.0 s - motors stopped
WARNING no camera frame for 5.0 s - motors stopped
WARNING no camera frame for 6.1 s - motors stopped
WARNING no camera frame for 7.1 s - motors stopped
stream: connected to rtsp://192.168.1.11:554 (640x360)
 3.8 fps  infer 272.6 ms  persons 1  LOCKED id 2  1.45 m  steer +0.00 thr -0.38  L-113 R-113  
 3.6 fps  infer 297.4 ms  persons 1  LOCKED id 2  2.61 m  steer +0.00 thr +0.42  L+115 R+115  
stream: dropping late frames (0.6 s behind)
 3.7 fps  infer 269.7 ms  persons 1  LOCKED id 2  3.36 m  steer +0.00 thr +0.96  L+147 R+147  
WARNING no camera frame for 1.0 s - motors stopped
stream: dropping late frames (2.0 s behind)
WARNING no camera frame for 2.0 s - motors stopped
 4.0 fps  infer 240.7 ms  persons 1  LOCKED id 2  3.69 m  steer +0.00 thr +1.00  L+150 R+150  
stream: dropping late frames (0.9 s behind)
 4.0 fps  infer 241.1 ms  persons 1  LOCKED id 2  4.01 m  steer +0.00 thr +1.00  L+150 R+150  
WARNING no camera frame for 1.0 s - motors stopped
WARNING no camera frame for 2.0 s - motors stopped
[ WARN:0@429.601] global cap_ffmpeg_impl.hpp:453 _opencv_ffmpeg_interrupt_callback Stream timeout triggered after 2079.444165 ms
stream: dropping late frames (2.1 s behind)
WARNING no camera frame for 3.0 s - motors stopped
stream: dropping late frames (2.5 s behind)
 4.0 fps  infer 256.2 ms  persons 1  LOCKED id 2  3.65 m  steer +0.00 thr +1.00  L+150 R+150  
WARNING no camera frame for 1.0 s - motors stopped
stream: dropping late frames (1.0 s behind)
WARNING no camera frame for 2.0 s - motors stopped
WARNING no camera frame for 3.0 s - motors stopped
[ WARN:0@433.930] global cap_ffmpeg_impl.hpp:453 _opencv_ffmpeg_interrupt_callback Stream timeout triggered after 2038.766622 ms
stream: dropping late frames (3.0 s behind)
 4.0 fps  infer 253.0 ms  persons 1  LOCKED id 2  2.98 m  steer +0.00 thr +0.67  L+130 R+130  
 3.8 fps  infer 283.7 ms  persons 1  LOCKED id 2  1.69 m  steer +0.00 thr -0.22  L-103 R-103  
 3.7 fps  infer 282.0 ms  persons 1  LOCKED id 2  1.51 m (from width)  steer +0.00 thr -0.34  L-110 R-110  
 3.7 fps  infer 277.9 ms  persons 1  LOCKED id 2  1.93 m  steer +0.00 thr +0.00  L  +0 R  +0  
 3.9 fps  infer 253.6 ms  persons 1  LOCKED id 2  1.90 m  steer +0.00 thr +0.00  L  +0 R  +0  
 3.8 fps  infer 268.1 ms  persons 1  LOCKED id 2  1.40 m (from width)  steer +0.00 thr -0.43  L-115 R-115  
 3.7 fps  infer 273.3 ms  persons 1  LOCKED id 2  1.87 m  steer +0.00 thr +0.00  L  +0 R  +0  
 3.7 fps  infer 265.0 ms  persons 1  LOCKED id 2  2.83 m  steer +0.00 thr +0.62  L+127 R+127  
stream: dropping late frames (0.5 s behind)
 3.9 fps  infer 241.0 ms  persons 1  LOCKED id 2  2.55 m  steer +0.00 thr +0.38  L+112 R+112  
WARNING no camera frame for 1.0 s - motors stopped
stream: dropping late frames (1.4 s behind)
 3.7 fps  infer 276.6 ms  persons 1  LOCKED id 2  2.86 m  steer +0.00 thr +0.62  L+127 R+127  
stream: dropping late frames (0.8 s behind)
WARNING no camera frame for 1.0 s - motors stopped
 4.0 fps  infer 256.0 ms  persons 1  LOCKED id 2  2.24 m  steer +0.00 thr +0.00  L  +0 R  +0  
 3.8 fps  infer 263.0 ms  persons 1  LOCKED id 2  1.54 m  steer +0.00 thr -0.32  L-109 R-109  
 4.0 fps  infer 244.8 ms  persons 1  LOCKED id 2  1.20 m (from width)  steer +0.00 thr -0.58  L-124 R-124  
stream: dropping late frames (0.5 s behind)
WARNING no camera frame for 1.0 s - motors stopped
stream: dropping late frames (1.6 s behind)
 4.1 fps  infer 236.3 ms  persons 1  LOCKED id 2  1.32 m (from width)  steer +0.00 thr -0.47  L-118 R-118  
 4.1 fps  infer 238.0 ms  persons 1  LOCKED id 2  1.67 m  steer +0.00 thr -0.22  L-103 R-103  
WARNING no camera frame for 1.0 s - motors stopped
stream: dropping late frames (1.7 s behind)
 3.9 fps  infer 257.9 ms  persons 1  LOCKED id 2  2.05 m  steer +0.00 thr +0.00  L  +0 R  +0  
 3.9 fps  infer 256.0 ms  persons 1  LOCKED id 2  2.37 m  steer +0.00 thr +0.24  L+104 R+104  
 3.9 fps  infer 256.3 ms  persons 1  LOCKED id 2  1.89 m  steer +0.00 thr +0.00  L  +0 R  +0  
 3.9 fps  infer 248.2 ms  persons 1  LOCKED id 2  1.76 m  steer +0.00 thr +0.00  L  +0 R  +0  
stream: dropping late frames (0.9 s behind)
 4.1 fps  infer 233.1 ms  persons 1  LOCKED id 2  1.76 m  steer +0.00 thr +0.00  L  +0 R  +0  
WARNING no camera frame for 1.0 s - motors stopped
stream: dropping late frames (1.3 s behind)
WARNING no camera frame for 2.0 s - motors stopped
stream: dropping late frames (1.5 s behind)
WARNING no camera frame for 3.0 s - motors stopped
WARNING no camera frame for 4.0 s - motors stopped
WARNING no camera frame for 5.0 s - motors stopped
[ WARN:0@464.702] global cap_ffmpeg_impl.hpp:453 _opencv_ffmpeg_interrupt_callback Stream timeout triggered after 2066.666065 ms
stream: dropping late frames (3.5 s behind)
WARNING no camera frame for 6.0 s - motors stopped
WARNING no camera frame for 7.0 s - motors stopped
[ WARN:0@466.737] global cap_ffmpeg_impl.hpp:453 _opencv_ffmpeg_interrupt_callback Stream timeout triggered after 2009.887102 ms
stream: lost, reconnecting
WARNING no camera frame for 8.0 s - motors stopped
WARNING no camera frame for 9.0 s - motors stopped
WARNING no camera frame for 10.0 s - motors stopped
WARNING no camera frame for 11.1 s - motors stopped
WARNING no camera frame for 12.1 s - motors stopped
WARNING no camera frame for 13.1 s - motors stopped
stream: connected to rtsp://192.168.1.11:554 (640x360)
 3.9 fps  infer 296.7 ms  persons 1  LOCKED id 2  1.75 m  steer +0.00 thr +0.00  L  +0 R  +0  
 3.7 fps  infer 313.6 ms  persons 1  LOCKED id 2  3.31 m  steer +0.00 thr +1.00  L+150 R+150  
WARNING no camera frame for 1.0 s - motors stopped
stream: dropping late frames (1.3 s behind)
 3.9 fps  infer 290.3 ms  persons 1  LOCKED id 2  3.55 m  steer +0.00 thr +1.00  L+150 R+150  
stream: dropping late frames (1.2 s behind)
WARNING no camera frame for 1.0 s - motors stopped
WARNING no camera frame for 2.0 s - motors stopped
stream: dropping late frames (2.4 s behind)
 3.8 fps  infer 302.5 ms  persons 1  LOCKED id 2  3.80 m  steer +0.00 thr +1.00  L+150 R+150  
 3.8 fps  infer 285.0 ms  persons 1  LOCKED id 2  3.80 m  steer +0.00 thr +1.00  L+150 R+150  
 3.9 fps  infer 256.9 ms  persons 1  LOCKED id 2  2.97 m  steer +0.00 thr +0.64  L+128 R+128  
stream: dropping late frames (0.5 s behind)
 3.8 fps  infer 276.8 ms  persons 1  LOCKED id 2  2.50 m  steer +0.00 thr +0.32  L+109 R+109  
 3.9 fps  infer 255.0 ms  persons 1  LOCKED id 2  1.57 m (from width)  steer +0.00 thr -0.32  L-109 R-109  
WARNING no camera frame for 1.0 s - motors stopped
stream: dropping late frames (2.0 s behind)
WARNING no camera frame for 2.0 s - motors stopped
stream: dropping late frames (2.8 s behind)
WARNING no camera frame for 3.0 s - motors stopped
stream: dropping late frames (1.6 s behind)
WARNING no camera frame for 4.0 s - motors stopped
 3.9 fps  infer 267.8 ms  persons 1  LOCKED id 2  1.39 m (from width)  steer +0.00 thr -0.43  L-115 R-115  
 3.8 fps  infer 259.2 ms  persons 1  LOCKED id 2  1.13 m (from width)  steer +0.00 thr -0.61  L-126 R-126  
 3.8 fps  infer 270.1 ms  persons 1  LOCKED id 2  1.13 m (from width)  steer +0.00 thr -0.62  L-126 R-126  
 3.7 fps  infer 274.6 ms  persons 1  LOCKED id 2  1.21 m (from width)  steer +0.00 thr -0.55  L-122 R-122  
 4.0 fps  infer 247.5 ms  persons 1  LOCKED id 2  1.85 m  steer +0.00 thr +0.00  L  +0 R  +0  
WARNING no camera frame for 1.0 s - motors stopped
stream: dropping late frames (1.6 s behind)
WARNING no camera frame for 2.0 s - motors stopped
WARNING no camera frame for 3.0 s - motors stopped
                                                                                                                                                                                                                                                                                                                                                                                                                                                                                                                                                                                                                                                                                                                                                                                                                                                                                                                                                                                                                                                                                                                                                                                                                                                                                                                                                                                                                                                                                                                                                                                                                                                                                                                                                                                                                                                                                                                                                                                                                                                                                                                                                                                                                                                                                                                                                                                                                                                                                                                                                                                                                                                                                                                                              