# follow  2026-09-11 14:53:49  rpi5  temp=51.5'C
# $ /home/rasp/rover-venv/bin/python -u follow_rover.py --source rtsp://192.168.1.11:554 --calibrate --ref-dist 2
follow_rover: model=yolo11n.pt imgsz=320 source=rtsp://192.168.1.11:554 transport=tcp cap=640x480 flip=False rotate=cw acquire_conf=0.6 lost_timeout=10.0 reid_dist=0.3 target_dist=2.0 ref_dist=2.0 ref_height=0.0 vfov=50.0 port=None max_pwm=150 min_pwm=90 hold=1.5 calibrate=True show=False view=8080
stream: connected to rtsp://192.168.1.11:554 (640x360)
camera started: rtsp://192.168.1.11:554
model loaded yolo11n.pt
no rover link - dry run, motors not driven
live view: http://<pi-address>:8080/
 0.0 fps  infer 4264.2 ms  persons 2  LOCKED id 1  3.00 m  steer +0.72 thr +0.70  L+150 R  +0  calibrating
 0.1 fps  infer 3554.5 ms  persons 2  LOCKED id 1  3.03 m  steer +0.67 thr +0.72  L+150 R +92  calibrating
 0.4 fps  infer 2486.6 ms  persons 2  LOCKED id 1  3.03 m  steer +0.69 thr +0.72  L+150 R  +0  calibrating
 0.7 fps  infer 1806.4 ms  persons 2  LOCKED id 1  3.06 m  steer +0.70 thr +0.75  L+150 R +92  calibrating
 0.9 fps  infer 1368.5 ms  persons 2  LOCKED id 1  3.07 m  steer +0.71 thr +0.75  L+150 R +91  calibrating
 1.0 fps  infer 1086.3 ms  persons 2  LOCKED id 1  3.07 m  steer +0.71 thr +0.75  L+150 R +91  calibrating
 1.1 fps  infer 905.2 ms  persons 2  LOCKED id 1  3.08 m  steer +0.70 thr +0.75  L+150 R +92  calibrating
 1.2 fps  infer 790.2 ms  persons 2  LOCKED id 1  3.07 m  steer +0.71 thr +0.74  L+150 R +91  calibrating
 1.3 fps  infer 719.0 ms  persons 2  LOCKED id 1  3.03 m  steer +0.71 thr +0.72  L+150 R  +0  calibrating
 1.4 fps  infer 673.0 ms  persons 2  LOCKED id 1  3.00 m  steer +0.72 thr +0.70  L+150 R  +0  calibrating
 1.4 fps  infer 644.4 ms  persons 2  LOCKED id 1  3.03 m  steer +0.72 thr +0.72  L+150 R  +0  calibrating
 1.5 fps  infer 626.9 ms  persons 2  LOCKED id 1  3.07 m  steer +0.72 thr +0.75  L+150 R  +0  calibrating
 1.5 fps  infer 618.9 ms  persons 2  LOCKED id 1  3.09 m  steer +0.72 thr +0.76  L+150 R +91  calibrating
 1.5 fps  infer 610.5 ms  persons 2  LOCKED id 1  3.16 m  steer +0.73 thr +0.81  L+150 R +93  calibrating
 1.6 fps  infer 605.5 ms  persons 2  LOCKED id 1  3.16 m  steer +0.74 thr +0.81  L+150 R +93  calibrating
 1.6 fps  infer 603.9 ms  persons 2  LOCKED id 1  3.21 m  steer +0.73 thr +0.85  L+150 R +94  calibrating
 1.6 fps  infer 614.2 ms  persons 2  LOCKED id 1  3.23 m  steer +0.71 thr +0.86  L+150 R +95  calibrating
 1.6 fps  infer 626.2 ms  persons 2  LOCKED id 1  3.23 m  steer +0.73 thr +0.86  L+150 R +94  calibrating
 1.6 fps  infer 617.0 ms  persons 2  LOCKED id 1  3.25 m  steer +0.75 thr +0.88  L+150 R +94  calibrating
 1.6 fps  infer 612.6 ms  persons 2  LOCKED id 1  3.28 m  steer +0.73 thr +0.90  L+150 R +96  calibrating
 1.6 fps  infer 605.4 ms  persons 2  LOCKED id 1  3.28 m  steer +0.72 thr +0.89  L+150 R +96  calibrating
 1.6 fps  infer 602.8 ms  persons 2  LOCKED id 1  3.32 m  steer +0.73 thr +0.92  L+150 R +96  calibrating
 1.6 fps  infer 599.4 ms  persons 2  LOCKED id 1  3.32 m  steer +0.73 thr +0.92  L+150 R +97  calibrating
 1.6 fps  infer 595.9 ms  persons 2  LOCKED id 1  3.27 m  steer +0.73 thr +0.88  L+150 R +95  calibrating
 1.6 fps  infer 597.4 ms  persons 2  LOCKED id 1  2.62 m  steer +0.64 thr +0.37  L+150 R-105  calibrating
median box height 379 px at 2.0 m
use: --ref-dist 2.0 --ref-height 379
# exit 0  2026-09-11 14:54:58
