# follow  2026-09-11 14:57:31  rpi5  temp=54.8'C
# $ /home/rasp/rover-venv/bin/python -u follow_rover.py --source rtsp://192.168.1.11:554 --port /dev/ttyUSB0 --ref-dist 2 --ref-height 379
follow_rover: model=yolo11n.pt imgsz=320 source=rtsp://192.168.1.11:554 transport=tcp cap=640x480 flip=False rotate=cw acquire_conf=0.6 lost_timeout=10.0 reid_dist=0.3 target_dist=2.0 ref_dist=2.0 ref_height=379.0 vfov=50.0 port=/dev/ttyUSB0 max_pwm=150 min_pwm=90 hold=1.5 calibrate=False show=False view=8080
stream: connected to rtsp://192.168.1.11:554 (640x360)
camera started: rtsp://192.168.1.11:554
stream: lost, reconnecting
model loaded yolo11n.pt
rover link /dev/ttyUSB0
live view: http://<pi-address>:8080/
WARNING no camera frame for 2.2 s - motors stopped
WARNING no camera frame for 3.3 s - motors stopped
WARNING no camera frame for 4.3 s - motors stopped
WARNING no camera frame for 5.3 s - motors stopped
stream: connected to rtsp://192.168.1.11:554 (640x360)
 0.0 fps  infer 3725.1 ms  persons 1  LOCKED id 1  2.27 m  steer -0.35 thr +0.19  L -99 R+121  
 0.1 fps  infer 3129.0 ms  persons 1  LOCKED id 1  2.27 m  steer -0.35 thr +0.19  L -99 R+122  
 0.4 fps  infer 2226.5 ms  persons 1  LOCKED id 1  2.27 m  steer -0.36 thr +0.19  L-100 R+122  
 0.6 fps  infer 1646.9 ms  persons 1  LOCKED id 1  2.27 m  steer -0.35 thr +0.19  L -99 R+122  
 0.8 fps  infer 1277.4 ms  persons 1  LOCKED id 1  2.27 m  steer -0.35 thr +0.19  L -99 R+122  
 1.0 fps  infer 1042.7 ms  persons 1  LOCKED id 1  2.04 m  steer -0.50 thr -0.02  L-121 R+118  
 1.1 fps  infer 893.1 ms  persons 1  LOCKED id 1  1.57 m  steer -0.33 thr -0.33  L-129 R  +0  
 1.2 fps  infer 795.9 ms  persons 1  LOCKED id 1  clipped  steer -0.44 thr -0.25  L-131 R+101  
 1.3 fps  infer 734.0 ms  persons 1  LOCKED id 1  clipped  steer -0.47 thr -0.25  L-133 R+103  
 1.3 fps  infer 696.3 ms  persons 1  LOCKED id 1  1.87 m  steer -0.67 thr -0.07  L-134 R+126  
 1.4 fps  infer 668.9 ms  persons 1  LOCKED id 1  2.16 m  steer -0.46 thr +0.12  L-110 R+125  
 1.4 fps  infer 650.4 ms  persons 1  LOCKED id 1  2.22 m  steer -0.47 thr +0.15  L-109 R+127  
 1.4 fps  infer 648.1 ms  persons 1  LOCKED id 1  2.22 m  steer -0.48 thr +0.16  L-109 R+128  
 1.5 fps  infer 638.9 ms  persons 1  LOCKED id 1  2.23 m  steer -0.48 thr +0.16  L-109 R+128  
 1.5 fps  infer 634.6 ms  persons 1  LOCKED id 1  2.23 m  steer -0.49 thr +0.16  L-109 R+128  
 1.5 fps  infer 631.9 ms  persons 1  LOCKED id 1  2.22 m  steer -0.49 thr +0.16  L-109 R+128  
 1.5 fps  infer 626.7 ms  persons 1  LOCKED id 1  2.22 m  steer -0.49 thr +0.15  L-110 R+128  
# exit 0  2026-09-11 14:58:33
