# follow  2026-09-13 12:56:34  rpi5  temp=60.1'C
# $ /home/rasp/rover-venv/bin/python -u follow_rover.py --port auto
feet distance: off (calibrate with --cam-height to follow closer than ~2 m)
calibration: 473 px at 2.0 m, saved 2026-09-13 11:58
follow_rover: model=auto imgsz=320 source=usb transport=tcp cap=640x480 flip=False acquire_conf=0.6 lost_timeout=10.0 reid_dist=0.3 cam_height=0.0 ref_dist=2.0 ref_height=472.9 vfov=50.0 port=auto max_pwm=150 min_pwm=90 steer=False stop_dist=1.2 start_dist=1.6 hold=1.5 calibrate=False show=False view=8080
webcam: /dev/video0 640x480 @ 25 fps
camera started: usb
model loaded yolo11n_192x320.onnx, input [192, 320]
rover link /dev/ttyUSB0 (ESP32 firmware answered)
live view: http://<pi-address>:8080/
Loading yolo11n_192x320.onnx for ONNX Runtime inference...
Using ONNX Runtime 1.30.0 with CPUExecutionProvider
 0.0 fps  infer 5356.0 ms  persons 1  LOCKED id 1  edge cut, holding  steer +0.00 thr +0.00  L  +0 R  +0  
 0.4 fps  infer 4340.4 ms  persons 0  NO TARGET  -  steer +0.00 thr +0.00  L  +0 R  +0  
 1.7 fps  infer 1918.3 ms  persons 0  NO TARGET  -  steer +0.00 thr +0.00  L  +0 R  +0  
 2.6 fps  infer 918.6 ms  persons 0  NO TARGET  -  steer +0.00 thr +0.00  L  +0 R  +0  
 3.3 fps  infer 463.9 ms  persons 0  NO TARGET  -  steer +0.00 thr +0.00  L  +0 R  +0  
 3.5 fps  infer 331.3 ms  persons 1  LOCKED id 2  edge cut, holding  steer +0.00 thr +0.00  L  +0 R  +0  
 3.7 fps  infer 276.0 ms  persons 1  LOCKED id 2  edge cut, holding  steer +0.00 thr +0.00  L  +0 R  +0  
 3.8 fps  infer 266.6 ms  persons 1  LOCKED id 2  edge cut, holding  steer +0.00 thr +0.00  L  +0 R  +0  
 3.8 fps  infer 259.5 ms  persons 1  LOCKED id 2  edge cut, holding  steer +0.00 thr +0.00  L  +0 R  +0  
 4.0 fps  infer 240.0 ms  persons 1  LOCKED id 2  edge cut, holding  steer +0.00 thr +0.00  L  +0 R  +0  
 4.0 fps  infer 241.4 ms  persons 1  LOCKED id 2  edge cut, holding  steer +0.00 thr +0.00  L  +0 R  +0  
 4.0 fps  infer 237.5 ms  persons 1  LOCKED id 1  5.16 m  FOLLOW  steer +0.00 thr +1.00  L+150 R+150  
 4.1 fps  infer 238.2 ms  persons 1  LOCKED id 1  4.76 m  FOLLOW  steer +0.00 thr +1.00  L+150 R+150  
 4.1 fps  infer 242.8 ms  persons 1  LOCKED id 1  4.32 m  FOLLOW  steer +0.00 thr +1.00  L+150 R+150  
 3.7 fps  infer 311.1 ms  persons 0  SEARCHING id 1 0.4/10 s  -  steer +0.00 thr +0.00  L  +0 R  +0  
 3.8 fps  infer 282.9 ms  persons 0  SEARCHING id 1 1.4/10 s  -  steer +0.00 thr +0.00  L  +0 R  +0  
 3.9 fps  infer 260.2 ms  persons 0  SEARCHING id 1 2.4/10 s  -  steer +0.00 thr +0.00  L  +0 R  +0  
 3.9 fps  infer 252.5 ms  persons 0  SEARCHING id 1 3.5/10 s  -  steer +0.00 thr +0.00  L  +0 R  +0  
 3.8 fps  infer 264.6 ms  persons 0  SEARCHING id 1 4.6/10 s  -  steer +0.00 thr +0.00  L  +0 R  +0  
 3.7 fps  infer 278.8 ms  persons 0  SEARCHING id 1 5.8/10 s  -  steer +0.00 thr +0.00  L  +0 R  +0  
 3.4 fps  infer 326.2 ms  persons 0  SEARCHING id 1 6.9/10 s  -  steer +0.00 thr +0.00  L  +0 R  +0  
 3.5 fps  infer 297.0 ms  persons 0  SEARCHING id 1 7.9/10 s  -  steer +0.00 thr +0.00  L  +0 R  +0  
 3.6 fps  infer 274.1 ms  persons 0  SEARCHING id 1 9.0/10 s  -  steer +0.00 thr +0.00  L  +0 R  +0  
 3.7 fps  infer 264.2 ms  persons 0  NO TARGET  -  steer +0.00 thr +0.00  L  +0 R  +0  
 3.8 fps  infer 259.6 ms  persons 0  NO TARGET  -  steer +0.00 thr +0.00  L  +0 R  +0  
 3.8 fps  infer 262.0 ms  persons 1  LOCKED id 3  6.04 m (from width)  STOP  steer +0.00 thr +0.00  L  +0 R  +0  
 3.7 fps  infer 270.0 ms  persons 1  LOCKED id 3  6.13 m (from width)  STOP  steer +0.00 thr +0.00  L  +0 R  +0  
 3.7 fps  infer 269.8 ms  persons 1  LOCKED id 3  5.80 m (from width)  STOP  steer +0.00 thr +0.00  L  +0 R  +0  
 3.6 fps  infer 281.2 ms  persons 1  LOCKED id 3  5.47 m (from width)  STOP  steer +0.00 thr +0.00  L  +0 R  +0  
 3.4 fps  infer 309.7 ms  persons 1  LOCKED id 3  5.40 m (from width)  STOP  steer +0.00 thr +0.00  L  +0 R  +0  
 3.4 fps  infer 295.2 ms  persons 1  LOCKED id 3  5.26 m (from width)  STOP  steer +0.00 thr +0.00  L  +0 R  +0  
 3.4 fps  infer 289.2 ms  persons 1  LOCKED id 3  5.18 m (from width)  STOP  steer +0.00 thr +0.00  L  +0 R  +0  
 3.4 fps  infer 295.0 ms  persons 1  LOCKED id 3  5.10 m (from width)  STOP  steer +0.00 thr +0.00  L  +0 R  +0  
 3.4 fps  infer 291.6 ms  persons 1  LOCKED id 3  4.96 m (from width)  STOP  steer +0.00 thr +0.00  L  +0 R  +0  
 3.4 fps  infer 287.2 ms  persons 1  LOCKED id 3  5.01 m (from width)  STOP  steer +0.00 thr +0.00  L  +0 R  +0  
 3.4 fps  infer 290.0 ms  persons 0  SEARCHING id 3 0.3/10 s  -  steer +0.00 thr +0.00  L  +0 R  +0  
 3.4 fps  infer 288.9 ms  persons 0  SEARCHING id 3 1.5/10 s  -  steer +0.00 thr +0.00  L  +0 R  +0  
 3.5 fps  infer 286.1 ms  persons 0  SEARCHING id 3 2.7/10 s  -  steer +0.00 thr +0.00  L  +0 R  +0  
 3.5 fps  infer 286.2 ms  persons 0  SEARCHING id 3 3.9/10 s  -  steer +0.00 thr +0.00  L  +0 R  +0  
 3.5 fps  infer 287.4 ms  persons 0  SEARCHING id 3 5.1/10 s  -  steer +0.00 thr +0.00  L  +0 R  +0  
 3.5 fps  infer 290.7 ms  persons 0  SEARCHING id 3 6.3/10 s  -  steer +0.00 thr +0.00  L  +0 R  +0  
 3.5 fps  infer 283.9 ms  persons 0  SEARCHING id 3 7.5/10 s  -  steer +0.00 thr +0.00  L  +0 R  +0  
 3.5 fps  infer 285.8 ms  persons 0  SEARCHING id 3 8.7/10 s  -  steer +0.00 thr +0.00  L  +0 R  +0  
 3.5 fps  infer 287.2 ms  persons 0  SEARCHING id 3 9.9/10 s  -  steer +0.00 thr +0.00  L  +0 R  +0  
 3.4 fps  infer 306.0 ms  persons 0  NO TARGET  -  steer +0.00 thr +0.00  L  +0 R  +0  
 3.5 fps  infer 282.6 ms  persons 0  NO TARGET  -  steer +0.00 thr +0.00  L  +0 R  +0  
 3.6 fps  infer 274.2 ms  persons 1  LOCKED id 3  5.81 m (from width)  STOP  steer +0.00 thr +0.00  L  +0 R  +0  
 3.6 fps  infer 275.4 ms  persons 1  LOCKED id 3  3.94 m (from width)  STOP  steer +0.00 thr +0.00  L  +0 R  +0  
 3.6 fps  infer 270.1 ms  persons 1  LOCKED id 3  2.89 m (from width)  STOP  steer +0.00 thr +0.00  L  +0 R  +0  
 3.7 fps  infer 264.5 ms  persons 1  LOCKED id 3  2.17 m (from width)  STOP  steer +0.00 thr +0.00  L  +0 R  +0  
 3.6 fps  infer 265.4 ms  persons 1  LOCKED id 3  right next to the rover - STOP  steer +0.00 thr +0.00  L  +0 R  +0  
 3.6 fps  infer 271.7 ms  persons 1  LOCKED id 3  right next to the rover - STOP  steer +0.00 thr +0.00  L  +0 R  +0  
 3.6 fps  infer 271.5 ms  persons 0  SEARCHING id 3 1.2/10 s  -  steer +0.00 thr +0.00  L  +0 R  +0  
 3.7 fps  infer 263.8 ms  persons 0  SEARCHING id 3 2.3/10 s  -  steer +0.00 thr +0.00  L  +0 R  +0  
 3.7 fps  infer 266.3 ms  persons 0  SEARCHING id 3 3.4/10 s  -  steer +0.00 thr +0.00  L  +0 R  +0  
 3.6 fps  infer 278.4 ms  persons 0  SEARCHING id 3 4.6/10 s  -  steer +0.00 thr +0.00  L  +0 R  +0  
 3.6 fps  infer 272.6 ms  persons 1  SEARCHING id 3 5.7/10 s  reid best 0.50  -  steer +0.00 thr +0.00  L  +0 R  +0  
 3.6 fps  infer 276.3 ms  persons 1  SEARCHING id 3 6.9/10 s  reid best 0.43  -  steer +0.00 thr +0.00  L  +0 R  +0  
 3.5 fps  infer 279.6 ms  persons 1  SEARCHING id 3 8.1/10 s  reid best 0.42  -  steer +0.00 thr +0.00  L  +0 R  +0  
 3.5 fps  infer 286.9 ms  persons 1  SEARCHING id 3 9.3/10 s  reid best 0.40  -  steer +0.00 thr +0.00  L  +0 R  +0  
 3.4 fps  infer 291.2 ms  persons 1  LOCKED id 7  3.24 m (from width)  STOP  steer +0.00 thr +0.00  L  +0 R  +0  
 3.4 fps  infer 291.9 ms  persons 1  LOCKED id 7  3.28 m (from width)  STOP  steer +0.00 thr +0.00  L  +0 R  +0  
 3.4 fps  infer 289.0 ms  persons 1  LOCKED id 7  3.51 m (from width)  STOP  steer +0.00 thr +0.00  L  +0 R  +0  
 3.4 fps  infer 286.5 ms  persons 1  LOCKED id 7  3.69 m  FOLLOW  steer +0.00 thr +1.00  L+150 R+150  
 3.4 fps  infer 283.4 ms  persons 1  LOCKED id 7  3.94 m (from width)  STOP  steer +0.00 thr +0.00  L  +0 R  +0  
 3.4 fps  infer 289.5 ms  persons 1  LOCKED id 7  3.70 m  FOLLOW  steer +0.00 thr +1.00  L+150 R+150  
 3.3 fps  infer 297.0 ms  persons 1  LOCKED id 7  4.03 m (from width)  STOP  steer +0.00 thr +0.00  L  +0 R  +0  
 3.4 fps  infer 287.3 ms  persons 1  LOCKED id 7  3.99 m (from width)  STOP  steer +0.00 thr +0.00  L  +0 R  +0  
 3.4 fps  infer 297.3 ms  persons 1  LOCKED id 7  4.04 m (from width)  STOP  steer +0.00 thr +0.00  L  +0 R  +0  
 3.3 fps  infer 306.5 ms  persons 1  LOCKED id 7  3.99 m  FOLLOW  steer +0.00 thr +1.00  L+150 R+150  
 3.3 fps  infer 294.2 ms  persons 1  LOCKED id 7  4.00 m  FOLLOW  steer +0.00 thr +1.00  L+150 R+150  
 3.3 fps  infer 292.0 ms  persons 1  LOCKED id 7  4.01 m (from width)  STOP  steer +0.00 thr +0.00  L  +0 R  +0  
 3.3 fps  infer 299.8 ms  persons 1  LOCKED id 7  3.72 m (from width)  STOP  steer +0.00 thr +0.00  L  +0 R  +0  
 3.2 fps  infer 309.5 ms  persons 1  LOCKED id 7  3.44 m (from width)  STOP  steer +0.00 thr +0.00  L  +0 R  +0  
 3.2 fps  infer 318.1 ms  persons 1  LOCKED id 7  2.75 m (from width)  STOP  steer +0.00 thr +0.00  L  +0 R  +0  
 3.2 fps  infer 310.5 ms  persons 1  LOCKED id 7  2.10 m (from width)  STOP  steer +0.00 thr +0.00  L  +0 R  +0  
 3.2 fps  infer 298.9 ms  persons 1  LOCKED id 7  right next to the rover - STOP  steer +0.00 thr +0.00  L  +0 R  +0  
 3.2 fps  infer 301.4 ms  persons 0  SEARCHING id 7 0.3/10 s  -  steer +0.00 thr +0.00  L  +0 R  +0  
 3.3 fps  infer 300.2 ms  persons 0  SEARCHING id 7 1.6/10 s  -  steer +0.00 thr +0.00  L  +0 R  +0  
 3.3 fps  infer 296.7 ms  persons 0  SEARCHING id 7 2.8/10 s  -  steer +0.00 thr +0.00  L  +0 R  +0  
 3.4 fps  infer 287.8 ms  persons 0  SEARCHING id 7 4.0/10 s  -  steer +0.00 thr +0.00  L  +0 R  +0  
 3.4 fps  infer 289.1 ms  persons 0  SEARCHING id 7 5.2/10 s  -  steer +0.00 thr +0.00  L  +0 R  +0  
 3.4 fps  infer 296.8 ms  persons 1  LOCKED id 7  right next to the rover - STOP  steer +0.00 thr +0.00  L  +0 R  +0  
 3.3 fps  infer 303.1 ms  persons 1  LOCKED id 7  right next to the rover - STOP  steer +0.00 thr +0.00  L  +0 R  +0  
 3.4 fps  infer 288.4 ms  persons 0  SEARCHING id 7 0.6/10 s  -  steer +0.00 thr +0.00  L  +0 R  +0  
 3.4 fps  infer 298.6 ms  persons 0  SEARCHING id 7 1.8/10 s  -  steer +0.00 thr +0.00  L  +0 R  +0  
 3.3 fps  infer 306.4 ms  persons 0  SEARCHING id 7 2.8/10 s  -  steer +0.00 thr +0.00  L  +0 R  +0  
 3.2 fps  infer 315.5 ms  persons 0  SEARCHING id 7 3.8/10 s  -  steer +0.00 thr +0.00  L  +0 R  +0  
 3.2 fps  infer 320.1 ms  persons 0  SEARCHING id 7 4.8/10 s  -  steer +0.00 thr +0.00  L  +0 R  +0  
 3.2 fps  infer 308.5 ms  persons 0  SEARCHING id 7 6.1/10 s  -  steer +0.00 thr +0.00  L  +0 R  +0  
 3.3 fps  infer 301.3 ms  persons 0  SEARCHING id 7 7.4/10 s  -  steer +0.00 thr +0.00  L  +0 R  +0  
 3.3 fps  infer 303.6 ms  persons 0  SEARCHING id 7 8.7/10 s  -  steer +0.00 thr +0.00  L  +0 R  +0  
 3.2 fps  infer 311.9 ms  persons 0  NO TARGET  -  steer +0.00 thr +0.00  L  +0 R  +0  
 3.2 fps  infer 310.5 ms  persons 0  NO TARGET  -  steer +0.00 thr +0.00  L  +0 R  +0  
 3.2 fps  infer 317.8 ms  persons 0  NO TARGET  -  steer +0.00 thr +0.00  L  +0 R  +0  
 3.2 fps  infer 314.1 ms  persons 0  NO TARGET  -  steer +0.00 thr +0.00  L  +0 R  +0  
 3.2 fps  infer 315.6 ms  persons 0  NO TARGET  -  steer +0.00 thr +0.00  L  +0 R  +0  
 3.2 fps  infer 318.9 ms  persons 0  NO TARGET  -  steer +0.00 thr +0.00  L  +0 R  +0  
 3.2 fps  infer 319.6 ms  persons 0  NO TARGET  -  steer +0.00 thr +0.00  L  +0 R  +0  
 3.2 fps  infer 315.7 ms  persons 0  NO TARGET  -  steer +0.00 thr +0.00  L  +0 R  +0  
 3.2 fps  infer 307.8 ms  persons 0  NO TARGET  -  steer +0.00 thr +0.00  L  +0 R  +0  
 3.2 fps  infer 312.5 ms  persons 0  NO TARGET  -  steer +0.00 thr +0.00  L  +0 R  +0  
 3.1 fps  infer 326.9 ms  persons 0  NO TARGET  -  steer +0.00 thr +0.00  L  +0 R  +0  
 3.1 fps  infer 334.8 ms  persons 0  NO TARGET  -  steer +0.00 thr +0.00  L  +0 R  +0  
 3.0 fps  infer 341.6 ms  persons 0  NO TARGET  -  steer +0.00 thr +0.00  L  +0 R  +0  
 3.0 fps  infer 337.3 ms  persons 0  NO TARGET  -  steer +0.00 thr +0.00  L  +0 R  +0  
 3.0 fps  infer 336.4 ms  persons 0  NO TARGET  -  steer +0.00 thr +0.00  L  +0 R  +0  
 3.0 fps  infer 338.4 ms  persons 0  NO TARGET  -  steer +0.00 thr +0.00  L  +0 R  +0  
 3.0 fps  infer 334.5 ms  persons 0  NO TARGET  -  steer +0.00 thr +0.00  L  +0 R  +0  
 3.0 fps  infer 326.5 ms  persons 0  NO TARGET  -  steer +0.00 thr +0.00  L  +0 R  +0  
 3.0 fps  infer 326.6 ms  persons 0  NO TARGET  -  steer +0.00 thr +0.00  L  +0 R  +0  
 3.1 fps  infer 318.9 ms  persons 0  NO TARGET  -  steer +0.00 thr +0.00  L  +0 R  +0  
 3.1 fps  infer 323.6 ms  persons 0  NO TARGET  -  steer +0.00 thr +0.00  L  +0 R  +0  
 3.1 fps  infer 319.5 ms  persons 0  NO TARGET  -  steer +0.00 thr +0.00  L  +0 R  +0  
 3.2 fps  infer 308.8 ms  persons 0  NO TARGET  -  steer +0.00 thr +0.00  L  +0 R  +0  
 3.1 fps  infer 319.2 ms  persons 0  NO TARGET  -  steer +0.00 thr +0.00  L  +0 R  +0  
 3.1 fps  infer 323.4 ms  persons 0  NO TARGET  -  steer +0.00 thr +0.00  L  +0 R  +0  
 3.1 fps  infer 322.7 ms  persons 0  NO TARGET  -  steer +0.00 thr +0.00  L  +0 R  +0  
 3.1 fps  infer 318.4 ms  persons 0  NO TARGET  -  steer +0.00 thr +0.00  L  +0 R  +0  
 3.1 fps  infer 325.4 ms  persons 0  NO TARGET  -  steer +0.00 thr +0.00  L  +0 R  +0  
 3.1 fps  infer 324.9 ms  persons 0  NO TARGET  -  steer +0.00 thr +0.00  L  +0 R  +0  
 3.1 fps  infer 331.2 ms  persons 0  NO TARGET  -  steer +0.00 thr +0.00  L  +0 R  +0  
 3.0 fps  infer 344.7 ms  persons 0  NO TARGET  -  steer +0.00 thr +0.00  L  +0 R  +0  
 2.7 fps  infer 410.2 ms  persons 0  NO TARGET  -  steer +0.00 thr +0.00  L  +0 R  +0  
 2.7 fps  infer 409.6 ms  persons 0  NO TARGET  -  steer +0.00 thr +0.00  L  +0 R  +0  
 2.7 fps  infer 391.1 ms  persons 0  NO TARGET  -  steer +0.00 thr +0.00  L  +0 R  +0  
 2.7 fps  infer 366.8 ms  persons 0  NO TARGET  -  steer +0.00 thr +0.00  L  +0 R  +0  
 2.8 fps  infer 351.2 ms  persons 0  NO TARGET  -  steer +0.00 thr +0.00  L  +0 R  +0  
 2.8 fps  infer 347.6 ms  persons 0  NO TARGET  -  steer +0.00 thr +0.00  L  +0 R  +0  
 2.8 fps  infer 348.5 ms  persons 0  NO TARGET  -  steer +0.00 thr +0.00  L  +0 R  +0  
 2.9 fps  infer 345.3 ms  persons 0  NO TARGET  -  steer +0.00 thr +0.00  L  +0 R  +0  
 2.9 fps  infer 344.2 ms  persons 0  NO TARGET  -  steer +0.00 thr +0.00  L  +0 R  +0  
 2.9 fps  infer 349.4 ms  persons 0  NO TARGET  -  steer +0.00 thr +0.00  L  +0 R  +0  
 2.9 fps  infer 352.1 ms  persons 0  NO TARGET  -  steer +0.00 thr +0.00  L  +0 R  +0  
 2.9 fps  infer 339.8 ms  persons 0  NO TARGET  -  steer +0.00 thr +0.00  L  +0 R  +0  
 2.8 fps  infer 361.0 ms  persons 0  NO TARGET  -  steer +0.00 thr +0.00  L  +0 R  +0  
 2.9 fps  infer 348.0 ms  persons 0  NO TARGET  -  steer +0.00 thr +0.00  L  +0 R  +0  
 3.0 fps  infer 331.4 ms  persons 0  NO TARGET  -  steer +0.00 thr +0.00  L  +0 R  +0  
 3.0 fps  infer 327.8 ms  persons 0  NO TARGET  -  steer +0.00 thr +0.00  L  +0 R  +0  
 3.0 fps  infer 326.2 ms  persons 0  NO TARGET  -  steer +0.00 thr +0.00  L  +0 R  +0  
 3.0 fps  infer 330.5 ms  persons 0  NO TARGET  -  steer +0.00 thr +0.00  L  +0 R  +0  
 3.0 fps  infer 329.7 ms  persons 0  NO TARGET  -  steer +0.00 thr +0.00  L  +0 R  +0  
 3.0 fps  infer 329.2 ms  persons 0  NO TARGET  -  steer +0.00 thr +0.00  L  +0 R  +0  
 3.1 fps  infer 319.2 ms  persons 0  NO TARGET  -  steer +0.00 thr +0.00  L  +0 R  +0  
 3.1 fps  infer 322.2 ms  persons 0  NO TARGET  -  steer +0.00 thr +0.00  L  +0 R  +0  
 3.1 fps  infer 323.3 ms  persons 0  NO TARGET  -  steer +0.00 thr +0.00  L  +0 R  +0  
 3.1 fps  infer 322.6 ms  persons 0  NO TARGET  -  steer +0.00 thr +0.00  L  +0 R  +0  
 3.1 fps  infer 325.9 ms  persons 0  NO TARGET  -  steer +0.00 thr +0.00  L  +0 R  +0  
 3.0 fps  infer 328.2 ms  persons 1  LOCKED id 10  right next to the rover - STOP  steer +0.00 thr +0.00  L  +0 R  +0  
 3.0 fps  infer 334.6 ms  persons 1  LOCKED id 10  right next to the rover - STOP  steer +0.00 thr +0.00  L  +0 R  +0  
 2.9 fps  infer 336.9 ms  persons 1  LOCKED id 10  right next to the rover - STOP  steer +0.00 thr +0.00  L  +0 R  +0  
 2.9 fps  infer 339.6 ms  persons 1  LOCKED id 10  right next to the rover - STOP  steer +0.00 thr +0.00  L  +0 R  +0  
 2.9 fps  infer 334.0 ms  persons 1  LOCKED id 10  right next to the rover - STOP  steer +0.00 thr +0.00  L  +0 R  +0  
 2.9 fps  infer 332.8 ms  persons 0  SEARCHING id 10 0.7/10 s  -  steer +0.00 thr +0.00  L  +0 R  +0  
 2.9 fps  infer 332.9 ms  persons 0  SEARCHING id 10 1.7/10 s  -  steer +0.00 thr +0.00  L  +0 R  +0  
 3.0 fps  infer 329.4 ms  persons 0  SEARCHING id 10 3.0/10 s  -  steer +0.00 thr +0.00  L  +0 R  +0  
 3.0 fps  infer 327.6 ms  persons 0  SEARCHING id 10 4.3/10 s  -  steer +0.00 thr +0.00  L  +0 R  +0  
 3.0 fps  infer 333.1 ms  persons 0  SEARCHING id 10 5.3/10 s  -  steer +0.00 thr +0.00  L  +0 R  +0  
 3.0 fps  infer 337.4 ms  persons 0  SEARCHING id 10 6.4/10 s  -  steer +0.00 thr +0.00  L  +0 R  +0  
 2.9 fps  infer 344.7 ms  persons 0  SEARCHING id 10 7.4/10 s  -  steer +0.00 thr +0.00  L  +0 R  +0  
 3.0 fps  infer 337.1 ms  persons 0  SEARCHING id 10 8.5/10 s  -  steer +0.00 thr +0.00  L  +0 R  +0  
 3.0 fps  infer 331.4 ms  persons 0  SEARCHING id 10 9.8/10 s  -  steer +0.00 thr +0.00  L  +0 R  +0  
 3.0 fps  infer 328.0 ms  persons 1  LOCKED id 10  right next to the rover - STOP  steer +0.00 thr +0.00  L  +0 R  +0  
 3.0 fps  infer 327.2 ms  persons 0  SEARCHING id 10 0.7/10 s  -  steer +0.00 thr +0.00  L  +0 R  +0  
 3.0 fps  infer 327.1 ms  persons 0  SEARCHING id 10 1.7/10 s  -  steer +0.00 thr +0.00  L  +0 R  +0  
 3.0 fps  infer 326.6 ms  persons 0  SEARCHING id 10 0.3/10 s  -  steer +0.00 thr +0.00  L  +0 R  +0  
 3.1 fps  infer 315.4 ms  persons 0  SEARCHING id 10 1.6/10 s  -  steer +0.00 thr +0.00  L  +0 R  +0  
 3.2 fps  infer 304.0 ms  persons 0  SEARCHING id 10 2.8/10 s  -  steer +0.00 thr +0.00  L  +0 R  +0  
 3.2 fps  infer 311.2 ms  persons 0  SEARCHING id 10 4.0/10 s  -  steer +0.00 thr +0.00  L  +0 R  +0  
 3.2 fps  infer 310.7 ms  persons 0  SEARCHING id 10 5.3/10 s  -  steer +0.00 thr +0.00  L  +0 R  +0  
 3.2 fps  infer 304.4 ms  persons 0  SEARCHING id 10 6.5/10 s  -  steer +0.00 thr +0.00  L  +0 R  +0  
 3.2 fps  infer 307.4 ms  persons 0  SEARCHING id 10 7.8/10 s  -  steer +0.00 thr +0.00  L  +0 R  +0  
 3.3 fps  infer 303.4 ms  persons 0  SEARCHING id 10 9.0/10 s  -  steer +0.00 thr +0.00  L  +0 R  +0  
 3.3 fps  infer 306.5 ms  persons 0  NO TARGET  -  steer +0.00 thr +0.00  L  +0 R  +0  
 3.4 fps  infer 291.7 ms  persons 0  NO TARGET  -  steer +0.00 thr +0.00  L  +0 R  +0  
 3.4 fps  infer 292.9 ms  persons 0  NO TARGET  -  steer +0.00 thr +0.00  L  +0 R  +0  
 3.4 fps  infer 295.0 ms  persons 0  NO TARGET  -  steer +0.00 thr +0.00  L  +0 R  +0  
 3.3 fps  infer 301.8 ms  persons 0  NO TARGET  -  steer +0.00 thr +0.00  L  +0 R  +0  
 3.4 fps  infer 297.3 ms  persons 0  NO TARGET  -  steer +0.00 thr +0.00  L  +0 R  +0  
 3.4 fps  infer 296.1 ms  persons 0  NO TARGET  -  steer +0.00 thr +0.00  L  +0 R  +0  
 3.4 fps  infer 298.6 ms  persons 0  NO TARGET  -  steer +0.00 thr +0.00  L  +0 R  +0  
 3.4 fps  infer 298.5 ms  persons 0  NO TARGET  -  steer +0.00 thr +0.00  L  +0 R  +0  
 3.4 fps  infer 291.1 ms  persons 0  NO TARGET  -  steer +0.00 thr +0.00  L  +0 R  +0  
 3.4 fps  infer 289.5 ms  persons 0  NO TARGET  -  steer +0.00 thr +0.00  L  +0 R  +0  
 3.5 fps  infer 285.7 ms  persons 0  NO TARGET  -  steer +0.00 thr +0.00  L  +0 R  +0  
 3.5 fps  infer 283.1 ms  persons 0  NO TARGET  -  steer +0.00 thr +0.00  L  +0 R  +0  
 3.5 fps  infer 289.3 ms  persons 0  NO TARGET  -  steer +0.00 thr +0.00  L  +0 R  +0  
 3.5 fps  infer 289.2 ms  persons 0  NO TARGET  -  steer +0.00 thr +0.00  L  +0 R  +0  
 3.5 fps  infer 281.5 ms  persons 0  NO TARGET  -  steer +0.00 thr +0.00  L  +0 R  +0  
 3.5 fps  infer 282.4 ms  persons 0  NO TARGET  -  steer +0.00 thr +0.00  L  +0 R  +0  
 3.5 fps  infer 281.8 ms  persons 0  NO TARGET  -  steer +0.00 thr +0.00  L  +0 R  +0  
 3.5 fps  infer 286.8 ms  persons 0  NO TARGET  -  steer +0.00 thr +0.00  L  +0 R  +0  
 3.6 fps  infer 276.4 ms  persons 0  NO TARGET  -  steer +0.00 thr +0.00  L  +0 R  +0  
 3.6 fps  infer 274.3 ms  persons 0  NO TARGET  -  steer +0.00 thr +0.00  L  +0 R  +0  
 3.6 fps  infer 276.6 ms  persons 0  NO TARGET  -  steer +0.00 thr +0.00  L  +0 R  +0  
 3.6 fps  infer 273.2 ms  persons 0  NO TARGET  -  steer +0.00 thr +0.00  L  +0 R  +0  
 3.7 fps  infer 270.8 ms  persons 0  NO TARGET  -  steer +0.00 thr +0.00  L  +0 R  +0  
 3.6 fps  infer 279.1 ms  persons 0  NO TARGET  -  steer +0.00 thr +0.00  L  +0 R  +0  
 3.6 fps  infer 277.7 ms  persons 0  NO TARGET  -  steer +0.00 thr +0.00  L  +0 R  +0  
 3.6 fps  infer 277.7 ms  persons 0  NO TARGET  -  steer +0.00 thr +0.00  L  +0 R  +0  
 3.7 fps  infer 268.5 ms  persons 0  NO TARGET  -  steer +0.00 thr +0.00  L  +0 R  +0  
 3.6 fps  infer 275.3 ms  persons 0  NO TARGET  -  steer +0.00 thr +0.00  L  +0 R  +0  
 3.7 fps  infer 271.7 ms  persons 0  NO TARGET  -  steer +0.00 thr +0.00  L  +0 R  +0  
 3.7 fps  infer 265.5 ms  persons 0  NO TARGET  -  steer +0.00 thr +0.00  L  +0 R  +0  
 3.8 fps  infer 259.5 ms  persons 0  NO TARGET  -  steer +0.00 thr +0.00  L  +0 R  +0  
 3.8 fps  infer 267.0 ms  persons 0  NO TARGET  -  steer +0.00 thr +0.00  L  +0 R  +0  
 3.7 fps  infer 270.3 ms  persons 0  NO TARGET  -  steer +0.00 thr +0.00  L  +0 R  +0  
 3.7 fps  infer 270.4 ms  persons 0  NO TARGET  -  steer +0.00 thr +0.00  L  +0 R  +0  
 3.7 fps  infer 269.2 ms  persons 0  NO TARGET  -  steer +0.00 thr +0.00  L  +0 R  +0  
 3.7 fps  infer 268.4 ms  persons 0  NO TARGET  -  steer +0.00 thr +0.00  L  +0 R  +0  
 3.7 fps  infer 266.5 ms  persons 0  NO TARGET  -  steer +0.00 thr +0.00  L  +0 R  +0  
 3.7 fps  infer 266.6 ms  persons 0  NO TARGET  -  steer +0.00 thr +0.00  L  +0 R  +0  
 3.7 fps  infer 265.9 ms  persons 0  NO TARGET  -  steer +0.00 thr +0.00  L  +0 R  +0  
 3.8 fps  infer 264.3 ms  persons 0  NO TARGET  -  steer +0.00 thr +0.00  L  +0 R  +0  
 3.8 fps  infer 261.7 ms  persons 0  NO TARGET  -  steer +0.00 thr +0.00  L  +0 R  +0  
 3.8 fps  infer 265.5 ms  persons 0  NO TARGET  -  steer +0.00 thr +0.00  L  +0 R  +0  
 3.7 fps  infer 269.1 ms  persons 0  NO TARGET  -  steer +0.00 thr +0.00  L  +0 R  +0  
 3.7 fps  infer 271.3 ms  persons 0  NO TARGET  -  steer +0.00 thr +0.00  L  +0 R  +0  
 3.7 fps  infer 270.1 ms  persons 0  NO TARGET  -  steer +0.00 thr +0.00  L  +0 R  +0  
 3.7 fps  infer 269.4 ms  persons 0  NO TARGET  -  steer +0.00 thr +0.00  L  +0 R  +0  
 3.8 fps  infer 264.8 ms  persons 0  NO TARGET  -  steer +0.00 thr +0.00  L  +0 R  +0  
 3.8 fps  infer 262.8 ms  persons 0  NO TARGET  -  steer +0.00 thr +0.00  L  +0 R  +0  
 3.8 fps  infer 263.6 ms  persons 0  NO TARGET  -  steer +0.00 thr +0.00  L  +0 R  +0  
 3.8 fps  infer 262.0 ms  persons 0  NO TARGET  -  steer +0.00 thr +0.00  L  +0 R  +0  
 3.8 fps  infer 270.0 ms  persons 0  NO TARGET  -  steer +0.00 thr +0.00  L  +0 R  +0  
 3.8 fps  infer 257.5 ms  persons 0  NO TARGET  -  steer +0.00 thr +0.00  L  +0 R  +0  
 3.8 fps  infer 259.5 ms  persons 0  NO TARGET  -  steer +0.00 thr +0.00  L  +0 R  +0  
 3.8 fps  infer 260.0 ms  persons 0  NO TARGET  -  steer +0.00 thr +0.00  L  +0 R  +0  
 3.9 fps  infer 251.4 ms  persons 0  NO TARGET  -  steer +0.00 thr +0.00  L  +0 R  +0  
 3.8 fps  infer 267.2 ms  persons 0  NO TARGET  -  steer +0.00 thr +0.00  L  +0 R  +0  
 3.8 fps  infer 268.5 ms  persons 0  NO TARGET  -  steer +0.00 thr +0.00  L  +0 R  +0  
 3.8 fps  infer 266.5 ms  persons 0  NO TARGET  -  steer +0.00 thr +0.00  L  +0 R  +0  
 3.8 fps  infer 263.7 ms  persons 0  NO TARGET  -  steer +0.00 thr +0.00  L  +0 R  +0  
 3.8 fps  infer 267.6 ms  persons 0  NO TARGET  -  steer +0.00 thr +0.00  L  +0 R  +0  
 3.7 fps  infer 273.7 ms  persons 0  NO TARGET  -  steer +0.00 thr +0.00  L  +0 R  +0  
 3.8 fps  infer 260.6 ms  persons 0  NO TARGET  -  steer +0.00 thr +0.00  L  +0 R  +0  
 3.8 fps  infer 261.9 ms  persons 0  NO TARGET  -  steer +0.00 thr +0.00  L  +0 R  +0  
 3.8 fps  infer 267.3 ms  persons 0  NO TARGET  -  steer +0.00 thr +0.00  L  +0 R  +0  
 3.7 fps  infer 278.4 ms  persons 0  NO TARGET  -  steer +0.00 thr +0.00  L  +0 R  +0  
 3.7 fps  infer 274.2 ms  persons 0  NO TARGET  -  steer +0.00 thr +0.00  L  +0 R  +0  
 3.6 fps  infer 279.2 ms  persons 0  NO TARGET  -  steer +0.00 thr +0.00  L  +0 R  +0  
 3.7 fps  infer 271.5 ms  persons 0  NO TARGET  -  steer +0.00 thr +0.00  L  +0 R  +0  
 3.7 fps  infer 265.8 ms  persons 0  NO TARGET  -  steer +0.00 thr +0.00  L  +0 R  +0  
 3.7 fps  infer 267.5 ms  persons 0  NO TARGET  -  steer +0.00 thr +0.00  L  +0 R  +0  
 3.8 fps  infer 261.6 ms  persons 0  NO TARGET  -  steer +0.00 thr +0.00  L  +0 R  +0  
 3.8 fps  infer 259.3 ms  persons 0  NO TARGET  -  steer +0.00 thr +0.00  L  +0 R  +0  
 3.8 fps  infer 259.5 ms  persons 0  NO TARGET  -  steer +0.00 thr +0.00  L  +0 R  +0  
 3.8 fps  infer 265.6 ms  persons 0  NO TARGET  -  steer +0.00 thr +0.00  L  +0 R  +0  
 3.8 fps  infer 262.7 ms  persons 0  NO TARGET  -  steer +0.00 thr +0.00  L  +0 R  +0  
 3.8 fps  infer 264.0 ms  persons 0  NO TARGET  -  steer +0.00 thr +0.00  L  +0 R  +0  
 3.8 fps  infer 259.3 ms  persons 0  NO TARGET  -  steer +0.00 thr +0.00  L  +0 R  +0  
 3.8 fps  infer 259.8 ms  persons 0  NO TARGET  -  steer +0.00 thr +0.00  L  +0 R  +0  
 3.8 fps  infer 261.5 ms  persons 0  NO TARGET  -  steer +0.00 thr +0.00  L  +0 R  +0  
 3.9 fps  infer 257.6 ms  persons 0  NO TARGET  -  steer +0.00 thr +0.00  L  +0 R  +0  
 3.9 fps  infer 256.8 ms  persons 0  NO TARGET  -  steer +0.00 thr +0.00  L  +0 R  +0  
 3.9 fps  infer 260.0 ms  persons 0  NO TARGET  -  steer +0.00 thr +0.00  L  +0 R  +0  
 3.9 fps  infer 258.7 ms  persons 0  NO TARGET  -  steer +0.00 thr +0.00  L  +0 R  +0  
 3.8 fps  infer 261.2 ms  persons 0  NO TARGET  -  steer +0.00 thr +0.00  L  +0 R  +0  
 3.8 fps  infer 266.2 ms  persons 0  NO TARGET  -  steer +0.00 thr +0.00  L  +0 R  +0  
 3.8 fps  infer 263.4 ms  persons 0  NO TARGET  -  steer +0.00 thr +0.00  L  +0 R  +0  
 3.8 fps  infer 264.9 ms  persons 0  NO TARGET  -  steer +0.00 thr +0.00  L  +0 R  +0  
 3.8 fps  infer 267.9 ms  persons 0  NO TARGET  -  steer +0.00 thr +0.00  L  +0 R  +0  
 3.8 fps  infer 267.5 ms  persons 0  NO TARGET  -  steer +0.00 thr +0.00  L  +0 R  +0  
 3.8 fps  infer 262.2 ms  persons 0  NO TARGET  -  steer +0.00 thr +0.00  L  +0 R  +0  
 3.8 fps  infer 263.0 ms  persons 0  NO TARGET  -  steer +0.00 thr +0.00  L  +0 R  +0  
 3.8 fps  infer 264.1 ms  persons 0  NO TARGET  -  steer +0.00 thr +0.00  L  +0 R  +0  
 3.8 fps  infer 267.8 ms  persons 0  NO TARGET  -  steer +0.00 thr +0.00  L  +0 R  +0  
 3.8 fps  infer 261.5 ms  persons 0  NO TARGET  -  steer +0.00 thr +0.00  L  +0 R  +0  
 3.8 fps  infer 264.7 ms  persons 0  NO TARGET  -  steer +0.00 thr +0.00  L  +0 R  +0  
 3.8 fps  infer 266.4 ms  persons 0  NO TARGET  -  steer +0.00 thr +0.00  L  +0 R  +0  
 3.9 fps  infer 256.2 ms  persons 0  NO TARGET  -  steer +0.00 thr +0.00  L  +0 R  +0  
 3.8 fps  infer 267.6 ms  persons 0  NO TARGET  -  steer +0.00 thr +0.00  L  +0 R  +0  
 3.8 fps  infer 261.5 ms  persons 0  NO TARGET  -  steer +0.00 thr +0.00  L  +0 R  +0  
 3.9 fps  infer 254.9 ms  persons 0  NO TARGET  -  steer +0.00 thr +0.00  L  +0 R  +0  
 3.9 fps  infer 257.5 ms  persons 0  NO TARGET  -  steer +0.00 thr +0.00  L  +0 R  +0  
 3.9 fps  infer 255.0 ms  persons 0  NO TARGET  -  steer +0.00 thr +0.00  L  +0 R  +0  
 3.9 fps  infer 252.5 ms  persons 0  NO TARGET  -  steer +0.00 thr +0.00  L  +0 R  +0  
# exit 0  2026-09-13 13:05:34
