# follow  2026-09-11 14:40:16  rpi5  temp=49.4'C
# $ /home/rasp/rover-venv/bin/python -u follow_rover.py --source rtsp://192.168.1.11:554 --port /dev/ttyUSB0
follow_rover: model=yolo11n.pt imgsz=320 source=rtsp://192.168.1.11:554 transport=tcp cap=640x480 flip=False acquire_conf=0.6 lost_timeout=10.0 reid_dist=0.3 target_dist=2.0 ref_dist=2.0 ref_height=0.0 vfov=50.0 port=/dev/ttyUSB0 max_pwm=120 min_pwm=50 hold=1.5 calibrate=False show=False
stream: connected to rtsp://192.168.1.11:554 (640x360)
camera started: rtsp://192.168.1.11:554
model loaded yolo11n.pt
rover link /dev/ttyUSB0
 0.0 fps  infer 2035.9 ms  NO TARGET  -  steer +0.00 thr +0.00  L  +0 R  +0  
 0.2 fps  infer 1760.8 ms  NO TARGET  -  steer +0.00 thr +0.00  L  +0 R  +0  
 0.4 fps  infer 1342.4 ms  NO TARGET  -  steer +0.00 thr +0.00  L  +0 R  +0  
 0.7 fps  infer 1071.2 ms  NO TARGET  -  steer +0.00 thr +0.00  L  +0 R  +0  
 0.9 fps  infer 897.2 ms  NO TARGET  -  steer +0.00 thr +0.00  L  +0 R  +0  
 1.0 fps  infer 787.3 ms  NO TARGET  -  steer +0.00 thr +0.00  L  +0 R  +0  
 1.2 fps  infer 716.3 ms  NO TARGET  -  steer +0.00 thr +0.00  L  +0 R  +0  
 1.3 fps  infer 670.2 ms  NO TARGET  -  steer +0.00 thr +0.00  L  +0 R  +0  
 1.3 fps  infer 641.4 ms  NO TARGET  -  steer +0.00 thr +0.00  L  +0 R  +0  
 1.4 fps  infer 621.9 ms  NO TARGET  -  steer +0.00 thr +0.00  L  +0 R  +0  
 1.5 fps  infer 612.1 ms  NO TARGET  -  steer +0.00 thr +0.00  L  +0 R  +0  
 1.5 fps  infer 605.6 ms  NO TARGET  -  steer +0.00 thr +0.00  L  +0 R  +0  
 1.5 fps  infer 602.7 ms  NO TARGET  -  steer +0.00 thr +0.00  L  +0 R  +0  
WARNING no camera frame for 1.0 s - motors stopped
[ WARN:0@39.606] global cap_ffmpeg_impl.hpp:453 _opencv_ffmpeg_interrupt_callback Stream timeout triggered after 2006.506270 ms
stream: dropping late frames (1.9 s behind)
WARNING no camera frame for 2.0 s - motors stopped
WARNING no camera frame for 3.0 s - motors stopped
stream: dropping late frames (3.6 s behind)
 1.5 fps  infer 616.9 ms  NO TARGET  -  steer +0.00 thr +0.00  L  +0 R  +0  
 1.6 fps  infer 619.3 ms  NO TARGET  -  steer +0.00 thr +0.00  L  +0 R  +0  
 1.6 fps  infer 620.1 ms  NO TARGET  -  steer +0.00 thr +0.00  L  +0 R  +0  
 1.6 fps  infer 614.8 ms  NO TARGET  -  steer +0.00 thr +0.00  L  +0 R  +0  
 1.6 fps  infer 607.9 ms  NO TARGET  -  steer +0.00 thr +0.00  L  +0 R  +0  
 1.6 fps  infer 605.9 ms  NO TARGET  -  steer +0.00 thr +0.00  L  +0 R  +0  
 1.6 fps  infer 605.3 ms  NO TARGET  -  steer +0.00 thr +0.00  L  +0 R  +0  
 1.6 fps  infer 607.2 ms  NO TARGET  -  steer +0.00 thr +0.00  L  +0 R  +0  
 1.6 fps  infer 606.4 ms  NO TARGET  -  steer +0.00 thr +0.00  L  +0 R  +0  
 1.6 fps  infer 607.8 ms  NO TARGET  -  steer +0.00 thr +0.00  L  +0 R  +0  
 1.6 fps  infer 610.6 ms  NO TARGET  -  steer +0.00 thr +0.00  L  +0 R  +0  
 1.6 fps  infer 622.0 ms  NO TARGET  -  steer +0.00 thr +0.00  L  +0 R  +0  
 1.6 fps  infer 619.1 ms  NO TARGET  -  steer +0.00 thr +0.00  L  +0 R  +0  
 1.6 fps  infer 618.2 ms  LOCKED id 2  4.99 m  steer -0.16 thr +1.00  L+100 R+120  
 1.6 fps  infer 616.2 ms  LOCKED id 2  5.18 m  steer -0.19 thr +1.00  L +98 R+120  
 1.6 fps  infer 610.8 ms  SEARCHING id 2 1.2/10 s  -  steer +0.00 thr +0.00  L  +0 R  +0  
 1.6 fps  infer 609.8 ms  SEARCHING id 2 2.4/10 s  -  steer +0.00 thr +0.00  L  +0 R  +0  
 1.6 fps  infer 610.0 ms  SEARCHING id 2 3.7/10 s  -  steer +0.00 thr +0.00  L  +0 R  +0  
 1.6 fps  infer 607.6 ms  SEARCHING id 2 4.9/10 s  -  steer +0.00 thr +0.00  L  +0 R  +0  
 1.6 fps  infer 604.4 ms  SEARCHING id 2 6.1/10 s  -  steer +0.00 thr +0.00  L  +0 R  +0  
 1.6 fps  infer 602.1 ms  SEARCHING id 2 7.3/10 s  -  steer +0.00 thr +0.00  L  +0 R  +0  
 1.7 fps  infer 600.0 ms  SEARCHING id 2 8.5/10 s  -  steer +0.00 thr +0.00  L  +0 R  +0  
 1.7 fps  infer 599.2 ms  SEARCHING id 2 9.7/10 s  -  steer +0.00 thr +0.00  L  +0 R  +0  
 1.7 fps  infer 599.9 ms  NO TARGET  -  steer +0.00 thr +0.00  L  +0 R  +0  
 1.7 fps  infer 603.0 ms  NO TARGET  -  steer +0.00 thr +0.00  L  +0 R  +0  
 1.7 fps  infer 603.8 ms  NO TARGET  -  steer +0.00 thr +0.00  L  +0 R  +0  
 1.7 fps  infer 604.0 ms  NO TARGET  -  steer +0.00 thr +0.00  L  +0 R  +0  
 1.7 fps  infer 600.8 ms  NO TARGET  -  steer +0.00 thr +0.00  L  +0 R  +0  
stream: dropping late frames (0.6 s behind)
 1.7 fps  infer 594.8 ms  NO TARGET  -  steer +0.00 thr +0.00  L  +0 R  +0  
WARNING no camera frame for 1.0 s - motors stopped
stream: dropping late frames (0.5 s behind)
 1.7 fps  infer 598.1 ms  NO TARGET  -  steer +0.00 thr +0.00  L  +0 R  +0  
 1.7 fps  infer 598.2 ms  LOCKED id 2  4.88 m  steer -0.28 thr +1.00  L +89 R+120  
 1.7 fps  infer 598.5 ms  LOCKED id 2  5.12 m  steer -0.25 thr +1.00  L +91 R+120  
 1.7 fps  infer 601.8 ms  LOCKED id 2  5.22 m  steer -0.26 thr +1.00  L +90 R+120  
 1.7 fps  infer 602.7 ms  LOCKED id 2  5.17 m  steer -0.21 thr +1.00  L +95 R+120  
 1.7 fps  infer 604.5 ms  LOCKED id 2  5.04 m  steer -0.20 thr +1.00  L +96 R+120  
 1.6 fps  infer 616.3 ms  LOCKED id 2  5.03 m  steer -0.24 thr +1.00  L +92 R+120  
 1.6 fps  infer 622.1 ms  LOCKED id 2  5.02 m  steer -0.27 thr +1.00  L +90 R+120  
 1.6 fps  infer 618.2 ms  LOCKED id 2  4.28 m  steer -0.33 thr +1.00  L +85 R+120  
 1.6 fps  infer 616.4 ms  LOCKED id 2  4.29 m  steer -0.26 thr +1.00  L +91 R+120  
 1.6 fps  infer 613.7 ms  SEARCHING id 2 1.2/10 s  -  steer +0.00 thr +0.00  L  +0 R  +0  
 1.6 fps  infer 608.9 ms  SEARCHING id 2 2.4/10 s  -  steer +0.00 thr +0.00  L  +0 R  +0  
 1.6 fps  infer 607.2 ms  SEARCHING id 2 3.6/10 s  -  steer +0.00 thr +0.00  L  +0 R  +0  
 1.6 fps  infer 601.6 ms  SEARCHING id 2 4.8/10 s  -  steer +0.00 thr +0.00  L  +0 R  +0  
 1.7 fps  infer 597.7 ms  SEARCHING id 2 6.0/10 s  -  steer +0.00 thr +0.00  L  +0 R  +0  
 1.7 fps  infer 598.0 ms  SEARCHING id 2 7.2/10 s  -  steer +0.00 thr +0.00  L  +0 R  +0  
 1.7 fps  infer 599.5 ms  SEARCHING id 2 8.4/10 s  -  steer +0.00 thr +0.00  L  +0 R  +0  
 1.7 fps  infer 598.4 ms  SEARCHING id 2 9.6/10 s  -  steer +0.00 thr +0.00  L  +0 R  +0  
 1.7 fps  infer 596.6 ms  NO TARGET  -  steer +0.00 thr +0.00  L  +0 R  +0  
 1.7 fps  infer 596.4 ms  NO TARGET  -  steer +0.00 thr +0.00  L  +0 R  +0  
 1.7 fps  infer 596.9 ms  NO TARGET  -  steer +0.00 thr +0.00  L  +0 R  +0  
 1.7 fps  infer 597.2 ms  NO TARGET  -  steer +0.00 thr +0.00  L  +0 R  +0  
 1.7 fps  infer 596.7 ms  NO TARGET  -  steer +0.00 thr +0.00  L  +0 R  +0  
 1.7 fps  infer 596.5 ms  NO TARGET  -  steer +0.00 thr +0.00  L  +0 R  +0  
 1.7 fps  infer 595.8 ms  NO TARGET  -  steer +0.00 thr +0.00  L  +0 R  +0  
 1.7 fps  infer 595.7 ms  NO TARGET  -  steer +0.00 thr +0.00  L  +0 R  +0  
 1.7 fps  infer 594.6 ms  NO TARGET  -  steer +0.00 thr +0.00  L  +0 R  +0  
# exit 0  2026-09-11 14:42:11
