# follow  2026-09-11 14:46:18  rpi5  temp=50.5'C
# $ /home/rasp/rover-venv/bin/python -u follow_rover.py --source rtsp://192.168.1.11:554 --port /dev/ttyUSB0 --max-pwm 80
follow_rover: model=yolo11n.pt imgsz=320 source=rtsp://192.168.1.11:554 transport=tcp cap=640x480 flip=False acquire_conf=0.6 lost_timeout=10.0 reid_dist=0.3 target_dist=2.0 ref_dist=2.0 ref_height=0.0 vfov=50.0 port=/dev/ttyUSB0 max_pwm=80 min_pwm=50 hold=1.5 calibrate=False show=False view=8080
stream: connected to rtsp://192.168.1.11:554 (640x360)
camera started: rtsp://192.168.1.11:554
model loaded yolo11n.pt
rover link /dev/ttyUSB0
live view: http://<pi-address>:8080/
stream: dropping late frames (0.9 s behind)
 0.0 fps  infer 4651.5 ms  persons 0  NO TARGET  -  steer +0.00 thr +0.00  L  +0 R  +0  
stream: dropping late frames (0.7 s behind)
stream: dropping late frames (0.7 s behind)
 0.2 fps  infer 3844.8 ms  persons 0  NO TARGET  -  steer +0.00 thr +0.00  L  +0 R  +0  
 0.4 fps  infer 2694.1 ms  persons 0  NO TARGET  -  steer +0.00 thr +0.00  L  +0 R  +0  
 0.7 fps  infer 1943.9 ms  persons 0  NO TARGET  -  steer +0.00 thr +0.00  L  +0 R  +0  
 0.8 fps  infer 1464.3 ms  persons 0  NO TARGET  -  steer +0.00 thr +0.00  L  +0 R  +0  
 1.0 fps  infer 1156.7 ms  persons 0  NO TARGET  -  steer +0.00 thr +0.00  L  +0 R  +0  
 1.1 fps  infer 964.3 ms  persons 0  NO TARGET  -  steer +0.00 thr +0.00  L  +0 R  +0  
 1.2 fps  infer 834.0 ms  persons 0  NO TARGET  -  steer +0.00 thr +0.00  L  +0 R  +0  
 1.3 fps  infer 753.9 ms  persons 0  NO TARGET  -  steer +0.00 thr +0.00  L  +0 R  +0  
 1.4 fps  infer 701.4 ms  persons 0  NO TARGET  -  steer +0.00 thr +0.00  L  +0 R  +0  
 1.4 fps  infer 668.4 ms  persons 0  NO TARGET  -  steer +0.00 thr +0.00  L  +0 R  +0  
 1.5 fps  infer 646.3 ms  persons 0  NO TARGET  -  steer +0.00 thr +0.00  L  +0 R  +0  
 1.5 fps  infer 631.1 ms  persons 0  NO TARGET  -  steer +0.00 thr +0.00  L  +0 R  +0  
 1.5 fps  infer 623.9 ms  persons 0  NO TARGET  -  steer +0.00 thr +0.00  L  +0 R  +0  
 1.5 fps  infer 627.9 ms  persons 0  NO TARGET  -  steer +0.00 thr +0.00  L  +0 R  +0  
 1.6 fps  infer 621.7 ms  persons 0  NO TARGET  -  steer +0.00 thr +0.00  L  +0 R  +0  
 1.6 fps  infer 616.2 ms  persons 0  NO TARGET  -  steer +0.00 thr +0.00  L  +0 R  +0  
 1.6 fps  infer 610.4 ms  persons 0  NO TARGET  -  steer +0.00 thr +0.00  L  +0 R  +0  
 1.6 fps  infer 613.5 ms  persons 0  NO TARGET  -  steer +0.00 thr +0.00  L  +0 R  +0  
 1.6 fps  infer 609.5 ms  persons 0  NO TARGET  -  steer +0.00 thr +0.00  L  +0 R  +0  
 1.6 fps  infer 603.5 ms  persons 0  NO TARGET  -  steer +0.00 thr +0.00  L  +0 R  +0  
 1.6 fps  infer 601.0 ms  persons 0  NO TARGET  -  steer +0.00 thr +0.00  L  +0 R  +0  
 1.6 fps  infer 603.4 ms  persons 0  NO TARGET  -  steer +0.00 thr +0.00  L  +0 R  +0  
 1.6 fps  infer 621.6 ms  persons 0  NO TARGET  -  steer +0.00 thr +0.00  L  +0 R  +0  
 1.6 fps  infer 618.1 ms  persons 0  NO TARGET  -  steer +0.00 thr +0.00  L  +0 R  +0  
 1.6 fps  infer 612.1 ms  persons 0  NO TARGET  -  steer +0.00 thr +0.00  L  +0 R  +0  
 1.6 fps  infer 622.0 ms  persons 1  LOCKED id 1  2.51 m  steer -0.20 thr +0.36  L +54 R +66  
 1.6 fps  infer 619.1 ms  persons 1  LOCKED id 1  2.61 m  steer -0.18 thr +0.43  L +57 R +68  
 1.6 fps  infer 615.6 ms  persons 1  LOCKED id 1  2.60 m  steer -0.19 thr +0.42  L +57 R +68  
 1.6 fps  infer 614.9 ms  persons 1  LOCKED id 1  2.61 m  steer -0.18 thr +0.42  L +57 R +68  
 1.6 fps  infer 613.8 ms  persons 1  LOCKED id 1  2.58 m  steer -0.18 thr +0.41  L +56 R +67  
 1.6 fps  infer 610.7 ms  persons 1  LOCKED id 1  2.59 m  steer -0.18 thr +0.41  L +56 R +67  
 1.6 fps  infer 608.9 ms  persons 1  LOCKED id 1  2.64 m  steer -0.18 thr +0.45  L +58 R +68  
 1.6 fps  infer 611.5 ms  persons 1  LOCKED id 1  3.19 m  steer -0.42 thr +0.90  L +61 R +80  
 1.6 fps  infer 613.5 ms  persons 0  SEARCHING id 1 0.6/10 s  -  steer +0.00 thr +0.00  L  +0 R  +0  
 1.6 fps  infer 610.0 ms  persons 0  SEARCHING id 1 1.9/10 s  -  steer +0.00 thr +0.00  L  +0 R  +0  
 1.6 fps  infer 606.7 ms  persons 0  SEARCHING id 1 3.1/10 s  -  steer +0.00 thr +0.00  L  +0 R  +0  
 1.6 fps  infer 607.9 ms  persons 0  SEARCHING id 1 4.3/10 s  -  steer +0.00 thr +0.00  L  +0 R  +0  
 1.6 fps  infer 606.5 ms  persons 0  SEARCHING id 1 5.6/10 s  -  steer +0.00 thr +0.00  L  +0 R  +0  
 1.6 fps  infer 608.2 ms  persons 0  SEARCHING id 1 6.8/10 s  -  steer +0.00 thr +0.00  L  +0 R  +0  
 1.6 fps  infer 607.1 ms  persons 0  SEARCHING id 1 8.0/10 s  -  steer +0.00 thr +0.00  L  +0 R  +0  
 1.6 fps  infer 605.1 ms  persons 0  SEARCHING id 1 9.2/10 s  -  steer +0.00 thr +0.00  L  +0 R  +0  
 1.6 fps  infer 603.1 ms  persons 0  NO TARGET  -  steer +0.00 thr +0.00  L  +0 R  +0  
 1.7 fps  infer 598.8 ms  persons 0  NO TARGET  -  steer +0.00 thr +0.00  L  +0 R  +0  
 1.7 fps  infer 597.8 ms  persons 0  NO TARGET  -  steer +0.00 thr +0.00  L  +0 R  +0  
 1.7 fps  infer 599.0 ms  persons 0  NO TARGET  -  steer +0.00 thr +0.00  L  +0 R  +0  
 1.7 fps  infer 600.5 ms  persons 0  NO TARGET  -  steer +0.00 thr +0.00  L  +0 R  +0  
 1.7 fps  infer 607.9 ms  persons 0  NO TARGET  -  steer +0.00 thr +0.00  L  +0 R  +0  
 1.6 fps  infer 622.2 ms  persons 0  NO TARGET  -  steer +0.00 thr +0.00  L  +0 R  +0  
 1.6 fps  infer 619.6 ms  persons 0  NO TARGET  -  steer +0.00 thr +0.00  L  +0 R  +0  
 1.6 fps  infer 614.8 ms  persons 0  NO TARGET  -  steer +0.00 thr +0.00  L  +0 R  +0  
 1.6 fps  infer 613.3 ms  persons 0  NO TARGET  -  steer +0.00 thr +0.00  L  +0 R  +0  
 1.6 fps  infer 619.3 ms  persons 0  NO TARGET  -  steer +0.00 thr +0.00  L  +0 R  +0  
 1.6 fps  infer 609.0 ms  persons 0  NO TARGET  -  steer +0.00 thr +0.00  L  +0 R  +0  
 1.6 fps  infer 604.4 ms  persons 0  NO TARGET  -  steer +0.00 thr +0.00  L  +0 R  +0  
 1.6 fps  infer 603.8 ms  persons 0  NO TARGET  -  steer +0.00 thr +0.00  L  +0 R  +0  
 1.6 fps  infer 610.3 ms  persons 0  NO TARGET  -  steer +0.00 thr +0.00  L  +0 R  +0  
 1.6 fps  infer 613.5 ms  persons 0  NO TARGET  -  steer +0.00 thr +0.00  L  +0 R  +0  
 1.6 fps  infer 612.1 ms  persons 0  NO TARGET  -  steer +0.00 thr +0.00  L  +0 R  +0  
 1.6 fps  infer 609.6 ms  persons 0  NO TARGET  -  steer +0.00 thr +0.00  L  +0 R  +0  
 1.6 fps  infer 606.6 ms  persons 0  NO TARGET  -  steer +0.00 thr +0.00  L  +0 R  +0  
 1.6 fps  infer 605.9 ms  persons 0  NO TARGET  -  steer +0.00 thr +0.00  L  +0 R  +0  
 1.6 fps  infer 605.4 ms  persons 0  NO TARGET  -  steer +0.00 thr +0.00  L  +0 R  +0  
 1.6 fps  infer 609.5 ms  persons 0  NO TARGET  -  steer +0.00 thr +0.00  L  +0 R  +0  
 1.6 fps  infer 610.5 ms  persons 0  NO TARGET  -  steer +0.00 thr +0.00  L  +0 R  +0  
 1.6 fps  infer 607.0 ms  persons 0  NO TARGET  -  steer +0.00 thr +0.00  L  +0 R  +0  
 1.7 fps  infer 600.9 ms  persons 0  NO TARGET  -  steer +0.00 thr +0.00  L  +0 R  +0  
Traceback (most recent call last):
  File "/home/rasp/HumanFollowing/follow_rover.py", line 292, in <module>
    main()
  File "/home/rasp/HumanFollowing/follow_rover.py", line 286, in main
    link.close()
  File "/home/rasp/HumanFollowing/follow_rover.py", line 75, in close
    time.sleep(0.15)
KeyboardInterrupt
FATAL: exception not rethrown
# exit 134  2026-09-11 14:48:23
