# follow  2026-09-13 11:33:56  rpi5  temp=46.2'C
# $ /home/rasp/rover-venv/bin/python -u follow_rover.py --calibrate --ref-dist 2
follow_rover: model=auto imgsz=320 source=usb transport=tcp cap=640x480 flip=False rotate=none acquire_conf=0.6 lost_timeout=10.0 reid_dist=0.3 ref_dist=2.0 ref_height=0.0 vfov=50.0 port=None max_pwm=150 min_pwm=90 steer=False stop_dist=1.5 start_dist=2.0 hold=1.5 calibrate=True show=False view=8080
webcam: /dev/video0 640x480 @ 25 fps
camera started: usb
model loaded yolo11n_192x320.onnx, input [192, 320]
no rover link - dry run, motors not driven
live view: http://<pi-address>:8080/
Loading yolo11n_192x320.onnx for ONNX Runtime inference...
Using ONNX Runtime 1.30.0 with CPUExecutionProvider
 0.0 fps  infer 7882.3 ms  persons 0  NO TARGET  -  steer +0.00 thr +0.00  L  +0 R  +0  calibrating
 0.4 fps  infer 6353.0 ms  persons 0  NO TARGET  -  steer +0.00 thr +0.00  L  +0 R  +0  calibrating
 2.0 fps  infer 2239.1 ms  persons 0  NO TARGET  -  steer +0.00 thr +0.00  L  +0 R  +0  calibrating
 3.1 fps  infer 875.4 ms  persons 0  NO TARGET  -  steer +0.00 thr +0.00  L  +0 R  +0  calibrating
 3.7 fps  infer 435.3 ms  persons 0  NO TARGET  -  steer +0.00 thr +0.00  L  +0 R  +0  calibrating
 4.0 fps  infer 297.8 ms  persons 0  NO TARGET  -  steer +0.00 thr +0.00  L  +0 R  +0  calibrating
 4.2 fps  infer 248.7 ms  persons 0  NO TARGET  -  steer +0.00 thr +0.00  L  +0 R  +0  calibrating
 4.1 fps  infer 243.3 ms  persons 1  LOCKED id 1  right next to the rover - STOP  steer +0.00 thr +0.00  L  +0 R  +0  calibrating
 4.1 fps  infer 236.9 ms  persons 1  LOCKED id 1  head/feet cut off - whole body must be in frame  steer +0.00 thr +0.00  L  +0 R  +0  calibrating
 4.0 fps  infer 247.8 ms  persons 1  LOCKED id 1  head/feet cut off - whole body must be in frame  steer +0.00 thr +0.00  L  +0 R  +0  calibrating
 4.0 fps  infer 248.0 ms  persons 1  LOCKED id 1  right next to the rover - STOP  steer +0.00 thr +0.00  L  +0 R  +0  calibrating
 3.9 fps  infer 245.7 ms  persons 1  LOCKED id 1  right next to the rover - STOP  steer +0.00 thr +0.00  L  +0 R  +0  calibrating
 3.9 fps  infer 243.6 ms  persons 1  LOCKED id 1  right next to the rover - STOP  steer +0.00 thr +0.00  L  +0 R  +0  calibrating
 4.0 fps  infer 239.5 ms  persons 0  SEARCHING id 1 0.5/10 s  -  steer +0.00 thr +0.00  L  +0 R  +0  calibrating
 4.1 fps  infer 235.2 ms  persons 0  SEARCHING id 1 1.7/10 s  -  steer +0.00 thr +0.00  L  +0 R  +0  calibrating
 4.1 fps  infer 239.3 ms  persons 0  SEARCHING id 1 3.0/10 s  -  steer +0.00 thr +0.00  L  +0 R  +0  calibrating
 4.1 fps  infer 237.0 ms  persons 1  LOCKED id 1  head/feet cut off - whole body must be in frame  steer +0.00 thr +0.00  L  +0 R  +0  calibrating
 4.0 fps  infer 247.6 ms  persons 1  LOCKED id 1  right next to the rover - STOP  steer +0.00 thr +0.00  L  +0 R  +0  calibrating
 4.0 fps  infer 240.0 ms  persons 1  LOCKED id 1  head/feet cut off - whole body must be in frame  steer +0.00 thr +0.00  L  +0 R  +0  calibrating
 4.1 fps  infer 240.2 ms  persons 1  LOCKED id 1  head/feet cut off - whole body must be in frame  steer +0.00 thr +0.00  L  +0 R  +0  calibrating
 4.1 fps  infer 234.8 ms  persons 1  LOCKED id 1  head/feet cut off - whole body must be in frame  steer +0.00 thr +0.00  L  +0 R  +0  calibrating
 4.1 fps  infer 233.1 ms  persons 1  LOCKED id 1  1.84 m (from width)  STOP  steer +0.00 thr +0.00  L  +0 R  +0  calibrating
 4.1 fps  infer 231.8 ms  persons 1  LOCKED id 1  1.83 m (from width)  STOP  steer +0.00 thr +0.00  L  +0 R  +0  calibrating
 4.1 fps  infer 230.8 ms  persons 1  LOCKED id 1  1.81 m (from width)  STOP  steer +0.00 thr +0.00  L  +0 R  +0  calibrating
 4.0 fps  infer 239.0 ms  persons 1  LOCKED id 1  1.80 m (from width)  STOP  steer +0.00 thr +0.00  L  +0 R  +0  calibrating
 4.1 fps  infer 242.7 ms  persons 1  LOCKED id 1  1.79 m (from width)  STOP  steer +0.00 thr +0.00  L  +0 R  +0  calibrating
 4.1 fps  infer 236.6 ms  persons 1  LOCKED id 1  right next to the rover - STOP  steer +0.00 thr +0.00  L  +0 R  +0  calibrating
 4.1 fps  infer 237.7 ms  persons 1  LOCKED id 1  2.21 m (from width)  FOLLOW  steer +0.00 thr +0.50  L+119 R+119  calibrating
 4.0 fps  infer 242.6 ms  persons 1  LOCKED id 1  2.17 m (from width)  FOLLOW  steer +0.00 thr +0.42  L+115 R+115  calibrating
 4.0 fps  infer 239.0 ms  persons 1  LOCKED id 1  1.71 m (from width)  FOLLOW  steer +0.00 thr +0.16  L +99 R +99  calibrating
 4.0 fps  infer 237.1 ms  persons 1  LOCKED id 1  2.52 m (from width)  FOLLOW  steer +0.00 thr +0.80  L+137 R+137  calibrating
 4.1 fps  infer 238.7 ms  persons 1  LOCKED id 1  3.14 m (from width)  FOLLOW  steer +0.00 thr +1.00  L+150 R+150  calibrating
 3.9 fps  infer 264.6 ms  persons 1  LOCKED id 1  3.50 m (from width)  FOLLOW  steer +0.00 thr +1.00  L+150 R+150  calibrating
 4.0 fps  infer 247.2 ms  persons 1  LOCKED id 1  3.87 m (from width)  FOLLOW  steer +0.00 thr +1.00  L+150 R+150  calibrating
 4.1 fps  infer 239.8 ms  persons 1  LOCKED id 1  4.01 m (from width)  FOLLOW  steer +0.00 thr +1.00  L+150 R+150  calibrating
 4.1 fps  infer 236.3 ms  persons 1  LOCKED id 1  4.38 m (from width)  FOLLOW  steer +0.00 thr +1.00  L+150 R+150  calibrating
 4.2 fps  infer 230.6 ms  persons 1  LOCKED id 1  5.61 m (from width)  FOLLOW  steer +0.00 thr +1.00  L+150 R+150  calibrating
 4.3 fps  infer 230.1 ms  persons 0  SEARCHING id 1 0.5/10 s  -  steer +0.00 thr +0.00  L  +0 R  +0  calibrating
 4.3 fps  infer 227.8 ms  persons 0  SEARCHING id 1 1.6/10 s  -  steer +0.00 thr +0.00  L  +0 R  +0  calibrating
 4.4 fps  infer 224.2 ms  persons 0  SEARCHING id 1 2.8/10 s  -  steer +0.00 thr +0.00  L  +0 R  +0  calibrating
 4.4 fps  infer 229.5 ms  persons 0  SEARCHING id 1 3.9/10 s  -  steer +0.00 thr +0.00  L  +0 R  +0  calibrating
 4.5 fps  infer 221.2 ms  persons 0  SEARCHING id 1 5.0/10 s  -  steer +0.00 thr +0.00  L  +0 R  +0  calibrating
 4.4 fps  infer 225.9 ms  persons 0  SEARCHING id 1 6.2/10 s  -  steer +0.00 thr +0.00  L  +0 R  +0  calibrating
 4.4 fps  infer 228.2 ms  persons 0  SEARCHING id 1 7.3/10 s  -  steer +0.00 thr +0.00  L  +0 R  +0  calibrating
 4.4 fps  infer 227.8 ms  persons 0  SEARCHING id 1 8.5/10 s  -  steer +0.00 thr +0.00  L  +0 R  +0  calibrating
 4.4 fps  infer 224.2 ms  persons 0  SEARCHING id 1 9.6/10 s  -  steer +0.00 thr +0.00  L  +0 R  +0  calibrating
 4.4 fps  infer 224.1 ms  persons 0  NO TARGET  -  steer +0.00 thr +0.00  L  +0 R  +0  calibrating
 4.2 fps  infer 259.9 ms  persons 1  LOCKED id 3  3.12 m (from width)  FOLLOW  steer +0.00 thr +1.00  L+150 R+150  calibrating
 4.1 fps  infer 244.4 ms  persons 1  LOCKED id 3  right next to the rover - STOP  steer +0.00 thr +0.00  L  +0 R  +0  calibrating
 4.2 fps  infer 232.6 ms  persons 1  LOCKED id 3  right next to the rover - STOP  steer +0.00 thr +0.00  L  +0 R  +0  calibrating
 4.2 fps  infer 231.7 ms  persons 1  LOCKED id 3  right next to the rover - STOP  steer +0.00 thr +0.00  L  +0 R  +0  calibrating
 4.2 fps  infer 229.9 ms  persons 0  SEARCHING id 3 0.2/10 s  -  steer +0.00 thr +0.00  L  +0 R  +0  calibrating
 4.3 fps  infer 224.6 ms  persons 0  SEARCHING id 3 1.3/10 s  -  steer +0.00 thr +0.00  L  +0 R  +0  calibrating
 4.4 fps  infer 222.7 ms  persons 0  SEARCHING id 3 2.5/10 s  -  steer +0.00 thr +0.00  L  +0 R  +0  calibrating
 4.5 fps  infer 221.3 ms  persons 0  SEARCHING id 3 3.6/10 s  -  steer +0.00 thr +0.00  L  +0 R  +0  calibrating
 4.5 fps  infer 220.4 ms  persons 0  SEARCHING id 3 4.7/10 s  -  steer +0.00 thr +0.00  L  +0 R  +0  calibrating
 4.3 fps  infer 244.3 ms  persons 0  SEARCHING id 3 5.8/10 s  -  steer +0.00 thr +0.00  L  +0 R  +0  calibrating
 3.9 fps  infer 313.5 ms  persons 0  SEARCHING id 3 7.1/10 s  -  steer +0.00 thr +0.00  L  +0 R  +0  calibrating
 3.8 fps  infer 299.4 ms  persons 0  SEARCHING id 3 8.2/10 s  -  steer +0.00 thr +0.00  L  +0 R  +0  calibrating
 4.1 fps  infer 245.6 ms  persons 0  SEARCHING id 3 9.3/10 s  -  steer +0.00 thr +0.00  L  +0 R  +0  calibrating
 4.3 fps  infer 228.1 ms  persons 0  NO TARGET  -  steer +0.00 thr +0.00  L  +0 R  +0  calibrating
 4.4 fps  infer 225.3 ms  persons 0  NO TARGET  -  steer +0.00 thr +0.00  L  +0 R  +0  calibrating
 4.4 fps  infer 227.4 ms  persons 0  NO TARGET  -  steer +0.00 thr +0.00  L  +0 R  +0  calibrating
 4.4 fps  infer 223.0 ms  persons 0  NO TARGET  -  steer +0.00 thr +0.00  L  +0 R  +0  calibrating
 4.4 fps  infer 225.8 ms  persons 0  NO TARGET  -  steer +0.00 thr +0.00  L  +0 R  +0  calibrating
 4.4 fps  infer 230.5 ms  persons 0  NO TARGET  -  steer +0.00 thr +0.00  L  +0 R  +0  calibrating
 4.4 fps  infer 229.1 ms  persons 0  NO TARGET  -  steer +0.00 thr +0.00  L  +0 R  +0  calibrating
 4.4 fps  infer 226.6 ms  persons 0  NO TARGET  -  steer +0.00 thr +0.00  L  +0 R  +0  calibrating
 4.3 fps  infer 235.3 ms  persons 0  NO TARGET  -  steer +0.00 thr +0.00  L  +0 R  +0  calibrating
 4.3 fps  infer 237.1 ms  persons 0  NO TARGET  -  steer +0.00 thr +0.00  L  +0 R  +0  calibrating
 4.3 fps  infer 231.6 ms  persons 0  NO TARGET  -  steer +0.00 thr +0.00  L  +0 R  +0  calibrating
 4.2 fps  infer 244.8 ms  persons 0  NO TARGET  -  steer +0.00 thr +0.00  L  +0 R  +0  calibrating
 3.8 fps  infer 291.6 ms  persons 0  NO TARGET  -  steer +0.00 thr +0.00  L  +0 R  +0  calibrating
 3.5 fps  infer 347.1 ms  persons 0  NO TARGET  -  steer +0.00 thr +0.00  L  +0 R  +0  calibrating
 3.3 fps  infer 338.6 ms  persons 0  NO TARGET  -  steer +0.00 thr +0.00  L  +0 R  +0  calibrating
 3.2 fps  infer 354.0 ms  persons 0  NO TARGET  -  steer +0.00 thr +0.00  L  +0 R  +0  calibrating
 3.2 fps  infer 330.5 ms  persons 0  NO TARGET  -  steer +0.00 thr +0.00  L  +0 R  +0  calibrating
 3.0 fps  infer 363.9 ms  persons 0  NO TARGET  -  steer +0.00 thr +0.00  L  +0 R  +0  calibrating
 3.0 fps  infer 356.7 ms  persons 0  NO TARGET  -  steer +0.00 thr +0.00  L  +0 R  +0  calibrating
 2.8 fps  infer 390.0 ms  persons 0  NO TARGET  -  steer +0.00 thr +0.00  L  +0 R  +0  calibrating
 2.8 fps  infer 377.0 ms  persons 0  NO TARGET  -  steer +0.00 thr +0.00  L  +0 R  +0  calibrating
 2.8 fps  infer 364.8 ms  persons 0  NO TARGET  -  steer +0.00 thr +0.00  L  +0 R  +0  calibrating
 2.8 fps  infer 363.1 ms  persons 0  NO TARGET  -  steer +0.00 thr +0.00  L  +0 R  +0  calibrating
 2.8 fps  infer 367.7 ms  persons 0  NO TARGET  -  steer +0.00 thr +0.00  L  +0 R  +0  calibrating
 2.8 fps  infer 365.0 ms  persons 0  NO TARGET  -  steer +0.00 thr +0.00  L  +0 R  +0  calibrating
 2.8 fps  infer 353.5 ms  persons 0  NO TARGET  -  steer +0.00 thr +0.00  L  +0 R  +0  calibrating
 2.8 fps  infer 353.1 ms  persons 0  NO TARGET  -  steer +0.00 thr +0.00  L  +0 R  +0  calibrating
 2.8 fps  infer 361.6 ms  persons 0  NO TARGET  -  steer +0.00 thr +0.00  L  +0 R  +0  calibrating
 2.7 fps  infer 374.3 ms  persons 0  NO TARGET  -  steer +0.00 thr +0.00  L  +0 R  +0  calibrating
 2.7 fps  infer 372.3 ms  persons 0  NO TARGET  -  steer +0.00 thr +0.00  L  +0 R  +0  calibrating
 2.8 fps  infer 353.9 ms  persons 0  NO TARGET  -  steer +0.00 thr +0.00  L  +0 R  +0  calibrating
 2.8 fps  infer 371.4 ms  persons 0  NO TARGET  -  steer +0.00 thr +0.00  L  +0 R  +0  calibrating
 2.8 fps  infer 367.0 ms  persons 0  NO TARGET  -  steer +0.00 thr +0.00  L  +0 R  +0  calibrating
 2.7 fps  infer 368.2 ms  persons 0  NO TARGET  -  steer +0.00 thr +0.00  L  +0 R  +0  calibrating
 2.8 fps  infer 363.7 ms  persons 0  NO TARGET  -  steer +0.00 thr +0.00  L  +0 R  +0  calibrating
 2.7 fps  infer 367.5 ms  persons 0  NO TARGET  -  steer +0.00 thr +0.00  L  +0 R  +0  calibrating
 3.1 fps  infer 306.1 ms  persons 0  NO TARGET  -  steer +0.00 thr +0.00  L  +0 R  +0  calibrating
 3.0 fps  infer 334.7 ms  persons 0  NO TARGET  -  steer +0.00 thr +0.00  L  +0 R  +0  calibrating
 2.7 fps  infer 409.2 ms  persons 0  NO TARGET  -  steer +0.00 thr +0.00  L  +0 R  +0  calibrating
 2.7 fps  infer 393.9 ms  persons 0  NO TARGET  -  steer +0.00 thr +0.00  L  +0 R  +0  calibrating
 2.7 fps  infer 383.2 ms  persons 0  NO TARGET  -  steer +0.00 thr +0.00  L  +0 R  +0  calibrating
 2.7 fps  infer 370.1 ms  persons 0  NO TARGET  -  steer +0.00 thr +0.00  L  +0 R  +0  calibrating
 2.9 fps  infer 340.7 ms  persons 0  NO TARGET  -  steer +0.00 thr +0.00  L  +0 R  +0  calibrating
 3.3 fps  infer 279.4 ms  persons 0  NO TARGET  -  steer +0.00 thr +0.00  L  +0 R  +0  calibrating
 3.6 fps  infer 261.7 ms  persons 0  NO TARGET  -  steer +0.00 thr +0.00  L  +0 R  +0  calibrating
 3.7 fps  infer 256.6 ms  persons 0  NO TARGET  -  steer +0.00 thr +0.00  L  +0 R  +0  calibrating
 3.7 fps  infer 258.5 ms  persons 0  NO TARGET  -  steer +0.00 thr +0.00  L  +0 R  +0  calibrating
 3.8 fps  infer 260.3 ms  persons 0  NO TARGET  -  steer +0.00 thr +0.00  L  +0 R  +0  calibrating
 3.8 fps  infer 257.9 ms  persons 0  NO TARGET  -  steer +0.00 thr +0.00  L  +0 R  +0  calibrating
 3.8 fps  infer 260.3 ms  persons 0  NO TARGET  -  steer +0.00 thr +0.00  L  +0 R  +0  calibrating
 3.9 fps  infer 257.1 ms  persons 0  NO TARGET  -  steer +0.00 thr +0.00  L  +0 R  +0  calibrating
 3.9 fps  infer 254.6 ms  persons 0  NO TARGET  -  steer +0.00 thr +0.00  L  +0 R  +0  calibrating
 3.8 fps  infer 264.4 ms  persons 0  NO TARGET  -  steer +0.00 thr +0.00  L  +0 R  +0  calibrating
 3.4 fps  infer 334.8 ms  persons 0  NO TARGET  -  steer +0.00 thr +0.00  L  +0 R  +0  calibrating
 3.2 fps  infer 364.3 ms  persons 0  NO TARGET  -  steer +0.00 thr +0.00  L  +0 R  +0  calibrating
 2.9 fps  infer 436.2 ms  persons 0  NO TARGET  -  steer +0.00 thr +0.00  L  +0 R  +0  calibrating
 3.1 fps  infer 347.5 ms  persons 0  NO TARGET  -  steer +0.00 thr +0.00  L  +0 R  +0  calibrating
 3.3 fps  infer 302.4 ms  persons 0  NO TARGET  -  steer +0.00 thr +0.00  L  +0 R  +0  calibrating
 3.5 fps  infer 275.0 ms  persons 0  NO TARGET  -  steer +0.00 thr +0.00  L  +0 R  +0  calibrating
 3.7 fps  infer 265.1 ms  persons 0  NO TARGET  -  steer +0.00 thr +0.00  L  +0 R  +0  calibrating
 3.7 fps  infer 267.3 ms  persons 0  NO TARGET  -  steer +0.00 thr +0.00  L  +0 R  +0  calibrating
 3.7 fps  infer 270.4 ms  persons 0  NO TARGET  -  steer +0.00 thr +0.00  L  +0 R  +0  calibrating
 3.7 fps  infer 272.2 ms  persons 0  NO TARGET  -  steer +0.00 thr +0.00  L  +0 R  +0  calibrating
 3.6 fps  infer 274.3 ms  persons 0  NO TARGET  -  steer +0.00 thr +0.00  L  +0 R  +0  calibrating
 3.7 fps  infer 267.5 ms  persons 0  NO TARGET  -  steer +0.00 thr +0.00  L  +0 R  +0  calibrating
 3.7 fps  infer 267.6 ms  persons 0  NO TARGET  -  steer +0.00 thr +0.00  L  +0 R  +0  calibrating
 3.8 fps  infer 263.1 ms  persons 0  NO TARGET  -  steer +0.00 thr +0.00  L  +0 R  +0  calibrating
 3.7 fps  infer 271.2 ms  persons 0  NO TARGET  -  steer +0.00 thr +0.00  L  +0 R  +0  calibrating
 3.5 fps  infer 308.8 ms  persons 0  NO TARGET  -  steer +0.00 thr +0.00  L  +0 R  +0  calibrating
 3.2 fps  infer 371.7 ms  persons 0  NO TARGET  -  steer +0.00 thr +0.00  L  +0 R  +0  calibrating
 2.9 fps  infer 414.0 ms  persons 0  NO TARGET  -  steer +0.00 thr +0.00  L  +0 R  +0  calibrating
 2.8 fps  infer 417.1 ms  persons 0  NO TARGET  -  steer +0.00 thr +0.00  L  +0 R  +0  calibrating
 2.9 fps  infer 357.4 ms  persons 0  NO TARGET  -  steer +0.00 thr +0.00  L  +0 R  +0  calibrating
 3.1 fps  infer 315.2 ms  persons 0  NO TARGET  -  steer +0.00 thr +0.00  L  +0 R  +0  calibrating
 3.3 fps  infer 289.9 ms  persons 0  NO TARGET  -  steer +0.00 thr +0.00  L  +0 R  +0  calibrating
 3.5 fps  infer 275.0 ms  persons 0  NO TARGET  -  steer +0.00 thr +0.00  L  +0 R  +0  calibrating
 3.6 fps  infer 270.0 ms  persons 0  NO TARGET  -  steer +0.00 thr +0.00  L  +0 R  +0  calibrating
 3.6 fps  infer 275.3 ms  persons 0  NO TARGET  -  steer +0.00 thr +0.00  L  +0 R  +0  calibrating
 3.6 fps  infer 276.9 ms  persons 0  NO TARGET  -  steer +0.00 thr +0.00  L  +0 R  +0  calibrating
 3.6 fps  infer 273.2 ms  persons 0  NO TARGET  -  steer +0.00 thr +0.00  L  +0 R  +0  calibrating
 3.7 fps  infer 267.3 ms  persons 0  NO TARGET  -  steer +0.00 thr +0.00  L  +0 R  +0  calibrating
 3.7 fps  infer 271.1 ms  persons 0  NO TARGET  -  steer +0.00 thr +0.00  L  +0 R  +0  calibrating
 3.7 fps  infer 273.1 ms  persons 0  NO TARGET  -  steer +0.00 thr +0.00  L  +0 R  +0  calibrating
 3.6 fps  infer 274.9 ms  persons 0  NO TARGET  -  steer +0.00 thr +0.00  L  +0 R  +0  calibrating
 3.7 fps  infer 271.2 ms  persons 0  NO TARGET  -  steer +0.00 thr +0.00  L  +0 R  +0  calibrating
 3.7 fps  infer 263.7 ms  persons 0  NO TARGET  -  steer +0.00 thr +0.00  L  +0 R  +0  calibrating
 3.7 fps  infer 267.9 ms  persons 0  NO TARGET  -  steer +0.00 thr +0.00  L  +0 R  +0  calibrating
 3.7 fps  infer 283.1 ms  persons 0  NO TARGET  -  steer +0.00 thr +0.00  L  +0 R  +0  calibrating
 3.7 fps  infer 276.1 ms  persons 0  NO TARGET  -  steer +0.00 thr +0.00  L  +0 R  +0  calibrating
 3.6 fps  infer 275.7 ms  persons 0  NO TARGET  -  steer +0.00 thr +0.00  L  +0 R  +0  calibrating
 3.6 fps  infer 274.9 ms  persons 0  NO TARGET  -  steer +0.00 thr +0.00  L  +0 R  +0  calibrating
 3.6 fps  infer 275.1 ms  persons 0  NO TARGET  -  steer +0.00 thr +0.00  L  +0 R  +0  calibrating
 3.6 fps  infer 276.9 ms  persons 0  NO TARGET  -  steer +0.00 thr +0.00  L  +0 R  +0  calibrating
 3.6 fps  infer 276.4 ms  persons 0  NO TARGET  -  steer +0.00 thr +0.00  L  +0 R  +0  calibrating
 3.6 fps  infer 279.0 ms  persons 0  NO TARGET  -  steer +0.00 thr +0.00  L  +0 R  +0  calibrating
 3.6 fps  infer 272.9 ms  persons 0  NO TARGET  -  steer +0.00 thr +0.00  L  +0 R  +0  calibrating
 3.6 fps  infer 279.9 ms  persons 0  NO TARGET  -  steer +0.00 thr +0.00  L  +0 R  +0  calibrating
 3.5 fps  infer 288.3 ms  persons 0  NO TARGET  -  steer +0.00 thr +0.00  L  +0 R  +0  calibrating
 3.6 fps  infer 276.2 ms  persons 0  NO TARGET  -  steer +0.00 thr +0.00  L  +0 R  +0  calibrating
 3.6 fps  infer 272.9 ms  persons 0  NO TARGET  -  steer +0.00 thr +0.00  L  +0 R  +0  calibrating
 3.6 fps  infer 280.2 ms  persons 0  NO TARGET  -  steer +0.00 thr +0.00  L  +0 R  +0  calibrating
 3.6 fps  infer 281.1 ms  persons 0  NO TARGET  -  steer +0.00 thr +0.00  L  +0 R  +0  calibrating
 3.6 fps  infer 281.6 ms  persons 0  NO TARGET  -  steer +0.00 thr +0.00  L  +0 R  +0  calibrating
 3.5 fps  infer 287.1 ms  persons 0  NO TARGET  -  steer +0.00 thr +0.00  L  +0 R  +0  calibrating
 3.4 fps  infer 310.6 ms  persons 0  NO TARGET  -  steer +0.00 thr +0.00  L  +0 R  +0  calibrating
 3.4 fps  infer 302.7 ms  persons 0  NO TARGET  -  steer +0.00 thr +0.00  L  +0 R  +0  calibrating
 3.4 fps  infer 290.3 ms  persons 0  NO TARGET  -  steer +0.00 thr +0.00  L  +0 R  +0  calibrating
 3.5 fps  infer 288.0 ms  persons 0  NO TARGET  -  steer +0.00 thr +0.00  L  +0 R  +0  calibrating
 3.5 fps  infer 283.7 ms  persons 0  NO TARGET  -  steer +0.00 thr +0.00  L  +0 R  +0  calibrating
 3.5 fps  infer 290.5 ms  persons 0  NO TARGET  -  steer +0.00 thr +0.00  L  +0 R  +0  calibrating
 3.4 fps  infer 290.3 ms  persons 0  NO TARGET  -  steer +0.00 thr +0.00  L  +0 R  +0  calibrating
 3.4 fps  infer 291.7 ms  persons 0  NO TARGET  -  steer +0.00 thr +0.00  L  +0 R  +0  calibrating
 3.5 fps  infer 285.5 ms  persons 0  NO TARGET  -  steer +0.00 thr +0.00  L  +0 R  +0  calibrating
 3.6 fps  infer 272.7 ms  persons 0  NO TARGET  -  steer +0.00 thr +0.00  L  +0 R  +0  calibrating
 3.6 fps  infer 277.0 ms  persons 0  NO TARGET  -  steer +0.00 thr +0.00  L  +0 R  +0  calibrating
 3.5 fps  infer 285.0 ms  persons 0  NO TARGET  -  steer +0.00 thr +0.00  L  +0 R  +0  calibrating
 3.4 fps  infer 304.3 ms  persons 0  NO TARGET  -  steer +0.00 thr +0.00  L  +0 R  +0  calibrating
 3.4 fps  infer 292.8 ms  persons 0  NO TARGET  -  steer +0.00 thr +0.00  L  +0 R  +0  calibrating
 3.4 fps  infer 295.1 ms  persons 0  NO TARGET  -  steer +0.00 thr +0.00  L  +0 R  +0  calibrating
 3.4 fps  infer 293.9 ms  persons 0  NO TARGET  -  steer +0.00 thr +0.00  L  +0 R  +0  calibrating
 3.4 fps  infer 297.2 ms  persons 0  NO TARGET  -  steer +0.00 thr +0.00  L  +0 R  +0  calibrating
 3.4 fps  infer 293.6 ms  persons 0  NO TARGET  -  steer +0.00 thr +0.00  L  +0 R  +0  calibrating
 3.4 fps  infer 289.2 ms  persons 0  NO TARGET  -  steer +0.00 thr +0.00  L  +0 R  +0  calibrating
 3.4 fps  infer 294.9 ms  persons 0  NO TARGET  -  steer +0.00 thr +0.00  L  +0 R  +0  calibrating
 3.5 fps  infer 285.1 ms  persons 0  NO TARGET  -  steer +0.00 thr +0.00  L  +0 R  +0  calibrating
 3.5 fps  infer 283.9 ms  persons 0  NO TARGET  -  steer +0.00 thr +0.00  L  +0 R  +0  calibrating
 3.5 fps  infer 288.6 ms  persons 0  NO TARGET  -  steer +0.00 thr +0.00  L  +0 R  +0  calibrating
 3.5 fps  infer 288.1 ms  persons 0  NO TARGET  -  steer +0.00 thr +0.00  L  +0 R  +0  calibrating
 3.4 fps  infer 291.7 ms  persons 0  NO TARGET  -  steer +0.00 thr +0.00  L  +0 R  +0  calibrating
 3.4 fps  infer 300.6 ms  persons 0  NO TARGET  -  steer +0.00 thr +0.00  L  +0 R  +0  calibrating
 3.4 fps  infer 300.4 ms  persons 0  NO TARGET  -  steer +0.00 thr +0.00  L  +0 R  +0  calibrating
 3.4 fps  infer 288.0 ms  persons 0  NO TARGET  -  steer +0.00 thr +0.00  L  +0 R  +0  calibrating
 3.4 fps  infer 293.3 ms  persons 0  NO TARGET  -  steer +0.00 thr +0.00  L  +0 R  +0  calibrating
 3.4 fps  infer 297.2 ms  persons 0  NO TARGET  -  steer +0.00 thr +0.00  L  +0 R  +0  calibrating
 3.3 fps  infer 302.6 ms  persons 0  NO TARGET  -  steer +0.00 thr +0.00  L  +0 R  +0  calibrating
 3.3 fps  infer 300.5 ms  persons 0  NO TARGET  -  steer +0.00 thr +0.00  L  +0 R  +0  calibrating
 3.4 fps  infer 295.9 ms  persons 0  NO TARGET  -  steer +0.00 thr +0.00  L  +0 R  +0  calibrating
 3.3 fps  infer 298.9 ms  persons 0  NO TARGET  -  steer +0.00 thr +0.00  L  +0 R  +0  calibrating
 3.3 fps  infer 307.7 ms  persons 0  NO TARGET  -  steer +0.00 thr +0.00  L  +0 R  +0  calibrating
 3.3 fps  infer 297.9 ms  persons 0  NO TARGET  -  steer +0.00 thr +0.00  L  +0 R  +0  calibrating
 3.4 fps  infer 295.0 ms  persons 0  NO TARGET  -  steer +0.00 thr +0.00  L  +0 R  +0  calibrating
 3.4 fps  infer 294.1 ms  persons 0  NO TARGET  -  steer +0.00 thr +0.00  L  +0 R  +0  calibrating
 3.4 fps  infer 290.7 ms  persons 0  NO TARGET  -  steer +0.00 thr +0.00  L  +0 R  +0  calibrating
 3.4 fps  infer 291.3 ms  persons 0  NO TARGET  -  steer +0.00 thr +0.00  L  +0 R  +0  calibrating
 3.4 fps  infer 289.8 ms  persons 0  NO TARGET  -  steer +0.00 thr +0.00  L  +0 R  +0  calibrating
 3.4 fps  infer 296.6 ms  persons 0  NO TARGET  -  steer +0.00 thr +0.00  L  +0 R  +0  calibrating
 3.4 fps  infer 295.1 ms  persons 0  NO TARGET  -  steer +0.00 thr +0.00  L  +0 R  +0  calibrating
 3.4 fps  infer 299.2 ms  persons 0  NO TARGET  -  steer +0.00 thr +0.00  L  +0 R  +0  calibrating
 3.4 fps  infer 296.2 ms  persons 0  NO TARGET  -  steer +0.00 thr +0.00  L  +0 R  +0  calibrating
 3.4 fps  infer 297.6 ms  persons 0  NO TARGET  -  steer +0.00 thr +0.00  L  +0 R  +0  calibrating
 3.3 fps  infer 308.5 ms  persons 0  NO TARGET  -  steer +0.00 thr +0.00  L  +0 R  +0  calibrating
 3.3 fps  infer 312.2 ms  persons 0  NO TARGET  -  steer +0.00 thr +0.00  L  +0 R  +0  calibrating
 3.2 fps  infer 316.2 ms  persons 0  NO TARGET  -  steer +0.00 thr +0.00  L  +0 R  +0  calibrating
 3.3 fps  infer 304.9 ms  persons 0  NO TARGET  -  steer +0.00 thr +0.00  L  +0 R  +0  calibrating
 3.3 fps  infer 300.4 ms  persons 0  NO TARGET  -  steer +0.00 thr +0.00  L  +0 R  +0  calibrating
 3.3 fps  infer 292.8 ms  persons 1  LOCKED id 4  2.05 m (from width)  FOLLOW  steer +0.00 thr +0.38  L+112 R+112  calibrating
 3.3 fps  infer 301.2 ms  persons 0  SEARCHING id 4 0.6/10 s  -  steer +0.00 thr +0.00  L  +0 R  +0  calibrating
 3.3 fps  infer 303.8 ms  persons 0  SEARCHING id 4 1.9/10 s  -  steer +0.00 thr +0.00  L  +0 R  +0  calibrating
 3.3 fps  infer 309.2 ms  persons 0  SEARCHING id 4 3.1/10 s  -  steer +0.00 thr +0.00  L  +0 R  +0  calibrating
 3.3 fps  infer 305.3 ms  persons 0  SEARCHING id 4 4.3/10 s  -  steer +0.00 thr +0.00  L  +0 R  +0  calibrating
 3.3 fps  infer 304.8 ms  persons 0  SEARCHING id 4 5.6/10 s  -  steer +0.00 thr +0.00  L  +0 R  +0  calibrating
 3.2 fps  infer 314.8 ms  persons 1  LOCKED id 4  1.86 m  STOP  steer +0.00 thr +0.00  L  +0 R  +0  calibrating
 3.1 fps  infer 324.5 ms  persons 1  LOCKED id 4  1.85 m  STOP  steer +0.00 thr +0.00  L  +0 R  +0  calibrating
 3.0 fps  infer 330.3 ms  persons 1  LOCKED id 4  1.85 m  STOP  steer +0.00 thr +0.00  L  +0 R  +0  calibrating
 3.1 fps  infer 313.9 ms  persons 1  LOCKED id 4  1.85 m  STOP  steer +0.00 thr +0.00  L  +0 R  +0  calibrating
 3.0 fps  infer 315.8 ms  persons 1  LOCKED id 4  1.76 m (from width)  STOP  steer +0.00 thr +0.00  L  +0 R  +0  calibrating
 3.0 fps  infer 319.2 ms  persons 1  LOCKED id 4  1.76 m (from width)  STOP  steer +0.00 thr +0.00  L  +0 R  +0  calibrating
 2.9 fps  infer 330.8 ms  persons 1  LOCKED id 4  1.84 m  STOP  steer +0.00 thr +0.00  L  +0 R  +0  calibrating
 3.0 fps  infer 320.2 ms  persons 1  LOCKED id 4  1.85 m  STOP  steer +0.00 thr +0.00  L  +0 R  +0  calibrating
 3.0 fps  infer 320.0 ms  persons 1  LOCKED id 4  1.85 m  STOP  steer +0.00 thr +0.00  L  +0 R  +0  calibrating
 3.0 fps  infer 316.0 ms  persons 1  LOCKED id 4  1.85 m  STOP  steer +0.00 thr +0.00  L  +0 R  +0  calibrating
 3.0 fps  infer 307.1 ms  persons 1  LOCKED id 4  1.85 m  STOP  steer +0.00 thr +0.00  L  +0 R  +0  calibrating
 3.1 fps  infer 296.3 ms  persons 1  LOCKED id 4  1.85 m  STOP  steer +0.00 thr +0.00  L  +0 R  +0  calibrating
 3.1 fps  infer 296.2 ms  persons 1  LOCKED id 4  1.84 m  STOP  steer +0.00 thr +0.00  L  +0 R  +0  calibrating
 3.2 fps  infer 288.1 ms  persons 1  LOCKED id 4  1.85 m  STOP  steer +0.00 thr +0.00  L  +0 R  +0  calibrating
 3.2 fps  infer 283.7 ms  persons 1  LOCKED id 4  1.86 m  STOP  steer +0.00 thr +0.00  L  +0 R  +0  calibrating
median box height 473 px at 2.0 m
saved to calibration.json - every run, including the boot service, uses it now
(same as: --ref-dist 2.0 --ref-height 473)
# exit 0  2026-09-13 11:58:50
