# follow  2026-09-13 11:29:05  rpi5  temp=48.3'C
# $ /home/rasp/rover-venv/bin/python -u follow_rover.py --calibrate --ref-dist 2
follow_rover: model=auto imgsz=320 source=usb transport=tcp cap=640x480 flip=False rotate=none acquire_conf=0.6 lost_timeout=10.0 reid_dist=0.3 ref_dist=2.0 ref_height=0.0 vfov=50.0 port=None max_pwm=150 min_pwm=90 steer=False stop_dist=1.5 start_dist=2.0 hold=1.5 calibrate=True show=False view=8080
webcam: /dev/video0 640x480 @ 25 fps
camera started: usb
model loaded yolo11n_192x320.onnx, input [192, 320]
no rover link - dry run, motors not driven
live view: http://<pi-address>:8080/
Loading yolo11n_192x320.onnx for ONNX Runtime inference...
Using ONNX Runtime 1.30.0 with CPUExecutionProvider
 0.0 fps  infer 2125.9 ms  persons 0  NO TARGET  -  steer +0.00 thr +0.00  L  +0 R  +0  calibrating
 0.5 fps  infer 1742.0 ms  persons 0  NO TARGET  -  steer +0.00 thr +0.00  L  +0 R  +0  calibrating
 2.2 fps  infer 711.4 ms  persons 0  NO TARGET  -  steer +0.00 thr +0.00  L  +0 R  +0  calibrating
 3.2 fps  infer 380.0 ms  persons 0  NO TARGET  -  steer +0.00 thr +0.00  L  +0 R  +0  calibrating
 3.8 fps  infer 271.2 ms  persons 0  NO TARGET  -  steer +0.00 thr +0.00  L  +0 R  +0  calibrating
 4.1 fps  infer 233.5 ms  persons 0  NO TARGET  -  steer +0.00 thr +0.00  L  +0 R  +0  calibrating
 4.3 fps  infer 220.2 ms  persons 0  NO TARGET  -  steer +0.00 thr +0.00  L  +0 R  +0  calibrating
 4.4 fps  infer 219.4 ms  persons 0  NO TARGET  -  steer +0.00 thr +0.00  L  +0 R  +0  calibrating
 4.5 fps  infer 221.4 ms  persons 0  NO TARGET  -  steer +0.00 thr +0.00  L  +0 R  +0  calibrating
 4.3 fps  infer 244.7 ms  persons 0  NO TARGET  -  steer +0.00 thr +0.00  L  +0 R  +0  calibrating
 4.2 fps  infer 243.0 ms  persons 0  NO TARGET  -  steer +0.00 thr +0.00  L  +0 R  +0  calibrating
 4.2 fps  infer 239.4 ms  persons 0  NO TARGET  -  steer +0.00 thr +0.00  L  +0 R  +0  calibrating
 4.3 fps  infer 230.0 ms  persons 0  NO TARGET  -  steer +0.00 thr +0.00  L  +0 R  +0  calibrating
 4.4 fps  infer 221.7 ms  persons 0  NO TARGET  -  steer +0.00 thr +0.00  L  +0 R  +0  calibrating
 4.4 fps  infer 228.0 ms  persons 0  NO TARGET  -  steer +0.00 thr +0.00  L  +0 R  +0  calibrating
 4.4 fps  infer 229.2 ms  persons 0  NO TARGET  -  steer +0.00 thr +0.00  L  +0 R  +0  calibrating
 4.4 fps  infer 229.8 ms  persons 0  NO TARGET  -  steer +0.00 thr +0.00  L  +0 R  +0  calibrating
 4.4 fps  infer 223.0 ms  persons 0  NO TARGET  -  steer +0.00 thr +0.00  L  +0 R  +0  calibrating
 4.4 fps  infer 227.6 ms  persons 0  NO TARGET  -  steer +0.00 thr +0.00  L  +0 R  +0  calibrating
 4.4 fps  infer 223.5 ms  persons 0  NO TARGET  -  steer +0.00 thr +0.00  L  +0 R  +0  calibrating
 4.3 fps  infer 236.5 ms  persons 0  NO TARGET  -  steer +0.00 thr +0.00  L  +0 R  +0  calibrating
 4.3 fps  infer 235.0 ms  persons 0  NO TARGET  -  steer +0.00 thr +0.00  L  +0 R  +0  calibrating
 4.3 fps  infer 228.8 ms  persons 0  NO TARGET  -  steer +0.00 thr +0.00  L  +0 R  +0  calibrating
 4.3 fps  infer 230.3 ms  persons 0  NO TARGET  -  steer +0.00 thr +0.00  L  +0 R  +0  calibrating
 4.3 fps  infer 234.4 ms  persons 0  NO TARGET  -  steer +0.00 thr +0.00  L  +0 R  +0  calibrating
 4.4 fps  infer 228.1 ms  persons 0  NO TARGET  -  steer +0.00 thr +0.00  L  +0 R  +0  calibrating
 4.4 fps  infer 221.7 ms  persons 0  NO TARGET  -  steer +0.00 thr +0.00  L  +0 R  +0  calibrating
 4.4 fps  infer 224.7 ms  persons 1  LOCKED id 3  head/feet cut off - whole body must be in frame  steer +0.00 thr +0.00  L  +0 R  +0  calibrating
 4.4 fps  infer 226.0 ms  persons 1  LOCKED id 3  1.85 m  STOP  steer +0.00 thr +0.00  L  +0 R  +0  calibrating
 4.2 fps  infer 241.8 ms  persons 1  LOCKED id 3  2.08 m (from width)  FOLLOW  steer +0.00 thr +0.40  L+114 R+114  calibrating
 4.2 fps  infer 243.0 ms  persons 0  SEARCHING id 3 1.1/10 s  -  steer +0.00 thr +0.00  L  +0 R  +0  calibrating
 4.3 fps  infer 228.1 ms  persons 0  SEARCHING id 3 2.3/10 s  -  steer +0.00 thr +0.00  L  +0 R  +0  calibrating
 4.3 fps  infer 229.5 ms  persons 0  SEARCHING id 3 3.5/10 s  -  steer +0.00 thr +0.00  L  +0 R  +0  calibrating
 4.3 fps  infer 230.6 ms  persons 0  SEARCHING id 3 4.7/10 s  -  steer +0.00 thr +0.00  L  +0 R  +0  calibrating
 4.4 fps  infer 228.1 ms  persons 0  SEARCHING id 3 5.8/10 s  -  steer +0.00 thr +0.00  L  +0 R  +0  calibrating
 4.4 fps  infer 227.7 ms  persons 0  SEARCHING id 3 7.1/10 s  -  steer +0.00 thr +0.00  L  +0 R  +0  calibrating
 4.4 fps  infer 227.0 ms  persons 0  SEARCHING id 3 8.3/10 s  -  steer +0.00 thr +0.00  L  +0 R  +0  calibrating
 4.4 fps  infer 229.1 ms  persons 0  SEARCHING id 3 9.5/10 s  -  steer +0.00 thr +0.00  L  +0 R  +0  calibrating
 4.4 fps  infer 226.6 ms  persons 0  NO TARGET  -  steer +0.00 thr +0.00  L  +0 R  +0  calibrating
 4.4 fps  infer 224.4 ms  persons 0  NO TARGET  -  steer +0.00 thr +0.00  L  +0 R  +0  calibrating
 4.5 fps  infer 219.8 ms  persons 0  NO TARGET  -  steer +0.00 thr +0.00  L  +0 R  +0  calibrating
 4.5 fps  infer 221.5 ms  persons 0  NO TARGET  -  steer +0.00 thr +0.00  L  +0 R  +0  calibrating
 4.5 fps  infer 223.9 ms  persons 0  NO TARGET  -  steer +0.00 thr +0.00  L  +0 R  +0  calibrating
 4.5 fps  infer 224.3 ms  persons 0  NO TARGET  -  steer +0.00 thr +0.00  L  +0 R  +0  calibrating
 4.4 fps  infer 234.7 ms  persons 0  NO TARGET  -  steer +0.00 thr +0.00  L  +0 R  +0  calibrating
 4.3 fps  infer 239.1 ms  persons 0  NO TARGET  -  steer +0.00 thr +0.00  L  +0 R  +0  calibrating
 4.3 fps  infer 236.6 ms  persons 0  NO TARGET  -  steer +0.00 thr +0.00  L  +0 R  +0  calibrating
 4.2 fps  infer 240.9 ms  persons 0  NO TARGET  -  steer +0.00 thr +0.00  L  +0 R  +0  calibrating
 4.2 fps  infer 241.0 ms  persons 0  NO TARGET  -  steer +0.00 thr +0.00  L  +0 R  +0  calibrating
 4.1 fps  infer 243.8 ms  persons 0  NO TARGET  -  steer +0.00 thr +0.00  L  +0 R  +0  calibrating
 4.1 fps  infer 244.0 ms  persons 0  NO TARGET  -  steer +0.00 thr +0.00  L  +0 R  +0  calibrating
 4.1 fps  infer 242.6 ms  persons 1  LOCKED id 4  right next to the rover - STOP  steer +0.00 thr +0.00  L  +0 R  +0  calibrating
 4.0 fps  infer 245.5 ms  persons 0  SEARCHING id 4 0.5/10 s  -  steer +0.00 thr +0.00  L  +0 R  +0  calibrating
 4.0 fps  infer 245.7 ms  persons 1  LOCKED id 4  right next to the rover - STOP  steer +0.00 thr +0.00  L  +0 R  +0  calibrating
 3.9 fps  infer 247.9 ms  persons 1  LOCKED id 4  right next to the rover - STOP  steer +0.00 thr +0.00  L  +0 R  +0  calibrating
 3.9 fps  infer 246.8 ms  persons 1  LOCKED id 4  right next to the rover - STOP  steer +0.00 thr +0.00  L  +0 R  +0  calibrating
 3.9 fps  infer 251.9 ms  persons 1  LOCKED id 4  right next to the rover - STOP  steer +0.00 thr +0.00  L  +0 R  +0  calibrating
 3.6 fps  infer 305.8 ms  persons 1  LOCKED id 4  right next to the rover - STOP  steer +0.00 thr +0.00  L  +0 R  +0  calibrating
 3.5 fps  infer 289.0 ms  persons 1  LOCKED id 4  right next to the rover - STOP  steer +0.00 thr +0.00  L  +0 R  +0  calibrating
 3.6 fps  infer 269.7 ms  persons 1  LOCKED id 4  right next to the rover - STOP  steer +0.00 thr +0.00  L  +0 R  +0  calibrating
 3.7 fps  infer 260.5 ms  persons 1  LOCKED id 4  2.34 m (from width)  FOLLOW  steer +0.00 thr +0.59  L+125 R+125  calibrating
 3.7 fps  infer 261.8 ms  persons 1  LOCKED id 4  2.57 m (from width)  FOLLOW  steer +0.00 thr +0.76  L+135 R+135  calibrating
 3.7 fps  infer 264.9 ms  persons 1  LOCKED id 4  2.08 m (from width)  FOLLOW  steer +0.00 thr +0.37  L+112 R+112  calibrating
 3.8 fps  infer 260.7 ms  persons 1  LOCKED id 4  2.33 m (from width)  FOLLOW  steer +0.00 thr +0.59  L+125 R+125  calibrating
 3.8 fps  infer 259.0 ms  persons 1  LOCKED id 4  2.15 m (from width)  FOLLOW  steer +0.00 thr +0.44  L+116 R+116  calibrating
 3.9 fps  infer 252.0 ms  persons 1  LOCKED id 4  2.07 m (from width)  FOLLOW  steer +0.00 thr +0.42  L+115 R+115  calibrating
 3.8 fps  infer 249.3 ms  persons 1  LOCKED id 4  right next to the rover - STOP  steer +0.00 thr +0.00  L  +0 R  +0  calibrating
 3.9 fps  infer 241.1 ms  persons 1  LOCKED id 4  right next to the rover - STOP  steer +0.00 thr +0.00  L  +0 R  +0  calibrating
 3.8 fps  infer 246.6 ms  persons 1  LOCKED id 4  right next to the rover - STOP  steer +0.00 thr +0.00  L  +0 R  +0  calibrating
 3.8 fps  infer 256.3 ms  persons 1  LOCKED id 4  right next to the rover - STOP  steer +0.00 thr +0.00  L  +0 R  +0  calibrating
 3.7 fps  infer 258.1 ms  persons 1  LOCKED id 4  right next to the rover - STOP  steer +0.00 thr +0.00  L  +0 R  +0  calibrating
 3.7 fps  infer 273.9 ms  persons 0  SEARCHING id 4 0.6/10 s  -  steer +0.00 thr +0.00  L  +0 R  +0  calibrating
 3.7 fps  infer 265.6 ms  persons 1  LOCKED id 4  right next to the rover - STOP  steer +0.00 thr +0.00  L  +0 R  +0  calibrating
 3.6 fps  infer 261.8 ms  persons 1  LOCKED id 4  right next to the rover - STOP  steer +0.00 thr +0.00  L  +0 R  +0  calibrating
 3.6 fps  infer 261.2 ms  persons 1  LOCKED id 4  right next to the rover - STOP  steer +0.00 thr +0.00  L  +0 R  +0  calibrating
 3.6 fps  infer 264.8 ms  persons 1  LOCKED id 4  right next to the rover - STOP  steer +0.00 thr +0.00  L  +0 R  +0  calibrating
 3.6 fps  infer 260.2 ms  persons 1  LOCKED id 4  right next to the rover - STOP  steer +0.00 thr +0.00  L  +0 R  +0  calibrating
 3.6 fps  infer 263.7 ms  persons 1  LOCKED id 4  right next to the rover - STOP  steer +0.00 thr +0.00  L  +0 R  +0  calibrating
 3.5 fps  infer 272.9 ms  persons 1  LOCKED id 4  right next to the rover - STOP  steer +0.00 thr +0.00  L  +0 R  +0  calibrating
 3.5 fps  infer 274.4 ms  persons 1  LOCKED id 4  2.45 m (from width)  FOLLOW  steer +0.00 thr +0.70  L+132 R+132  calibrating
 3.5 fps  infer 284.9 ms  persons 0  SEARCHING id 4 0.6/10 s  -  steer +0.00 thr +0.00  L  +0 R  +0  calibrating
 3.5 fps  infer 280.5 ms  persons 1  LOCKED id 4  3.41 m (from width)  FOLLOW  steer +0.00 thr +1.00  L+150 R+150  calibrating
 3.5 fps  infer 278.5 ms  persons 1  LOCKED id 4  right next to the rover - STOP  steer +0.00 thr +0.00  L  +0 R  +0  calibrating
 3.5 fps  infer 269.8 ms  persons 1  LOCKED id 4  3.29 m (from width)  FOLLOW  steer +0.00 thr +1.00  L+150 R+150  calibrating
 3.6 fps  infer 266.7 ms  persons 1  LOCKED id 4  right next to the rover - STOP  steer +0.00 thr +0.00  L  +0 R  +0  calibrating
 3.5 fps  infer 275.7 ms  persons 1  LOCKED id 4  right next to the rover - STOP  steer +0.00 thr +0.00  L  +0 R  +0  calibrating
 3.6 fps  infer 270.6 ms  persons 1  LOCKED id 4  right next to the rover - STOP  steer +0.00 thr +0.00  L  +0 R  +0  calibrating
 3.6 fps  infer 270.8 ms  persons 1  LOCKED id 4  right next to the rover - STOP  steer +0.00 thr +0.00  L  +0 R  +0  calibrating
 3.6 fps  infer 276.9 ms  persons 1  LOCKED id 4  right next to the rover - STOP  steer +0.00 thr +0.00  L  +0 R  +0  calibrating
 3.6 fps  infer 271.1 ms  persons 1  LOCKED id 4  right next to the rover - STOP  steer +0.00 thr +0.00  L  +0 R  +0  calibrating
 3.7 fps  infer 268.2 ms  persons 1  LOCKED id 4  right next to the rover - STOP  steer +0.00 thr +0.00  L  +0 R  +0  calibrating
 3.6 fps  infer 272.4 ms  persons 1  LOCKED id 4  right next to the rover - STOP  steer +0.00 thr +0.00  L  +0 R  +0  calibrating
 3.6 fps  infer 273.3 ms  persons 1  LOCKED id 4  right next to the rover - STOP  steer +0.00 thr +0.00  L  +0 R  +0  calibrating
 3.6 fps  infer 279.2 ms  persons 0  SEARCHING id 4 0.3/10 s  -  steer +0.00 thr +0.00  L  +0 R  +0  calibrating
 3.6 fps  infer 280.7 ms  persons 0  SEARCHING id 4 1.5/10 s  -  steer +0.00 thr +0.00  L  +0 R  +0  calibrating
 3.6 fps  infer 277.3 ms  persons 1  LOCKED id 4  4.92 m (from width)  FOLLOW  steer +0.00 thr +1.00  L+150 R+150  calibrating
 3.6 fps  infer 269.7 ms  persons 0  SEARCHING id 4 0.6/10 s  -  steer +0.00 thr +0.00  L  +0 R  +0  calibrating
 3.6 fps  infer 274.8 ms  persons 0  SEARCHING id 4 1.7/10 s  -  steer +0.00 thr +0.00  L  +0 R  +0  calibrating
 3.6 fps  infer 274.7 ms  persons 0  SEARCHING id 4 2.8/10 s  -  steer +0.00 thr +0.00  L  +0 R  +0  calibrating
# exit 0  2026-09-13 11:31:22
