# follow  2026-09-13 13:13:51  rpi5  temp=73.1'C
# $ /home/rasp/rover-venv/bin/python -u follow_rover.py --port auto
feet distance: camera 0.381 m high, tilted -8.4 deg down, feet in view from 3.00 m
calibration: 322 px at 4.5 m, saved 2026-09-13 13:11
follow_rover: model=auto imgsz=320 source=usb transport=tcp cap=640x480 flip=False acquire_conf=0.6 lost_timeout=10.0 reid_dist=0.3 cam_height=0.0 ref_dist=4.5 ref_height=322.5 vfov=50.0 port=auto max_pwm=150 min_pwm=90 steer=False stop_dist=1.2 start_dist=1.6 hold=1.5 calibrate=False show=False view=8080
webcam: /dev/video0 640x480 @ 25 fps
camera started: usb
model loaded yolo11n_192x320.onnx, input [192, 320]
rover link /dev/ttyUSB0 (ESP32 firmware answered)
live view: http://<pi-address>:8080/
Loading yolo11n_192x320.onnx for ONNX Runtime inference...
Using ONNX Runtime 1.30.0 with CPUExecutionProvider
 0.0 fps  infer 2027.7 ms  persons 0  NO TARGET  -  steer +0.00 thr +0.00  L  +0 R  +0  
 0.4 fps  infer 1677.1 ms  persons 0  NO TARGET  -  steer +0.00 thr +0.00  L  +0 R  +0  
 1.7 fps  infer 828.0 ms  persons 0  NO TARGET  -  steer +0.00 thr +0.00  L  +0 R  +0  
 2.8 fps  infer 425.7 ms  persons 0  NO TARGET  -  steer +0.00 thr +0.00  L  +0 R  +0  
 3.4 fps  infer 292.7 ms  persons 0  NO TARGET  -  steer +0.00 thr +0.00  L  +0 R  +0  
 3.7 fps  infer 258.1 ms  persons 0  NO TARGET  -  steer +0.00 thr +0.00  L  +0 R  +0  
 3.8 fps  infer 259.5 ms  persons 0  NO TARGET  -  steer +0.00 thr +0.00  L  +0 R  +0  
 3.9 fps  infer 256.5 ms  persons 0  NO TARGET  -  steer +0.00 thr +0.00  L  +0 R  +0  
 3.9 fps  infer 257.7 ms  persons 0  NO TARGET  -  steer +0.00 thr +0.00  L  +0 R  +0  
 3.9 fps  infer 257.7 ms  persons 0  NO TARGET  -  steer +0.00 thr +0.00  L  +0 R  +0  
 3.8 fps  infer 265.0 ms  persons 0  NO TARGET  -  steer +0.00 thr +0.00  L  +0 R  +0  
 3.7 fps  infer 278.9 ms  persons 0  NO TARGET  -  steer +0.00 thr +0.00  L  +0 R  +0  
 3.5 fps  infer 299.6 ms  persons 0  NO TARGET  -  steer +0.00 thr +0.00  L  +0 R  +0  
 3.4 fps  infer 311.5 ms  persons 0  NO TARGET  -  steer +0.00 thr +0.00  L  +0 R  +0  
 3.3 fps  infer 323.1 ms  persons 0  NO TARGET  -  steer +0.00 thr +0.00  L  +0 R  +0  
 3.2 fps  infer 328.4 ms  persons 0  NO TARGET  -  steer +0.00 thr +0.00  L  +0 R  +0  
 3.2 fps  infer 313.7 ms  persons 0  NO TARGET  -  steer +0.00 thr +0.00  L  +0 R  +0  
 3.3 fps  infer 306.0 ms  persons 0  NO TARGET  -  steer +0.00 thr +0.00  L  +0 R  +0  
 3.3 fps  infer 299.2 ms  persons 0  NO TARGET  -  steer +0.00 thr +0.00  L  +0 R  +0  
 3.4 fps  infer 294.1 ms  persons 0  NO TARGET  -  steer +0.00 thr +0.00  L  +0 R  +0  
 3.4 fps  infer 289.2 ms  persons 0  NO TARGET  -  steer +0.00 thr +0.00  L  +0 R  +0  
 3.4 fps  infer 292.8 ms  persons 0  NO TARGET  -  steer +0.00 thr +0.00  L  +0 R  +0  
 3.4 fps  infer 291.5 ms  persons 0  NO TARGET  -  steer +0.00 thr +0.00  L  +0 R  +0  
 3.4 fps  infer 298.4 ms  persons 0  NO TARGET  -  steer +0.00 thr +0.00  L  +0 R  +0  
 3.3 fps  infer 312.3 ms  persons 0  NO TARGET  -  steer +0.00 thr +0.00  L  +0 R  +0  
 3.2 fps  infer 325.2 ms  persons 0  NO TARGET  -  steer +0.00 thr +0.00  L  +0 R  +0  
 3.2 fps  infer 320.0 ms  persons 0  NO TARGET  -  steer +0.00 thr +0.00  L  +0 R  +0  
 3.2 fps  infer 320.1 ms  persons 0  NO TARGET  -  steer +0.00 thr +0.00  L  +0 R  +0  
 3.2 fps  infer 307.7 ms  persons 0  NO TARGET  -  steer +0.00 thr +0.00  L  +0 R  +0  
 3.2 fps  infer 308.6 ms  persons 0  NO TARGET  -  steer +0.00 thr +0.00  L  +0 R  +0  
 3.2 fps  infer 310.2 ms  persons 0  NO TARGET  -  steer +0.00 thr +0.00  L  +0 R  +0  
 3.2 fps  infer 313.8 ms  persons 0  NO TARGET  -  steer +0.00 thr +0.00  L  +0 R  +0  
 3.3 fps  infer 301.8 ms  persons 0  NO TARGET  -  steer +0.00 thr +0.00  L  +0 R  +0  
 3.3 fps  infer 301.9 ms  persons 0  NO TARGET  -  steer +0.00 thr +0.00  L  +0 R  +0  
 3.4 fps  infer 292.7 ms  persons 0  NO TARGET  -  steer +0.00 thr +0.00  L  +0 R  +0  
 3.4 fps  infer 296.8 ms  persons 0  NO TARGET  -  steer +0.00 thr +0.00  L  +0 R  +0  
 3.3 fps  infer 304.2 ms  persons 0  NO TARGET  -  steer +0.00 thr +0.00  L  +0 R  +0  
 3.3 fps  infer 303.7 ms  persons 0  NO TARGET  -  steer +0.00 thr +0.00  L  +0 R  +0  
 3.3 fps  infer 306.8 ms  persons 0  NO TARGET  -  steer +0.00 thr +0.00  L  +0 R  +0  
 3.3 fps  infer 298.0 ms  persons 0  NO TARGET  -  steer +0.00 thr +0.00  L  +0 R  +0  
 3.4 fps  infer 296.2 ms  persons 0  NO TARGET  -  steer +0.00 thr +0.00  L  +0 R  +0  
 3.3 fps  infer 301.1 ms  persons 0  NO TARGET  -  steer +0.00 thr +0.00  L  +0 R  +0  
 3.4 fps  infer 297.0 ms  persons 0  NO TARGET  -  steer +0.00 thr +0.00  L  +0 R  +0  
 3.3 fps  infer 298.9 ms  persons 0  NO TARGET  -  steer +0.00 thr +0.00  L  +0 R  +0  
 3.3 fps  infer 299.7 ms  persons 0  NO TARGET  -  steer +0.00 thr +0.00  L  +0 R  +0  
 3.3 fps  infer 303.3 ms  persons 0  NO TARGET  -  steer +0.00 thr +0.00  L  +0 R  +0  
 3.3 fps  infer 305.9 ms  persons 0  NO TARGET  -  steer +0.00 thr +0.00  L  +0 R  +0  
 3.3 fps  infer 303.3 ms  persons 0  NO TARGET  -  steer +0.00 thr +0.00  L  +0 R  +0  
 3.3 fps  infer 311.3 ms  persons 0  NO TARGET  -  steer +0.00 thr +0.00  L  +0 R  +0  
 3.3 fps  infer 305.6 ms  persons 0  NO TARGET  -  steer +0.00 thr +0.00  L  +0 R  +0  
 3.3 fps  infer 305.4 ms  persons 0  NO TARGET  -  steer +0.00 thr +0.00  L  +0 R  +0  
 3.3 fps  infer 304.6 ms  persons 0  NO TARGET  -  steer +0.00 thr +0.00  L  +0 R  +0  
 3.3 fps  infer 299.7 ms  persons 0  NO TARGET  -  steer +0.00 thr +0.00  L  +0 R  +0  
 3.3 fps  infer 301.3 ms  persons 0  NO TARGET  -  steer +0.00 thr +0.00  L  +0 R  +0  
 3.3 fps  infer 300.7 ms  persons 0  NO TARGET  -  steer +0.00 thr +0.00  L  +0 R  +0  
 3.3 fps  infer 308.2 ms  persons 0  NO TARGET  -  steer +0.00 thr +0.00  L  +0 R  +0  
 3.2 fps  infer 311.2 ms  persons 0  NO TARGET  -  steer +0.00 thr +0.00  L  +0 R  +0  
 3.2 fps  infer 307.9 ms  persons 0  NO TARGET  -  steer +0.00 thr +0.00  L  +0 R  +0  
 3.3 fps  infer 306.1 ms  persons 0  NO TARGET  -  steer +0.00 thr +0.00  L  +0 R  +0  
 3.2 fps  infer 316.6 ms  persons 0  NO TARGET  -  steer +0.00 thr +0.00  L  +0 R  +0  
 3.2 fps  infer 314.0 ms  persons 0  NO TARGET  -  steer +0.00 thr +0.00  L  +0 R  +0  
 3.2 fps  infer 310.0 ms  persons 0  NO TARGET  -  steer +0.00 thr +0.00  L  +0 R  +0  
 3.2 fps  infer 311.1 ms  persons 0  NO TARGET  -  steer +0.00 thr +0.00  L  +0 R  +0  
 3.2 fps  infer 309.5 ms  persons 0  NO TARGET  -  steer +0.00 thr +0.00  L  +0 R  +0  
 3.2 fps  infer 309.8 ms  persons 0  NO TARGET  -  steer +0.00 thr +0.00  L  +0 R  +0  
 3.2 fps  infer 320.5 ms  persons 0  NO TARGET  -  steer +0.00 thr +0.00  L  +0 R  +0  
 3.1 fps  infer 328.7 ms  persons 0  NO TARGET  -  steer +0.00 thr +0.00  L  +0 R  +0  
 3.0 fps  infer 339.9 ms  persons 0  NO TARGET  -  steer +0.00 thr +0.00  L  +0 R  +0  
 3.0 fps  infer 335.6 ms  persons 0  NO TARGET  -  steer +0.00 thr +0.00  L  +0 R  +0  
 3.1 fps  infer 321.2 ms  persons 0  NO TARGET  -  steer +0.00 thr +0.00  L  +0 R  +0  
 3.1 fps  infer 317.1 ms  persons 0  NO TARGET  -  steer +0.00 thr +0.00  L  +0 R  +0  
 3.1 fps  infer 315.2 ms  persons 0  NO TARGET  -  steer +0.00 thr +0.00  L  +0 R  +0  
 3.1 fps  infer 322.7 ms  persons 0  NO TARGET  -  steer +0.00 thr +0.00  L  +0 R  +0  
 3.0 fps  infer 346.7 ms  persons 0  NO TARGET  -  steer +0.00 thr +0.00  L  +0 R  +0  
 3.0 fps  infer 346.1 ms  persons 0  NO TARGET  -  steer +0.00 thr +0.00  L  +0 R  +0  
 3.0 fps  infer 337.8 ms  persons 0  NO TARGET  -  steer +0.00 thr +0.00  L  +0 R  +0  
 3.0 fps  infer 332.9 ms  persons 0  NO TARGET  -  steer +0.00 thr +0.00  L  +0 R  +0  
 3.0 fps  infer 337.9 ms  persons 0  NO TARGET  -  steer +0.00 thr +0.00  L  +0 R  +0  
 3.0 fps  infer 335.1 ms  persons 1  LOCKED id 1  right next to the rover - STOP  steer +0.00 thr +0.00  L  +0 R  +0  
 2.9 fps  infer 350.2 ms  persons 1  LOCKED id 1  right next to the rover - STOP  steer +0.00 thr +0.00  L  +0 R  +0  
 2.9 fps  infer 342.0 ms  persons 1  LOCKED id 1  right next to the rover - STOP  steer +0.00 thr +0.00  L  +0 R  +0  
 2.8 fps  infer 341.6 ms  persons 1  LOCKED id 1  right next to the rover - STOP  steer +0.00 thr +0.00  L  +0 R  +0  
 2.8 fps  infer 338.3 ms  persons 1  LOCKED id 1  right next to the rover - STOP  steer +0.00 thr +0.00  L  +0 R  +0  
 2.9 fps  infer 336.9 ms  persons 0  SEARCHING id 1 1.1/10 s  -  steer +0.00 thr +0.00  L  +0 R  +0  
 2.9 fps  infer 337.7 ms  persons 0  SEARCHING id 1 2.2/10 s  -  steer +0.00 thr +0.00  L  +0 R  +0  
 2.9 fps  infer 339.8 ms  persons 0  SEARCHING id 1 3.2/10 s  -  steer +0.00 thr +0.00  L  +0 R  +0  
 3.0 fps  infer 330.9 ms  persons 0  SEARCHING id 1 4.3/10 s  -  steer +0.00 thr +0.00  L  +0 R  +0  
 3.0 fps  infer 327.5 ms  persons 0  SEARCHING id 1 5.3/10 s  -  steer +0.00 thr +0.00  L  +0 R  +0  
 3.0 fps  infer 329.0 ms  persons 0  SEARCHING id 1 6.4/10 s  -  steer +0.00 thr +0.00  L  +0 R  +0  
 3.0 fps  infer 333.3 ms  persons 0  SEARCHING id 1 7.4/10 s  -  steer +0.00 thr +0.00  L  +0 R  +0  
 3.0 fps  infer 338.8 ms  persons 0  SEARCHING id 1 8.5/10 s  -  steer +0.00 thr +0.00  L  +0 R  +0  
 2.9 fps  infer 343.1 ms  persons 0  SEARCHING id 1 9.6/10 s  -  steer +0.00 thr +0.00  L  +0 R  +0  
 2.9 fps  infer 351.4 ms  persons 1  LOCKED id 3  right next to the rover - STOP  steer +0.00 thr +0.00  L  +0 R  +0  
 2.8 fps  infer 352.9 ms  persons 1  LOCKED id 3  right next to the rover - STOP  steer +0.00 thr +0.00  L  +0 R  +0  
 2.8 fps  infer 354.8 ms  persons 1  LOCKED id 3  right next to the rover - STOP  steer +0.00 thr +0.00  L  +0 R  +0  
 2.8 fps  infer 358.0 ms  persons 1  LOCKED id 3  right next to the rover - STOP  steer +0.00 thr +0.00  L  +0 R  +0  
 2.8 fps  infer 356.0 ms  persons 1  LOCKED id 3  right next to the rover - STOP  steer +0.00 thr +0.00  L  +0 R  +0  
 2.8 fps  infer 354.9 ms  persons 1  LOCKED id 3  3.49 m (137 in)  FOLLOW  steer +0.00 thr +1.00  L+150 R+150  
 2.8 fps  infer 351.3 ms  persons 1  LOCKED id 3  3.63 m (143 in)  FOLLOW  steer +0.00 thr +1.00  L+150 R+150  
 2.8 fps  infer 348.8 ms  persons 1  LOCKED id 3  3.22 m (127 in) (from feet)  FOLLOW  steer +0.00 thr +1.00  L+150 R+150  
 2.8 fps  infer 356.5 ms  persons 0  SEARCHING id 3 1.1/10 s  -  steer +0.00 thr +0.00  L  +0 R  +0  
 2.8 fps  infer 344.2 ms  persons 0  SEARCHING id 3 2.2/10 s  -  steer +0.00 thr +0.00  L  +0 R  +0  
 2.9 fps  infer 339.4 ms  persons 0  SEARCHING id 3 3.3/10 s  -  steer +0.00 thr +0.00  L  +0 R  +0  
 2.9 fps  infer 346.8 ms  persons 0  SEARCHING id 3 4.4/10 s  -  steer +0.00 thr +0.00  L  +0 R  +0  
 2.9 fps  infer 344.2 ms  persons 0  SEARCHING id 3 5.5/10 s  -  steer +0.00 thr +0.00  L  +0 R  +0  
 2.9 fps  infer 340.5 ms  persons 0  SEARCHING id 3 6.6/10 s  -  steer +0.00 thr +0.00  L  +0 R  +0  
 2.9 fps  infer 333.8 ms  persons 0  SEARCHING id 3 7.6/10 s  -  steer +0.00 thr +0.00  L  +0 R  +0  
 3.0 fps  infer 330.8 ms  persons 0  SEARCHING id 3 8.7/10 s  -  steer +0.00 thr +0.00  L  +0 R  +0  
 3.0 fps  infer 331.8 ms  persons 0  SEARCHING id 3 9.7/10 s  -  steer +0.00 thr +0.00  L  +0 R  +0  
 3.0 fps  infer 336.8 ms  persons 0  NO TARGET  -  steer +0.00 thr +0.00  L  +0 R  +0  
 3.0 fps  infer 337.7 ms  persons 1  NO TARGET  -  steer +0.00 thr +0.00  L  +0 R  +0  
 2.9 fps  infer 339.2 ms  persons 1  LOCKED id 6  right next to the rover - STOP  steer +0.00 thr +0.00  L  +0 R  +0  
 2.9 fps  infer 342.1 ms  persons 1  LOCKED id 6  right next to the rover - STOP  steer +0.00 thr +0.00  L  +0 R  +0  
 2.8 fps  infer 349.9 ms  persons 1  LOCKED id 6  2.92 m (115 in) (from width)  STOP  steer +0.00 thr +0.00  L  +0 R  +0  
 2.8 fps  infer 359.9 ms  persons 1  LOCKED id 6  3.95 m (156 in)  FOLLOW  steer +0.00 thr +1.00  L+150 R+150  
 2.8 fps  infer 358.3 ms  persons 1  LOCKED id 6  3.97 m (156 in)  FOLLOW  steer +0.00 thr +1.00  L+150 R+150  
 2.8 fps  infer 358.1 ms  persons 1  LOCKED id 6  3.51 m (138 in)  FOLLOW  steer +0.00 thr +1.00  L+150 R+150  
 2.7 fps  infer 367.9 ms  persons 1  LOCKED id 6  right next to the rover - STOP  steer +0.00 thr +0.00  L  +0 R  +0  
 2.7 fps  infer 368.5 ms  persons 1  LOCKED id 6  right next to the rover - STOP  steer +0.00 thr +0.00  L  +0 R  +0  
 2.6 fps  infer 376.1 ms  persons 1  LOCKED id 6  right next to the rover - STOP  steer +0.00 thr +0.00  L  +0 R  +0  
 2.7 fps  infer 361.6 ms  persons 1  LOCKED id 6  right next to the rover - STOP  steer +0.00 thr +0.00  L  +0 R  +0  
 2.7 fps  infer 356.4 ms  persons 1  LOCKED id 6  right next to the rover - STOP  steer +0.00 thr +0.00  L  +0 R  +0  
 2.7 fps  infer 352.4 ms  persons 1  LOCKED id 6  right next to the rover - STOP  steer +0.00 thr +0.00  L  +0 R  +0  
 2.7 fps  infer 357.3 ms  persons 0  SEARCHING id 6 1.2/10 s  -  steer +0.00 thr +0.00  L  +0 R  +0  
 2.7 fps  infer 362.4 ms  persons 0  SEARCHING id 6 2.3/10 s  -  steer +0.00 thr +0.00  L  +0 R  +0  
 2.8 fps  infer 347.7 ms  persons 0  SEARCHING id 6 3.4/10 s  -  steer +0.00 thr +0.00  L  +0 R  +0  
 2.8 fps  infer 345.9 ms  persons 1  LOCKED id 6  right next to the rover - STOP  steer +0.00 thr +0.00  L  +0 R  +0  
 2.8 fps  infer 355.1 ms  persons 0  SEARCHING id 6 0.4/10 s  -  steer +0.00 thr +0.00  L  +0 R  +0  
 2.8 fps  infer 358.6 ms  persons 2  LOCKED id 6  right next to the rover - STOP  steer +0.00 thr +0.00  L  +0 R  +0  
 2.7 fps  infer 367.8 ms  persons 1  LOCKED id 6  right next to the rover - STOP  steer +0.00 thr +0.00  L  +0 R  +0  
 2.6 fps  infer 377.7 ms  persons 1  LOCKED id 6  right next to the rover - STOP  steer +0.00 thr +0.00  L  +0 R  +0  
 2.6 fps  infer 372.2 ms  persons 1  LOCKED id 6  2.74 m (108 in) (from width)  STOP  steer +0.00 thr +0.00  L  +0 R  +0  
 2.6 fps  infer 371.0 ms  persons 1  LOCKED id 6  3.84 m (151 in)  FOLLOW  steer +0.00 thr +1.00  L+150 R+150  
 2.6 fps  infer 377.8 ms  persons 1  LOCKED id 6  3.94 m (155 in)  FOLLOW  steer +0.00 thr +1.00  L+150 R+150  
 2.6 fps  infer 387.5 ms  persons 1  LOCKED id 6  3.98 m (157 in)  FOLLOW  steer +0.00 thr +1.00  L+150 R+150  
 2.6 fps  infer 381.9 ms  persons 1  LOCKED id 6  3.55 m (140 in)  FOLLOW  steer +0.00 thr +1.00  L+150 R+150  
 2.6 fps  infer 374.1 ms  persons 1  LOCKED id 6  right next to the rover - STOP  steer +0.00 thr +0.00  L  +0 R  +0  
 2.5 fps  infer 393.4 ms  persons 1  LOCKED id 6  right next to the rover - STOP  steer +0.00 thr +0.00  L  +0 R  +0  
 2.5 fps  infer 387.4 ms  persons 1  LOCKED id 6  right next to the rover - STOP  steer +0.00 thr +0.00  L  +0 R  +0  
 2.5 fps  infer 380.9 ms  persons 1  LOCKED id 6  right next to the rover - STOP  steer +0.00 thr +0.00  L  +0 R  +0  
 2.6 fps  infer 375.4 ms  persons 1  LOCKED id 6  right next to the rover - STOP  steer +0.00 thr +0.00  L  +0 R  +0  
 2.6 fps  infer 381.7 ms  persons 1  LOCKED id 6  right next to the rover - STOP  steer +0.00 thr +0.00  L  +0 R  +0  
 2.6 fps  infer 373.5 ms  persons 1  LOCKED id 6  right next to the rover - STOP  steer +0.00 thr +0.00  L  +0 R  +0  
 2.5 fps  infer 385.9 ms  persons 1  LOCKED id 6  right next to the rover - STOP  steer +0.00 thr +0.00  L  +0 R  +0  
 2.5 fps  infer 387.6 ms  persons 1  LOCKED id 6  right next to the rover - STOP  steer +0.00 thr +0.00  L  +0 R  +0  
 2.5 fps  infer 385.5 ms  persons 1  LOCKED id 6  right next to the rover - STOP  steer +0.00 thr +0.00  L  +0 R  +0  
 2.5 fps  infer 392.3 ms  persons 1  LOCKED id 6  right next to the rover - STOP  steer +0.00 thr +0.00  L  +0 R  +0  
 2.5 fps  infer 393.2 ms  persons 1  LOCKED id 6  right next to the rover - STOP  steer +0.00 thr +0.00  L  +0 R  +0  
 2.5 fps  infer 383.0 ms  persons 1  LOCKED id 6  right next to the rover - STOP  steer +0.00 thr +0.00  L  +0 R  +0  
 2.6 fps  infer 372.7 ms  persons 1  LOCKED id 6  right next to the rover - STOP  steer +0.00 thr +0.00  L  +0 R  +0  
 2.6 fps  infer 365.3 ms  persons 1  LOCKED id 6  right next to the rover - STOP  steer +0.00 thr +0.00  L  +0 R  +0  
 2.6 fps  infer 370.8 ms  persons 1  LOCKED id 6  right next to the rover - STOP  steer +0.00 thr +0.00  L  +0 R  +0  
 2.6 fps  infer 374.5 ms  persons 0  SEARCHING id 6 1.2/10 s  -  steer +0.00 thr +0.00  L  +0 R  +0  
 2.6 fps  infer 383.3 ms  persons 0  SEARCHING id 6 2.4/10 s  -  steer +0.00 thr +0.00  L  +0 R  +0  
 2.6 fps  infer 380.6 ms  persons 0  SEARCHING id 6 3.7/10 s  -  steer +0.00 thr +0.00  L  +0 R  +0  
 2.6 fps  infer 375.8 ms  persons 0  SEARCHING id 6 4.9/10 s  -  steer +0.00 thr +0.00  L  +0 R  +0  
 2.6 fps  infer 374.2 ms  persons 0  SEARCHING id 6 6.0/10 s  -  steer +0.00 thr +0.00  L  +0 R  +0  
 2.6 fps  infer 381.6 ms  persons 0  SEARCHING id 6 7.2/10 s  -  steer +0.00 thr +0.00  L  +0 R  +0  
 2.6 fps  infer 381.4 ms  persons 0  SEARCHING id 6 8.4/10 s  -  steer +0.00 thr +0.00  L  +0 R  +0  
 2.6 fps  infer 382.1 ms  persons 0  SEARCHING id 6 9.7/10 s  -  steer +0.00 thr +0.00  L  +0 R  +0  
 2.6 fps  infer 382.8 ms  persons 0  NO TARGET  -  steer +0.00 thr +0.00  L  +0 R  +0  
 2.6 fps  infer 375.4 ms  persons 0  NO TARGET  -  steer +0.00 thr +0.00  L  +0 R  +0  
 2.6 fps  infer 376.9 ms  persons 0  NO TARGET  -  steer +0.00 thr +0.00  L  +0 R  +0  
 2.7 fps  infer 374.1 ms  persons 0  NO TARGET  -  steer +0.00 thr +0.00  L  +0 R  +0  
 2.7 fps  infer 370.2 ms  persons 0  NO TARGET  -  steer +0.00 thr +0.00  L  +0 R  +0  
 2.7 fps  infer 377.4 ms  persons 0  NO TARGET  -  steer +0.00 thr +0.00  L  +0 R  +0  
 2.7 fps  infer 371.3 ms  persons 0  NO TARGET  -  steer +0.00 thr +0.00  L  +0 R  +0  
 2.7 fps  infer 373.4 ms  persons 0  NO TARGET  -  steer +0.00 thr +0.00  L  +0 R  +0  
 2.6 fps  infer 384.2 ms  persons 0  NO TARGET  -  steer +0.00 thr +0.00  L  +0 R  +0  
 2.7 fps  infer 377.7 ms  persons 0  NO TARGET  -  steer +0.00 thr +0.00  L  +0 R  +0  
 2.6 fps  infer 371.6 ms  persons 1  LOCKED id 8  right next to the rover - STOP  steer +0.00 thr +0.00  L  +0 R  +0  
 2.7 fps  infer 367.7 ms  persons 0  SEARCHING id 8 0.8/10 s  -  steer +0.00 thr +0.00  L  +0 R  +0  
 2.6 fps  infer 375.0 ms  persons 0  SEARCHING id 8 2.0/10 s  -  steer +0.00 thr +0.00  L  +0 R  +0  
 2.6 fps  infer 381.2 ms  persons 0  SEARCHING id 8 3.2/10 s  -  steer +0.00 thr +0.00  L  +0 R  +0  
 2.6 fps  infer 381.4 ms  persons 0  SEARCHING id 8 4.4/10 s  -  steer +0.00 thr +0.00  L  +0 R  +0  
 2.6 fps  infer 396.5 ms  persons 0  SEARCHING id 8 5.7/10 s  -  steer +0.00 thr +0.00  L  +0 R  +0  
 2.6 fps  infer 393.5 ms  persons 0  SEARCHING id 8 6.9/10 s  -  steer +0.00 thr +0.00  L  +0 R  +0  
 2.5 fps  infer 405.5 ms  persons 1  LOCKED id 8  3.34 m (132 in) (from feet)  STOP  steer +0.00 thr +0.00  L  +0 R  +0  
 2.5 fps  infer 398.8 ms  persons 1  LOCKED id 8  3.90 m (154 in) (from feet)  FOLLOW  steer +0.00 thr +1.00  L+150 R+150  
 2.5 fps  infer 387.8 ms  persons 1  LOCKED id 8  4.35 m (171 in) (from feet)  FOLLOW  steer +0.00 thr +1.00  L+150 R+150  
 2.5 fps  infer 386.2 ms  persons 1  LOCKED id 8  4.53 m (178 in) (from feet)  FOLLOW  steer +0.00 thr +1.00  L+150 R+150  
 2.5 fps  infer 383.1 ms  persons 1  LOCKED id 8  4.52 m (178 in) (from feet)  FOLLOW  steer +0.00 thr +1.00  L+150 R+150  
 2.5 fps  infer 381.0 ms  persons 1  LOCKED id 8  4.52 m (178 in) (from feet)  FOLLOW  steer +0.00 thr +1.00  L+150 R+150  
 2.5 fps  infer 383.6 ms  persons 1  LOCKED id 8  4.53 m (178 in) (from feet)  FOLLOW  steer +0.00 thr +1.00  L+150 R+150  
 2.6 fps  infer 379.2 ms  persons 1  LOCKED id 8  4.50 m (177 in) (from feet)  FOLLOW  steer +0.00 thr +1.00  L+150 R+150  
 2.6 fps  infer 374.7 ms  persons 1  LOCKED id 8  4.53 m (178 in) (from feet)  FOLLOW  steer +0.00 thr +1.00  L+150 R+150  
 2.5 fps  infer 390.0 ms  persons 1  LOCKED id 8  4.50 m (177 in) (from feet)  FOLLOW  steer +0.00 thr +1.00  L+150 R+150  
 2.5 fps  infer 404.6 ms  persons 1  LOCKED id 8  4.52 m (178 in) (from feet)  FOLLOW  steer +0.00 thr +1.00  L+150 R+150  
 2.5 fps  infer 394.8 ms  persons 1  LOCKED id 8  4.57 m (180 in) (from feet)  FOLLOW  steer +0.00 thr +1.00  L+150 R+150  
 2.5 fps  infer 395.5 ms  persons 1  LOCKED id 8  4.79 m (188 in) (from feet)  FOLLOW  steer +0.00 thr +1.00  L+150 R+150  
 2.5 fps  infer 392.0 ms  persons 1  LOCKED id 8  4.88 m (192 in) (from feet)  FOLLOW  steer +0.00 thr +1.00  L+150 R+150  
 2.5 fps  infer 402.5 ms  persons 1  LOCKED id 8  4.69 m (185 in) (from feet)  FOLLOW  steer +0.00 thr +1.00  L+150 R+150  
 2.4 fps  infer 406.6 ms  persons 1  LOCKED id 8  4.24 m (167 in) (from feet)  FOLLOW  steer +0.00 thr +1.00  L+150 R+150  
 2.5 fps  infer 399.8 ms  persons 1  LOCKED id 8  3.67 m (145 in) (from feet)  FOLLOW  steer +0.00 thr +1.00  L+150 R+150  
 2.4 fps  infer 401.3 ms  persons 1  LOCKED id 8  3.22 m (127 in) (from feet)  FOLLOW  steer +0.00 thr +1.00  L+150 R+150  
 2.4 fps  infer 403.7 ms  persons 1  LOCKED id 8  right next to the rover - STOP  steer +0.00 thr +0.00  L  +0 R  +0  
 2.4 fps  infer 399.6 ms  persons 0  SEARCHING id 8 0.9/10 s  -  steer +0.00 thr +0.00  L  +0 R  +0  
 2.5 fps  infer 381.1 ms  persons 0  SEARCHING id 8 2.0/10 s  -  steer +0.00 thr +0.00  L  +0 R  +0  
 2.6 fps  infer 382.7 ms  persons 0  SEARCHING id 8 3.2/10 s  -  steer +0.00 thr +0.00  L  +0 R  +0  
 2.6 fps  infer 370.9 ms  persons 0  SEARCHING id 8 4.4/10 s  -  steer +0.00 thr +0.00  L  +0 R  +0  
 2.6 fps  infer 370.5 ms  persons 0  SEARCHING id 8 5.5/10 s  -  steer +0.00 thr +0.00  L  +0 R  +0  
 2.6 fps  infer 371.5 ms  persons 0  SEARCHING id 8 6.7/10 s  -  steer +0.00 thr +0.00  L  +0 R  +0  
 2.7 fps  infer 368.5 ms  persons 0  SEARCHING id 8 7.9/10 s  -  steer +0.00 thr +0.00  L  +0 R  +0  
 2.7 fps  infer 366.1 ms  persons 0  SEARCHING id 8 9.0/10 s  -  steer +0.00 thr +0.00  L  +0 R  +0  
 2.7 fps  infer 356.4 ms  persons 0  NO TARGET  -  steer +0.00 thr +0.00  L  +0 R  +0  
 2.7 fps  infer 364.8 ms  persons 0  NO TARGET  -  steer +0.00 thr +0.00  L  +0 R  +0  
 2.7 fps  infer 362.6 ms  persons 0  NO TARGET  -  steer +0.00 thr +0.00  L  +0 R  +0  
 2.7 fps  infer 365.5 ms  persons 0  NO TARGET  -  steer +0.00 thr +0.00  L  +0 R  +0  
 2.8 fps  infer 359.1 ms  persons 0  NO TARGET  -  steer +0.00 thr +0.00  L  +0 R  +0  
 2.8 fps  infer 359.0 ms  persons 0  NO TARGET  -  steer +0.00 thr +0.00  L  +0 R  +0  
 2.8 fps  infer 359.2 ms  persons 0  NO TARGET  -  steer +0.00 thr +0.00  L  +0 R  +0  
 2.8 fps  infer 349.4 ms  persons 0  NO TARGET  -  steer +0.00 thr +0.00  L  +0 R  +0  
 2.9 fps  infer 339.2 ms  persons 0  NO TARGET  -  steer +0.00 thr +0.00  L  +0 R  +0  
 2.9 fps  infer 341.8 ms  persons 0  NO TARGET  -  steer +0.00 thr +0.00  L  +0 R  +0  
 2.9 fps  infer 336.5 ms  persons 0  NO TARGET  -  steer +0.00 thr +0.00  L  +0 R  +0  
 2.9 fps  infer 340.4 ms  persons 0  NO TARGET  -  steer +0.00 thr +0.00  L  +0 R  +0  
 2.9 fps  infer 345.7 ms  persons 0  NO TARGET  -  steer +0.00 thr +0.00  L  +0 R  +0  
 2.8 fps  infer 360.0 ms  persons 0  NO TARGET  -  steer +0.00 thr +0.00  L  +0 R  +0  
 2.8 fps  infer 358.7 ms  persons 0  NO TARGET  -  steer +0.00 thr +0.00  L  +0 R  +0  
 2.8 fps  infer 353.6 ms  persons 0  NO TARGET  -  steer +0.00 thr +0.00  L  +0 R  +0  
 2.8 fps  infer 359.4 ms  persons 0  NO TARGET  -  steer +0.00 thr +0.00  L  +0 R  +0  
 2.8 fps  infer 363.6 ms  persons 0  NO TARGET  -  steer +0.00 thr +0.00  L  +0 R  +0  
 2.8 fps  infer 358.3 ms  persons 0  NO TARGET  -  steer +0.00 thr +0.00  L  +0 R  +0  
 2.8 fps  infer 359.0 ms  persons 0  NO TARGET  -  steer +0.00 thr +0.00  L  +0 R  +0  
 2.8 fps  infer 351.7 ms  persons 0  NO TARGET  -  steer +0.00 thr +0.00  L  +0 R  +0  
 2.8 fps  infer 358.6 ms  persons 0  NO TARGET  -  steer +0.00 thr +0.00  L  +0 R  +0  
 2.7 fps  infer 378.8 ms  persons 0  NO TARGET  -  steer +0.00 thr +0.00  L  +0 R  +0  
 2.7 fps  infer 373.1 ms  persons 0  NO TARGET  -  steer +0.00 thr +0.00  L  +0 R  +0  
 2.7 fps  infer 369.0 ms  persons 0  NO TARGET  -  steer +0.00 thr +0.00  L  +0 R  +0  
 2.7 fps  infer 382.5 ms  persons 0  NO TARGET  -  steer +0.00 thr +0.00  L  +0 R  +0  
 2.7 fps  infer 384.1 ms  persons 0  NO TARGET  -  steer +0.00 thr +0.00  L  +0 R  +0  
 2.7 fps  infer 376.3 ms  persons 0  NO TARGET  -  steer +0.00 thr +0.00  L  +0 R  +0  
 2.7 fps  infer 372.8 ms  persons 0  NO TARGET  -  steer +0.00 thr +0.00  L  +0 R  +0  
 2.7 fps  infer 375.5 ms  persons 0  NO TARGET  -  steer +0.00 thr +0.00  L  +0 R  +0  
 2.7 fps  infer 375.7 ms  persons 0  NO TARGET  -  steer +0.00 thr +0.00  L  +0 R  +0  
 2.6 fps  infer 382.0 ms  persons 0  NO TARGET  -  steer +0.00 thr +0.00  L  +0 R  +0  
 2.6 fps  infer 382.6 ms  persons 0  NO TARGET  -  steer +0.00 thr +0.00  L  +0 R  +0  
 2.5 fps  infer 412.4 ms  persons 1  LOCKED id 10  7.75 m (305 in)  FOLLOW  steer +0.00 thr +1.00  L+150 R+150  
 2.6 fps  infer 387.0 ms  persons 1  LOCKED id 10  5.61 m (221 in)  FOLLOW  steer +0.00 thr +1.00  L+150 R+150  
 2.5 fps  infer 390.1 ms  persons 1  LOCKED id 10  4.12 m (162 in) (from feet)  FOLLOW  steer +0.00 thr +1.00  L+150 R+150  
 2.5 fps  infer 402.0 ms  persons 0  SEARCHING id 10 0.5/10 s  -  steer +0.00 thr +0.00  L  +0 R  +0  
 2.6 fps  infer 380.9 ms  persons 0  SEARCHING id 10 1.6/10 s  -  steer +0.00 thr +0.00  L  +0 R  +0  
 2.6 fps  infer 370.8 ms  persons 0  SEARCHING id 10 2.8/10 s  -  steer +0.00 thr +0.00  L  +0 R  +0  
 2.6 fps  infer 376.5 ms  persons 0  SEARCHING id 10 4.0/10 s  -  steer +0.00 thr +0.00  L  +0 R  +0  
 2.6 fps  infer 376.9 ms  persons 0  SEARCHING id 10 5.2/10 s  -  steer +0.00 thr +0.00  L  +0 R  +0  
 2.7 fps  infer 370.4 ms  persons 0  SEARCHING id 10 6.3/10 s  -  steer +0.00 thr +0.00  L  +0 R  +0  
 2.6 fps  infer 376.2 ms  persons 0  SEARCHING id 10 7.5/10 s  -  steer +0.00 thr +0.00  L  +0 R  +0  
 2.6 fps  infer 377.9 ms  persons 0  SEARCHING id 10 8.7/10 s  -  steer +0.00 thr +0.00  L  +0 R  +0  
 2.6 fps  infer 383.8 ms  persons 0  SEARCHING id 10 9.9/10 s  -  steer +0.00 thr +0.00  L  +0 R  +0  
 2.6 fps  infer 389.7 ms  persons 0  NO TARGET  -  steer +0.00 thr +0.00  L  +0 R  +0  
 2.6 fps  infer 387.0 ms  persons 0  NO TARGET  -  steer +0.00 thr +0.00  L  +0 R  +0  
 2.6 fps  infer 386.9 ms  persons 0  NO TARGET  -  steer +0.00 thr +0.00  L  +0 R  +0  
 2.5 fps  infer 401.7 ms  persons 0  NO TARGET  -  steer +0.00 thr +0.00  L  +0 R  +0  
 2.5 fps  infer 399.2 ms  persons 0  NO TARGET  -  steer +0.00 thr +0.00  L  +0 R  +0  
 2.6 fps  infer 384.2 ms  persons 0  NO TARGET  -  steer +0.00 thr +0.00  L  +0 R  +0  
 2.7 fps  infer 365.3 ms  persons 0  NO TARGET  -  steer +0.00 thr +0.00  L  +0 R  +0  
 2.7 fps  infer 355.8 ms  persons 0  NO TARGET  -  steer +0.00 thr +0.00  L  +0 R  +0  
 2.7 fps  infer 361.3 ms  persons 0  NO TARGET  -  steer +0.00 thr +0.00  L  +0 R  +0  
 2.7 fps  infer 359.2 ms  persons 0  NO TARGET  -  steer +0.00 thr +0.00  L  +0 R  +0  
 2.8 fps  infer 355.1 ms  persons 0  NO TARGET  -  steer +0.00 thr +0.00  L  +0 R  +0  
 2.8 fps  infer 358.1 ms  persons 0  NO TARGET  -  steer +0.00 thr +0.00  L  +0 R  +0  
 2.7 fps  infer 365.4 ms  persons 0  NO TARGET  -  steer +0.00 thr +0.00  L  +0 R  +0  
 2.8 fps  infer 363.3 ms  persons 0  NO TARGET  -  steer +0.00 thr +0.00  L  +0 R  +0  
 2.8 fps  infer 355.9 ms  persons 0  NO TARGET  -  steer +0.00 thr +0.00  L  +0 R  +0  
 2.8 fps  infer 360.6 ms  persons 0  NO TARGET  -  steer +0.00 thr +0.00  L  +0 R  +0  
 2.8 fps  infer 362.8 ms  persons 0  NO TARGET  -  steer +0.00 thr +0.00  L  +0 R  +0  
 2.8 fps  infer 359.2 ms  persons 0  NO TARGET  -  steer +0.00 thr +0.00  L  +0 R  +0  
 2.8 fps  infer 360.3 ms  persons 0  NO TARGET  -  steer +0.00 thr +0.00  L  +0 R  +0  
 2.8 fps  infer 360.1 ms  persons 0  NO TARGET  -  steer +0.00 thr +0.00  L  +0 R  +0  
 2.8 fps  infer 360.6 ms  persons 0  NO TARGET  -  steer +0.00 thr +0.00  L  +0 R  +0  
 2.7 fps  infer 368.7 ms  persons 0  NO TARGET  -  steer +0.00 thr +0.00  L  +0 R  +0  
 2.8 fps  infer 353.9 ms  persons 0  NO TARGET  -  steer +0.00 thr +0.00  L  +0 R  +0  
 2.8 fps  infer 350.3 ms  persons 0  NO TARGET  -  steer +0.00 thr +0.00  L  +0 R  +0  
 2.9 fps  infer 343.9 ms  persons 0  NO TARGET  -  steer +0.00 thr +0.00  L  +0 R  +0  
 2.8 fps  infer 350.7 ms  persons 0  NO TARGET  -  steer +0.00 thr +0.00  L  +0 R  +0  
 2.9 fps  infer 348.7 ms  persons 0  NO TARGET  -  steer +0.00 thr +0.00  L  +0 R  +0  
 2.8 fps  infer 351.8 ms  persons 0  NO TARGET  -  steer +0.00 thr +0.00  L  +0 R  +0  
 2.8 fps  infer 358.2 ms  persons 0  NO TARGET  -  steer +0.00 thr +0.00  L  +0 R  +0  
 2.8 fps  infer 371.4 ms  persons 0  NO TARGET  -  steer +0.00 thr +0.00  L  +0 R  +0  
 2.7 fps  infer 382.3 ms  persons 0  NO TARGET  -  steer +0.00 thr +0.00  L  +0 R  +0  
 2.7 fps  infer 378.8 ms  persons 0  NO TARGET  -  steer +0.00 thr +0.00  L  +0 R  +0  
 2.6 fps  infer 390.3 ms  persons 0  NO TARGET  -  steer +0.00 thr +0.00  L  +0 R  +0  
 2.6 fps  infer 384.0 ms  persons 0  NO TARGET  -  steer +0.00 thr +0.00  L  +0 R  +0  
 2.7 fps  infer 370.4 ms  persons 0  NO TARGET  -  steer +0.00 thr +0.00  L  +0 R  +0  
 2.7 fps  infer 370.6 ms  persons 0  NO TARGET  -  steer +0.00 thr +0.00  L  +0 R  +0  
 2.6 fps  infer 380.7 ms  persons 0  NO TARGET  -  steer +0.00 thr +0.00  L  +0 R  +0  
 2.6 fps  infer 381.5 ms  persons 0  NO TARGET  -  steer +0.00 thr +0.00  L  +0 R  +0  
 2.6 fps  infer 377.7 ms  persons 0  NO TARGET  -  steer +0.00 thr +0.00  L  +0 R  +0  
 2.6 fps  infer 377.0 ms  persons 0  NO TARGET  -  steer +0.00 thr +0.00  L  +0 R  +0  
 2.7 fps  infer 363.6 ms  persons 0  NO TARGET  -  steer +0.00 thr +0.00  L  +0 R  +0  
 2.7 fps  infer 365.7 ms  persons 0  NO TARGET  -  steer +0.00 thr +0.00  L  +0 R  +0  
 2.7 fps  infer 366.1 ms  persons 0  NO TARGET  -  steer +0.00 thr +0.00  L  +0 R  +0  
 2.7 fps  infer 373.2 ms  persons 0  NO TARGET  -  steer +0.00 thr +0.00  L  +0 R  +0  
 2.7 fps  infer 374.8 ms  persons 0  NO TARGET  -  steer +0.00 thr +0.00  L  +0 R  +0  
 2.7 fps  infer 372.6 ms  persons 0  NO TARGET  -  steer +0.00 thr +0.00  L  +0 R  +0  
 2.7 fps  infer 369.7 ms  persons 0  NO TARGET  -  steer +0.00 thr +0.00  L  +0 R  +0  
 2.7 fps  infer 369.1 ms  persons 0  NO TARGET  -  steer +0.00 thr +0.00  L  +0 R  +0  
 2.7 fps  infer 373.8 ms  persons 0  NO TARGET  -  steer +0.00 thr +0.00  L  +0 R  +0  
 2.7 fps  infer 378.5 ms  persons 0  NO TARGET  -  steer +0.00 thr +0.00  L  +0 R  +0  
 2.7 fps  infer 371.2 ms  persons 0  NO TARGET  -  steer +0.00 thr +0.00  L  +0 R  +0  
 2.7 fps  infer 379.8 ms  persons 0  NO TARGET  -  steer +0.00 thr +0.00  L  +0 R  +0  
 2.6 fps  infer 395.2 ms  persons 0  NO TARGET  -  steer +0.00 thr +0.00  L  +0 R  +0  
 2.6 fps  infer 393.1 ms  persons 0  NO TARGET  -  steer +0.00 thr +0.00  L  +0 R  +0  
 2.6 fps  infer 383.5 ms  persons 0  NO TARGET  -  steer +0.00 thr +0.00  L  +0 R  +0  
 2.6 fps  infer 379.8 ms  persons 0  NO TARGET  -  steer +0.00 thr +0.00  L  +0 R  +0  
 2.7 fps  infer 370.1 ms  persons 0  NO TARGET  -  steer +0.00 thr +0.00  L  +0 R  +0  
 2.6 fps  infer 377.3 ms  persons 0  NO TARGET  -  steer +0.00 thr +0.00  L  +0 R  +0  
 2.7 fps  infer 366.2 ms  persons 0  NO TARGET  -  steer +0.00 thr +0.00  L  +0 R  +0  
 2.7 fps  infer 373.3 ms  persons 0  NO TARGET  -  steer +0.00 thr +0.00  L  +0 R  +0  
 2.7 fps  infer 377.6 ms  persons 0  NO TARGET  -  steer +0.00 thr +0.00  L  +0 R  +0  
 2.7 fps  infer 377.9 ms  persons 0  NO TARGET  -  steer +0.00 thr +0.00  L  +0 R  +0  
 2.7 fps  infer 368.8 ms  persons 0  NO TARGET  -  steer +0.00 thr +0.00  L  +0 R  +0  
 2.7 fps  infer 376.9 ms  persons 0  NO TARGET  -  steer +0.00 thr +0.00  L  +0 R  +0  
 2.7 fps  infer 376.0 ms  persons 0  NO TARGET  -  steer +0.00 thr +0.00  L  +0 R  +0  
 2.6 fps  infer 390.1 ms  persons 0  NO TARGET  -  steer +0.00 thr +0.00  L  +0 R  +0  
 2.6 fps  infer 382.0 ms  persons 0  NO TARGET  -  steer +0.00 thr +0.00  L  +0 R  +0  
 2.6 fps  infer 378.3 ms  persons 0  NO TARGET  -  steer +0.00 thr +0.00  L  +0 R  +0  
 2.6 fps  infer 388.6 ms  persons 0  NO TARGET  -  steer +0.00 thr +0.00  L  +0 R  +0  
 2.6 fps  infer 384.1 ms  persons 0  NO TARGET  -  steer +0.00 thr +0.00  L  +0 R  +0  
 2.6 fps  infer 378.7 ms  persons 0  NO TARGET  -  steer +0.00 thr +0.00  L  +0 R  +0  
 2.5 fps  infer 405.4 ms  persons 0  NO TARGET  -  steer +0.00 thr +0.00  L  +0 R  +0  
 2.6 fps  infer 381.8 ms  persons 0  NO TARGET  -  steer +0.00 thr +0.00  L  +0 R  +0  
 2.6 fps  infer 379.7 ms  persons 0  NO TARGET  -  steer +0.00 thr +0.00  L  +0 R  +0  
 2.6 fps  infer 384.9 ms  persons 0  NO TARGET  -  steer +0.00 thr +0.00  L  +0 R  +0  
 2.6 fps  infer 385.5 ms  persons 0  NO TARGET  -  steer +0.00 thr +0.00  L  +0 R  +0  
 2.6 fps  infer 386.4 ms  persons 0  NO TARGET  -  steer +0.00 thr +0.00  L  +0 R  +0  
 2.6 fps  infer 383.9 ms  persons 0  NO TARGET  -  steer +0.00 thr +0.00  L  +0 R  +0  
 2.6 fps  infer 378.8 ms  persons 0  NO TARGET  -  steer +0.00 thr +0.00  L  +0 R  +0  
 2.6 fps  infer 383.6 ms  persons 0  NO TARGET  -  steer +0.00 thr +0.00  L  +0 R  +0  
 2.7 fps  infer 371.9 ms  persons 0  NO TARGET  -  steer +0.00 thr +0.00  L  +0 R  +0  
 2.7 fps  infer 372.0 ms  persons 0  NO TARGET  -  steer +0.00 thr +0.00  L  +0 R  +0  
 2.7 fps  infer 372.0 ms  persons 0  NO TARGET  -  steer +0.00 thr +0.00  L  +0 R  +0  
 2.7 fps  infer 363.1 ms  persons 0  NO TARGET  -  steer +0.00 thr +0.00  L  +0 R  +0  
 2.7 fps  infer 358.8 ms  persons 0  NO TARGET  -  steer +0.00 thr +0.00  L  +0 R  +0  
 2.7 fps  infer 365.6 ms  persons 0  NO TARGET  -  steer +0.00 thr +0.00  L  +0 R  +0  
 2.7 fps  infer 374.2 ms  persons 0  NO TARGET  -  steer +0.00 thr +0.00  L  +0 R  +0  
 2.6 fps  infer 386.8 ms  persons 0  NO TARGET  -  steer +0.00 thr +0.00  L  +0 R  +0  
 2.6 fps  infer 383.2 ms  persons 0  NO TARGET  -  steer +0.00 thr +0.00  L  +0 R  +0  
 2.6 fps  infer 383.6 ms  persons 0  NO TARGET  -  steer +0.00 thr +0.00  L  +0 R  +0  
 2.7 fps  infer 371.8 ms  persons 0  NO TARGET  -  steer +0.00 thr +0.00  L  +0 R  +0  
 2.7 fps  infer 373.8 ms  persons 0  NO TARGET  -  steer +0.00 thr +0.00  L  +0 R  +0  
 2.7 fps  infer 378.1 ms  persons 0  NO TARGET  -  steer +0.00 thr +0.00  L  +0 R  +0  
# exit 0  2026-09-13 13:21:04
