# follow  2026-09-13 12:20:18  rpi5  temp=70.9'C
# $ /home/rasp/rover-venv/bin/python -u follow_rover.py --port auto
calibration: 473 px at 2.0 m, saved 2026-09-13 11:58
follow_rover: model=auto imgsz=320 source=usb transport=tcp cap=640x480 flip=False acquire_conf=0.6 lost_timeout=10.0 reid_dist=0.3 ref_dist=2.0 ref_height=472.9 vfov=50.0 port=auto max_pwm=150 min_pwm=90 steer=False stop_dist=1.5 start_dist=2.0 hold=1.5 calibrate=False show=False view=8080
webcam: /dev/video0 640x480 @ 25 fps
camera started: usb
model loaded yolo11n_192x320.onnx, input [192, 320]
rover link /dev/ttyUSB0 (ESP32 firmware answered)
live view: http://<pi-address>:8080/
Loading yolo11n_192x320.onnx for ONNX Runtime inference...
Using ONNX Runtime 1.30.0 with CPUExecutionProvider
 0.0 fps  infer 2008.1 ms  persons 0  NO TARGET  -  steer +0.00 thr +0.00  L  +0 R  +0  
 0.4 fps  infer 1656.4 ms  persons 0  NO TARGET  -  steer +0.00 thr +0.00  L  +0 R  +0  
 2.0 fps  infer 702.3 ms  persons 0  NO TARGET  -  steer +0.00 thr +0.00  L  +0 R  +0  
 3.0 fps  infer 380.1 ms  persons 0  NO TARGET  -  steer +0.00 thr +0.00  L  +0 R  +0  
 3.6 fps  infer 276.4 ms  persons 0  NO TARGET  -  steer +0.00 thr +0.00  L  +0 R  +0  
 3.9 fps  infer 244.1 ms  persons 0  NO TARGET  -  steer +0.00 thr +0.00  L  +0 R  +0  
 4.0 fps  infer 241.7 ms  persons 0  NO TARGET  -  steer +0.00 thr +0.00  L  +0 R  +0  
 4.0 fps  infer 250.4 ms  persons 0  NO TARGET  -  steer +0.00 thr +0.00  L  +0 R  +0  
 3.9 fps  infer 261.6 ms  persons 0  NO TARGET  -  steer +0.00 thr +0.00  L  +0 R  +0  
 3.8 fps  infer 269.6 ms  persons 0  NO TARGET  -  steer +0.00 thr +0.00  L  +0 R  +0  
 3.7 fps  infer 273.9 ms  persons 0  NO TARGET  -  steer +0.00 thr +0.00  L  +0 R  +0  
 3.6 fps  infer 289.8 ms  persons 0  NO TARGET  -  steer +0.00 thr +0.00  L  +0 R  +0  
 3.5 fps  infer 306.7 ms  persons 0  NO TARGET  -  steer +0.00 thr +0.00  L  +0 R  +0  
 3.4 fps  infer 302.7 ms  persons 0  NO TARGET  -  steer +0.00 thr +0.00  L  +0 R  +0  
 3.3 fps  infer 316.4 ms  persons 0  NO TARGET  -  steer +0.00 thr +0.00  L  +0 R  +0  
 3.2 fps  infer 320.2 ms  persons 0  NO TARGET  -  steer +0.00 thr +0.00  L  +0 R  +0  
 3.2 fps  infer 313.7 ms  persons 0  NO TARGET  -  steer +0.00 thr +0.00  L  +0 R  +0  
 3.2 fps  infer 312.9 ms  persons 0  NO TARGET  -  steer +0.00 thr +0.00  L  +0 R  +0  
 3.2 fps  infer 310.3 ms  persons 0  NO TARGET  -  steer +0.00 thr +0.00  L  +0 R  +0  
 3.2 fps  infer 314.0 ms  persons 0  NO TARGET  -  steer +0.00 thr +0.00  L  +0 R  +0  
 3.2 fps  infer 317.2 ms  persons 0  NO TARGET  -  steer +0.00 thr +0.00  L  +0 R  +0  
 3.2 fps  infer 315.6 ms  persons 0  NO TARGET  -  steer +0.00 thr +0.00  L  +0 R  +0  
 3.2 fps  infer 309.2 ms  persons 0  NO TARGET  -  steer +0.00 thr +0.00  L  +0 R  +0  
 3.2 fps  infer 319.2 ms  persons 0  NO TARGET  -  steer +0.00 thr +0.00  L  +0 R  +0  
 3.1 fps  infer 328.3 ms  persons 0  NO TARGET  -  steer +0.00 thr +0.00  L  +0 R  +0  
 3.1 fps  infer 321.8 ms  persons 0  NO TARGET  -  steer +0.00 thr +0.00  L  +0 R  +0  
 3.2 fps  infer 315.2 ms  persons 0  NO TARGET  -  steer +0.00 thr +0.00  L  +0 R  +0  
 3.2 fps  infer 313.9 ms  persons 0  NO TARGET  -  steer +0.00 thr +0.00  L  +0 R  +0  
 3.2 fps  infer 314.3 ms  persons 0  NO TARGET  -  steer +0.00 thr +0.00  L  +0 R  +0  
 3.2 fps  infer 318.5 ms  persons 0  NO TARGET  -  steer +0.00 thr +0.00  L  +0 R  +0  
 3.2 fps  infer 314.1 ms  persons 0  NO TARGET  -  steer +0.00 thr +0.00  L  +0 R  +0  
 3.0 fps  infer 360.8 ms  persons 0  NO TARGET  -  steer +0.00 thr +0.00  L  +0 R  +0  
 2.8 fps  infer 386.5 ms  persons 0  NO TARGET  -  steer +0.00 thr +0.00  L  +0 R  +0  
 2.9 fps  infer 358.2 ms  persons 0  NO TARGET  -  steer +0.00 thr +0.00  L  +0 R  +0  
 3.0 fps  infer 334.6 ms  persons 0  NO TARGET  -  steer +0.00 thr +0.00  L  +0 R  +0  
 3.1 fps  infer 318.9 ms  persons 0  NO TARGET  -  steer +0.00 thr +0.00  L  +0 R  +0  
 3.1 fps  infer 319.9 ms  persons 0  NO TARGET  -  steer +0.00 thr +0.00  L  +0 R  +0  
 3.1 fps  infer 325.3 ms  persons 0  NO TARGET  -  steer +0.00 thr +0.00  L  +0 R  +0  
 3.1 fps  infer 327.7 ms  persons 0  NO TARGET  -  steer +0.00 thr +0.00  L  +0 R  +0  
 3.1 fps  infer 320.7 ms  persons 0  NO TARGET  -  steer +0.00 thr +0.00  L  +0 R  +0  
 2.9 fps  infer 399.4 ms  persons 0  NO TARGET  -  steer +0.00 thr +0.00  L  +0 R  +0  
 2.7 fps  infer 452.1 ms  persons 0  NO TARGET  -  steer +0.00 thr +0.00  L  +0 R  +0  
 2.7 fps  infer 417.6 ms  persons 0  NO TARGET  -  steer +0.00 thr +0.00  L  +0 R  +0  
 2.8 fps  infer 375.3 ms  persons 0  NO TARGET  -  steer +0.00 thr +0.00  L  +0 R  +0  
 2.9 fps  infer 347.8 ms  persons 0  NO TARGET  -  steer +0.00 thr +0.00  L  +0 R  +0  
 2.9 fps  infer 342.3 ms  persons 0  NO TARGET  -  steer +0.00 thr +0.00  L  +0 R  +0  
 3.0 fps  infer 332.3 ms  persons 0  NO TARGET  -  steer +0.00 thr +0.00  L  +0 R  +0  
 3.0 fps  infer 333.8 ms  persons 0  NO TARGET  -  steer +0.00 thr +0.00  L  +0 R  +0  
 3.0 fps  infer 329.0 ms  persons 0  NO TARGET  -  steer +0.00 thr +0.00  L  +0 R  +0  
 3.0 fps  infer 336.2 ms  persons 0  NO TARGET  -  steer +0.00 thr +0.00  L  +0 R  +0  
 3.0 fps  infer 334.3 ms  persons 0  NO TARGET  -  steer +0.00 thr +0.00  L  +0 R  +0  
 2.9 fps  infer 353.0 ms  persons 0  NO TARGET  -  steer +0.00 thr +0.00  L  +0 R  +0  
 3.0 fps  infer 338.3 ms  persons 0  NO TARGET  -  steer +0.00 thr +0.00  L  +0 R  +0  
 3.0 fps  infer 337.7 ms  persons 0  NO TARGET  -  steer +0.00 thr +0.00  L  +0 R  +0  
 3.0 fps  infer 335.2 ms  persons 0  NO TARGET  -  steer +0.00 thr +0.00  L  +0 R  +0  
 3.0 fps  infer 330.2 ms  persons 0  NO TARGET  -  steer +0.00 thr +0.00  L  +0 R  +0  
 3.0 fps  infer 333.9 ms  persons 0  NO TARGET  -  steer +0.00 thr +0.00  L  +0 R  +0  
 3.0 fps  infer 335.8 ms  persons 0  NO TARGET  -  steer +0.00 thr +0.00  L  +0 R  +0  
 3.0 fps  infer 341.0 ms  persons 0  NO TARGET  -  steer +0.00 thr +0.00  L  +0 R  +0  
 2.9 fps  infer 347.1 ms  persons 0  NO TARGET  -  steer +0.00 thr +0.00  L  +0 R  +0  
 2.9 fps  infer 350.2 ms  persons 0  NO TARGET  -  steer +0.00 thr +0.00  L  +0 R  +0  
 2.9 fps  infer 341.0 ms  persons 0  NO TARGET  -  steer +0.00 thr +0.00  L  +0 R  +0  
 2.9 fps  infer 350.3 ms  persons 0  NO TARGET  -  steer +0.00 thr +0.00  L  +0 R  +0  
 2.9 fps  infer 353.6 ms  persons 0  NO TARGET  -  steer +0.00 thr +0.00  L  +0 R  +0  
 2.9 fps  infer 347.1 ms  persons 0  NO TARGET  -  steer +0.00 thr +0.00  L  +0 R  +0  
 2.9 fps  infer 346.2 ms  persons 0  NO TARGET  -  steer +0.00 thr +0.00  L  +0 R  +0  
 2.8 fps  infer 354.9 ms  persons 0  NO TARGET  -  steer +0.00 thr +0.00  L  +0 R  +0  
 2.9 fps  infer 334.3 ms  persons 0  NO TARGET  -  steer +0.00 thr +0.00  L  +0 R  +0  
 2.9 fps  infer 346.8 ms  persons 0  NO TARGET  -  steer +0.00 thr +0.00  L  +0 R  +0  
 2.8 fps  infer 364.7 ms  persons 0  NO TARGET  -  steer +0.00 thr +0.00  L  +0 R  +0  
 2.9 fps  infer 352.6 ms  persons 0  NO TARGET  -  steer +0.00 thr +0.00  L  +0 R  +0  
 2.8 fps  infer 355.2 ms  persons 0  NO TARGET  -  steer +0.00 thr +0.00  L  +0 R  +0  
 2.9 fps  infer 346.0 ms  persons 0  NO TARGET  -  steer +0.00 thr +0.00  L  +0 R  +0  
 2.9 fps  infer 349.1 ms  persons 0  NO TARGET  -  steer +0.00 thr +0.00  L  +0 R  +0  
 2.9 fps  infer 343.6 ms  persons 0  NO TARGET  -  steer +0.00 thr +0.00  L  +0 R  +0  
 2.9 fps  infer 336.6 ms  persons 0  NO TARGET  -  steer +0.00 thr +0.00  L  +0 R  +0  
 2.9 fps  infer 346.9 ms  persons 0  NO TARGET  -  steer +0.00 thr +0.00  L  +0 R  +0  
 2.9 fps  infer 351.5 ms  persons 0  NO TARGET  -  steer +0.00 thr +0.00  L  +0 R  +0  
 2.8 fps  infer 356.7 ms  persons 0  NO TARGET  -  steer +0.00 thr +0.00  L  +0 R  +0  
 2.9 fps  infer 345.5 ms  persons 0  NO TARGET  -  steer +0.00 thr +0.00  L  +0 R  +0  
 2.9 fps  infer 341.8 ms  persons 0  NO TARGET  -  steer +0.00 thr +0.00  L  +0 R  +0  
 2.9 fps  infer 348.2 ms  persons 0  NO TARGET  -  steer +0.00 thr +0.00  L  +0 R  +0  
 2.9 fps  infer 345.8 ms  persons 0  NO TARGET  -  steer +0.00 thr +0.00  L  +0 R  +0  
 2.9 fps  infer 340.7 ms  persons 0  NO TARGET  -  steer +0.00 thr +0.00  L  +0 R  +0  
 2.9 fps  infer 347.5 ms  persons 0  NO TARGET  -  steer +0.00 thr +0.00  L  +0 R  +0  
 2.8 fps  infer 360.4 ms  persons 0  NO TARGET  -  steer +0.00 thr +0.00  L  +0 R  +0  
 2.9 fps  infer 351.1 ms  persons 0  NO TARGET  -  steer +0.00 thr +0.00  L  +0 R  +0  
 2.7 fps  infer 382.9 ms  persons 0  NO TARGET  -  steer +0.00 thr +0.00  L  +0 R  +0  
 2.8 fps  infer 361.0 ms  persons 0  NO TARGET  -  steer +0.00 thr +0.00  L  +0 R  +0  
 2.9 fps  infer 344.2 ms  persons 0  NO TARGET  -  steer +0.00 thr +0.00  L  +0 R  +0  
 2.9 fps  infer 345.6 ms  persons 0  NO TARGET  -  steer +0.00 thr +0.00  L  +0 R  +0  
 2.9 fps  infer 345.4 ms  persons 0  NO TARGET  -  steer +0.00 thr +0.00  L  +0 R  +0  
 2.8 fps  infer 369.4 ms  persons 0  NO TARGET  -  steer +0.00 thr +0.00  L  +0 R  +0  
 2.8 fps  infer 362.0 ms  persons 0  NO TARGET  -  steer +0.00 thr +0.00  L  +0 R  +0  
 2.9 fps  infer 349.2 ms  persons 0  NO TARGET  -  steer +0.00 thr +0.00  L  +0 R  +0  
 2.9 fps  infer 346.9 ms  persons 0  NO TARGET  -  steer +0.00 thr +0.00  L  +0 R  +0  
 2.8 fps  infer 354.9 ms  persons 0  NO TARGET  -  steer +0.00 thr +0.00  L  +0 R  +0  
 2.8 fps  infer 361.5 ms  persons 0  NO TARGET  -  steer +0.00 thr +0.00  L  +0 R  +0  
 2.8 fps  infer 372.1 ms  persons 0  NO TARGET  -  steer +0.00 thr +0.00  L  +0 R  +0  
 2.8 fps  infer 355.4 ms  persons 0  NO TARGET  -  steer +0.00 thr +0.00  L  +0 R  +0  
 2.7 fps  infer 402.2 ms  persons 0  NO TARGET  -  steer +0.00 thr +0.00  L  +0 R  +0  
 2.5 fps  infer 454.0 ms  persons 0  NO TARGET  -  steer +0.00 thr +0.00  L  +0 R  +0  
 2.4 fps  infer 495.1 ms  persons 0  NO TARGET  -  steer +0.00 thr +0.00  L  +0 R  +0  
 2.2 fps  infer 608.8 ms  persons 0  NO TARGET  -  steer +0.00 thr +0.00  L  +0 R  +0  
 2.3 fps  infer 523.4 ms  persons 0  NO TARGET  -  steer +0.00 thr +0.00  L  +0 R  +0  
 2.4 fps  infer 438.4 ms  persons 0  NO TARGET  -  steer +0.00 thr +0.00  L  +0 R  +0  
 2.5 fps  infer 404.2 ms  persons 0  NO TARGET  -  steer +0.00 thr +0.00  L  +0 R  +0  
 2.6 fps  infer 381.9 ms  persons 0  NO TARGET  -  steer +0.00 thr +0.00  L  +0 R  +0  
 2.7 fps  infer 362.6 ms  persons 0  NO TARGET  -  steer +0.00 thr +0.00  L  +0 R  +0  
 2.7 fps  infer 366.3 ms  persons 0  NO TARGET  -  steer +0.00 thr +0.00  L  +0 R  +0  
 2.7 fps  infer 376.0 ms  persons 0  NO TARGET  -  steer +0.00 thr +0.00  L  +0 R  +0  
 2.7 fps  infer 376.1 ms  persons 0  NO TARGET  -  steer +0.00 thr +0.00  L  +0 R  +0  
 2.6 fps  infer 383.5 ms  persons 1  LOCKED id 2  right next to the rover - STOP  steer +0.00 thr +0.00  L  +0 R  +0  
 2.6 fps  infer 380.1 ms  persons 0  SEARCHING id 2 0.4/10 s  -  steer +0.00 thr +0.00  L  +0 R  +0  
 2.6 fps  infer 385.8 ms  persons 0  SEARCHING id 2 1.5/10 s  -  steer +0.00 thr +0.00  L  +0 R  +0  
 2.6 fps  infer 385.7 ms  persons 0  SEARCHING id 2 2.7/10 s  -  steer +0.00 thr +0.00  L  +0 R  +0  
 2.5 fps  infer 423.1 ms  persons 0  SEARCHING id 2 3.9/10 s  -  steer +0.00 thr +0.00  L  +0 R  +0  
 2.5 fps  infer 410.3 ms  persons 0  SEARCHING id 2 4.9/10 s  -  steer +0.00 thr +0.00  L  +0 R  +0  
 2.6 fps  infer 383.8 ms  persons 0  SEARCHING id 2 6.0/10 s  -  steer +0.00 thr +0.00  L  +0 R  +0  
 2.7 fps  infer 369.7 ms  persons 0  SEARCHING id 2 7.1/10 s  -  steer +0.00 thr +0.00  L  +0 R  +0  
 2.6 fps  infer 376.7 ms  persons 0  SEARCHING id 2 8.2/10 s  -  steer +0.00 thr +0.00  L  +0 R  +0  
 2.7 fps  infer 362.9 ms  persons 0  SEARCHING id 2 9.3/10 s  -  steer +0.00 thr +0.00  L  +0 R  +0  
 2.7 fps  infer 371.6 ms  persons 0  NO TARGET  -  steer +0.00 thr +0.00  L  +0 R  +0  
 2.7 fps  infer 380.0 ms  persons 0  NO TARGET  -  steer +0.00 thr +0.00  L  +0 R  +0  
 2.7 fps  infer 375.9 ms  persons 0  NO TARGET  -  steer +0.00 thr +0.00  L  +0 R  +0  
 2.7 fps  infer 370.4 ms  persons 0  NO TARGET  -  steer +0.00 thr +0.00  L  +0 R  +0  
 2.7 fps  infer 370.8 ms  persons 0  NO TARGET  -  steer +0.00 thr +0.00  L  +0 R  +0  
 2.7 fps  infer 373.5 ms  persons 0  NO TARGET  -  steer +0.00 thr +0.00  L  +0 R  +0  
 2.6 fps  infer 387.2 ms  persons 0  NO TARGET  -  steer +0.00 thr +0.00  L  +0 R  +0  
 2.6 fps  infer 385.7 ms  persons 0  NO TARGET  -  steer +0.00 thr +0.00  L  +0 R  +0  
 2.6 fps  infer 379.4 ms  persons 0  NO TARGET  -  steer +0.00 thr +0.00  L  +0 R  +0  
 2.6 fps  infer 378.9 ms  persons 0  NO TARGET  -  steer +0.00 thr +0.00  L  +0 R  +0  
 2.6 fps  infer 383.2 ms  persons 0  NO TARGET  -  steer +0.00 thr +0.00  L  +0 R  +0  
 2.6 fps  infer 381.1 ms  persons 0  NO TARGET  -  steer +0.00 thr +0.00  L  +0 R  +0  
 2.7 fps  infer 370.6 ms  persons 0  NO TARGET  -  steer +0.00 thr +0.00  L  +0 R  +0  
 2.7 fps  infer 377.2 ms  persons 0  NO TARGET  -  steer +0.00 thr +0.00  L  +0 R  +0  
 2.7 fps  infer 379.0 ms  persons 0  NO TARGET  -  steer +0.00 thr +0.00  L  +0 R  +0  
 2.6 fps  infer 384.6 ms  persons 0  NO TARGET  -  steer +0.00 thr +0.00  L  +0 R  +0  
 2.6 fps  infer 384.7 ms  persons 0  NO TARGET  -  steer +0.00 thr +0.00  L  +0 R  +0  
 2.6 fps  infer 387.5 ms  persons 0  NO TARGET  -  steer +0.00 thr +0.00  L  +0 R  +0  
 2.7 fps  infer 370.7 ms  persons 0  NO TARGET  -  steer +0.00 thr +0.00  L  +0 R  +0  
 2.7 fps  infer 378.6 ms  persons 0  NO TARGET  -  steer +0.00 thr +0.00  L  +0 R  +0  
 2.7 fps  infer 376.5 ms  persons 0  NO TARGET  -  steer +0.00 thr +0.00  L  +0 R  +0  
 2.7 fps  infer 370.1 ms  persons 0  NO TARGET  -  steer +0.00 thr +0.00  L  +0 R  +0  
 2.7 fps  infer 369.3 ms  persons 0  NO TARGET  -  steer +0.00 thr +0.00  L  +0 R  +0  
 2.7 fps  infer 383.8 ms  persons 0  NO TARGET  -  steer +0.00 thr +0.00  L  +0 R  +0  
 2.7 fps  infer 373.3 ms  persons 0  NO TARGET  -  steer +0.00 thr +0.00  L  +0 R  +0  
 2.7 fps  infer 378.6 ms  persons 0  NO TARGET  -  steer +0.00 thr +0.00  L  +0 R  +0  
 2.7 fps  infer 376.2 ms  persons 0  NO TARGET  -  steer +0.00 thr +0.00  L  +0 R  +0  
 2.7 fps  infer 367.5 ms  persons 1  LOCKED id 4  edge cut, holding  steer +0.00 thr +0.00  L  +0 R  +0  
 2.7 fps  infer 367.9 ms  persons 1  LOCKED id 4  edge cut, holding  steer +0.00 thr +0.00  L  +0 R  +0  
 2.7 fps  infer 376.6 ms  persons 1  LOCKED id 4  edge cut, holding  steer +0.00 thr +0.00  L  +0 R  +0  
 2.7 fps  infer 375.7 ms  persons 1  LOCKED id 4  edge cut, holding  steer +0.00 thr +0.00  L  +0 R  +0  
 2.7 fps  infer 368.5 ms  persons 0  SEARCHING id 4 0.7/10 s  -  steer +0.00 thr +0.00  L  +0 R  +0  
 2.7 fps  infer 369.6 ms  persons 0  SEARCHING id 4 1.8/10 s  -  steer +0.00 thr +0.00  L  +0 R  +0  
 2.7 fps  infer 374.9 ms  persons 0  SEARCHING id 4 3.0/10 s  -  steer +0.00 thr +0.00  L  +0 R  +0  
 2.6 fps  infer 380.1 ms  persons 0  SEARCHING id 4 4.1/10 s  -  steer +0.00 thr +0.00  L  +0 R  +0  
 2.7 fps  infer 362.8 ms  persons 0  SEARCHING id 4 5.3/10 s  -  steer +0.00 thr +0.00  L  +0 R  +0  
 2.8 fps  infer 352.6 ms  persons 0  SEARCHING id 4 0.4/10 s  -  steer +0.00 thr +0.00  L  +0 R  +0  
 2.7 fps  infer 372.3 ms  persons 0  SEARCHING id 4 1.5/10 s  -  steer +0.00 thr +0.00  L  +0 R  +0  
 2.7 fps  infer 377.8 ms  persons 0  SEARCHING id 4 2.7/10 s  -  steer +0.00 thr +0.00  L  +0 R  +0  
 2.6 fps  infer 392.4 ms  persons 1  LOCKED id 4  edge cut, holding  steer +0.00 thr +0.00  L  +0 R  +0  
 2.6 fps  infer 380.9 ms  persons 1  LOCKED id 4  edge cut, holding  steer +0.00 thr +0.00  L  +0 R  +0  
 2.6 fps  infer 381.7 ms  persons 0  SEARCHING id 4 0.8/10 s  -  steer +0.00 thr +0.00  L  +0 R  +0  
 2.6 fps  infer 388.7 ms  persons 0  SEARCHING id 4 2.0/10 s  -  steer +0.00 thr +0.00  L  +0 R  +0  
 2.7 fps  infer 372.3 ms  persons 0  SEARCHING id 4 3.1/10 s  -  steer +0.00 thr +0.00  L  +0 R  +0  
 2.7 fps  infer 371.2 ms  persons 0  SEARCHING id 4 4.2/10 s  -  steer +0.00 thr +0.00  L  +0 R  +0  
 2.7 fps  infer 377.0 ms  persons 0  SEARCHING id 4 5.3/10 s  -  steer +0.00 thr +0.00  L  +0 R  +0  
 2.6 fps  infer 385.7 ms  persons 0  SEARCHING id 4 6.5/10 s  -  steer +0.00 thr +0.00  L  +0 R  +0  
 2.6 fps  infer 390.8 ms  persons 0  SEARCHING id 4 7.7/10 s  -  steer +0.00 thr +0.00  L  +0 R  +0  
 2.6 fps  infer 384.0 ms  persons 0  SEARCHING id 4 8.8/10 s  -  steer +0.00 thr +0.00  L  +0 R  +0  
 2.6 fps  infer 379.6 ms  persons 0  SEARCHING id 4 10.0/10 s  -  steer +0.00 thr +0.00  L  +0 R  +0  
 2.6 fps  infer 384.2 ms  persons 0  NO TARGET  -  steer +0.00 thr +0.00  L  +0 R  +0  
 2.6 fps  infer 380.3 ms  persons 0  NO TARGET  -  steer +0.00 thr +0.00  L  +0 R  +0  
 2.6 fps  infer 379.3 ms  persons 0  NO TARGET  -  steer +0.00 thr +0.00  L  +0 R  +0  
 2.6 fps  infer 401.9 ms  persons 0  NO TARGET  -  steer +0.00 thr +0.00  L  +0 R  +0  
 2.6 fps  infer 387.3 ms  persons 0  NO TARGET  -  steer +0.00 thr +0.00  L  +0 R  +0  
 2.6 fps  infer 375.0 ms  persons 0  NO TARGET  -  steer +0.00 thr +0.00  L  +0 R  +0  
 2.6 fps  infer 375.7 ms  persons 0  NO TARGET  -  steer +0.00 thr +0.00  L  +0 R  +0  
 2.7 fps  infer 366.7 ms  persons 0  NO TARGET  -  steer +0.00 thr +0.00  L  +0 R  +0  
 2.7 fps  infer 367.7 ms  persons 0  NO TARGET  -  steer +0.00 thr +0.00  L  +0 R  +0  
 2.7 fps  infer 371.8 ms  persons 0  NO TARGET  -  steer +0.00 thr +0.00  L  +0 R  +0  
 2.7 fps  infer 375.1 ms  persons 0  NO TARGET  -  steer +0.00 thr +0.00  L  +0 R  +0  
 2.7 fps  infer 372.7 ms  persons 0  NO TARGET  -  steer +0.00 thr +0.00  L  +0 R  +0  
 2.7 fps  infer 375.9 ms  persons 0  NO TARGET  -  steer +0.00 thr +0.00  L  +0 R  +0  
 2.7 fps  infer 378.9 ms  persons 0  NO TARGET  -  steer +0.00 thr +0.00  L  +0 R  +0  
 2.7 fps  infer 367.6 ms  persons 0  NO TARGET  -  steer +0.00 thr +0.00  L  +0 R  +0  
 2.7 fps  infer 369.6 ms  persons 0  NO TARGET  -  steer +0.00 thr +0.00  L  +0 R  +0  
 2.7 fps  infer 375.7 ms  persons 0  NO TARGET  -  steer +0.00 thr +0.00  L  +0 R  +0  
 2.7 fps  infer 371.3 ms  persons 0  NO TARGET  -  steer +0.00 thr +0.00  L  +0 R  +0  
 2.7 fps  infer 363.4 ms  persons 0  NO TARGET  -  steer +0.00 thr +0.00  L  +0 R  +0  
 2.7 fps  infer 368.2 ms  persons 0  NO TARGET  -  steer +0.00 thr +0.00  L  +0 R  +0  
 2.8 fps  infer 355.3 ms  persons 0  NO TARGET  -  steer +0.00 thr +0.00  L  +0 R  +0  
 2.8 fps  infer 358.6 ms  persons 0  NO TARGET  -  steer +0.00 thr +0.00  L  +0 R  +0  
 2.7 fps  infer 369.1 ms  persons 0  NO TARGET  -  steer +0.00 thr +0.00  L  +0 R  +0  
 2.7 fps  infer 369.7 ms  persons 0  NO TARGET  -  steer +0.00 thr +0.00  L  +0 R  +0  
 2.7 fps  infer 372.3 ms  persons 0  NO TARGET  -  steer +0.00 thr +0.00  L  +0 R  +0  
 2.7 fps  infer 374.3 ms  persons 0  NO TARGET  -  steer +0.00 thr +0.00  L  +0 R  +0  
 2.7 fps  infer 378.8 ms  persons 0  NO TARGET  -  steer +0.00 thr +0.00  L  +0 R  +0  
 2.7 fps  infer 362.3 ms  persons 0  NO TARGET  -  steer +0.00 thr +0.00  L  +0 R  +0  
 2.7 fps  infer 370.3 ms  persons 0  NO TARGET  -  steer +0.00 thr +0.00  L  +0 R  +0  
 2.7 fps  infer 368.9 ms  persons 0  NO TARGET  -  steer +0.00 thr +0.00  L  +0 R  +0  
 2.7 fps  infer 379.3 ms  persons 0  NO TARGET  -  steer +0.00 thr +0.00  L  +0 R  +0  
 2.6 fps  infer 386.3 ms  persons 0  NO TARGET  -  steer +0.00 thr +0.00  L  +0 R  +0  
 2.7 fps  infer 371.0 ms  persons 0  NO TARGET  -  steer +0.00 thr +0.00  L  +0 R  +0  
 2.7 fps  infer 368.5 ms  persons 0  NO TARGET  -  steer +0.00 thr +0.00  L  +0 R  +0  
 2.7 fps  infer 370.1 ms  persons 0  NO TARGET  -  steer +0.00 thr +0.00  L  +0 R  +0  
 2.7 fps  infer 375.3 ms  persons 0  NO TARGET  -  steer +0.00 thr +0.00  L  +0 R  +0  
 2.7 fps  infer 375.3 ms  persons 0  NO TARGET  -  steer +0.00 thr +0.00  L  +0 R  +0  
 2.6 fps  infer 385.8 ms  persons 0  NO TARGET  -  steer +0.00 thr +0.00  L  +0 R  +0  
 2.6 fps  infer 389.0 ms  persons 0  NO TARGET  -  steer +0.00 thr +0.00  L  +0 R  +0  
 2.6 fps  infer 386.1 ms  persons 0  NO TARGET  -  steer +0.00 thr +0.00  L  +0 R  +0  
 2.7 fps  infer 374.8 ms  persons 0  NO TARGET  -  steer +0.00 thr +0.00  L  +0 R  +0  
 2.6 fps  infer 381.3 ms  persons 0  NO TARGET  -  steer +0.00 thr +0.00  L  +0 R  +0  
 2.6 fps  infer 392.5 ms  persons 0  NO TARGET  -  steer +0.00 thr +0.00  L  +0 R  +0  
 2.6 fps  infer 382.1 ms  persons 0  NO TARGET  -  steer +0.00 thr +0.00  L  +0 R  +0  
 2.7 fps  infer 366.2 ms  persons 0  NO TARGET  -  steer +0.00 thr +0.00  L  +0 R  +0  
 2.7 fps  infer 357.0 ms  persons 0  NO TARGET  -  steer +0.00 thr +0.00  L  +0 R  +0  
 2.7 fps  infer 366.6 ms  persons 0  NO TARGET  -  steer +0.00 thr +0.00  L  +0 R  +0  
 2.7 fps  infer 372.3 ms  persons 0  NO TARGET  -  steer +0.00 thr +0.00  L  +0 R  +0  
 2.7 fps  infer 373.4 ms  persons 0  NO TARGET  -  steer +0.00 thr +0.00  L  +0 R  +0  
 2.7 fps  infer 374.2 ms  persons 0  NO TARGET  -  steer +0.00 thr +0.00  L  +0 R  +0  
 2.7 fps  infer 379.6 ms  persons 0  NO TARGET  -  steer +0.00 thr +0.00  L  +0 R  +0  
 2.7 fps  infer 380.8 ms  persons 0  NO TARGET  -  steer +0.00 thr +0.00  L  +0 R  +0  
 2.6 fps  infer 381.6 ms  persons 0  NO TARGET  -  steer +0.00 thr +0.00  L  +0 R  +0  
 2.6 fps  infer 391.8 ms  persons 0  NO TARGET  -  steer +0.00 thr +0.00  L  +0 R  +0  
 2.6 fps  infer 388.4 ms  persons 0  NO TARGET  -  steer +0.00 thr +0.00  L  +0 R  +0  
 2.6 fps  infer 382.7 ms  persons 0  NO TARGET  -  steer +0.00 thr +0.00  L  +0 R  +0  
 2.6 fps  infer 389.2 ms  persons 0  NO TARGET  -  steer +0.00 thr +0.00  L  +0 R  +0  
 2.6 fps  infer 375.9 ms  persons 0  NO TARGET  -  steer +0.00 thr +0.00  L  +0 R  +0  
 2.7 fps  infer 372.4 ms  persons 0  NO TARGET  -  steer +0.00 thr +0.00  L  +0 R  +0  
 2.6 fps  infer 375.8 ms  persons 0  NO TARGET  -  steer +0.00 thr +0.00  L  +0 R  +0  
 2.6 fps  infer 387.3 ms  persons 0  NO TARGET  -  steer +0.00 thr +0.00  L  +0 R  +0  
 2.6 fps  infer 382.5 ms  persons 0  NO TARGET  -  steer +0.00 thr +0.00  L  +0 R  +0  
 2.6 fps  infer 382.8 ms  persons 0  NO TARGET  -  steer +0.00 thr +0.00  L  +0 R  +0  
 2.6 fps  infer 388.2 ms  persons 0  NO TARGET  -  steer +0.00 thr +0.00  L  +0 R  +0  
 2.6 fps  infer 394.7 ms  persons 0  NO TARGET  -  steer +0.00 thr +0.00  L  +0 R  +0  
 2.6 fps  infer 396.8 ms  persons 0  NO TARGET  -  steer +0.00 thr +0.00  L  +0 R  +0  
 2.5 fps  infer 401.9 ms  persons 0  NO TARGET  -  steer +0.00 thr +0.00  L  +0 R  +0  
 2.6 fps  infer 385.7 ms  persons 0  NO TARGET  -  steer +0.00 thr +0.00  L  +0 R  +0  
 2.6 fps  infer 381.7 ms  persons 0  NO TARGET  -  steer +0.00 thr +0.00  L  +0 R  +0  
 2.6 fps  infer 393.1 ms  persons 0  NO TARGET  -  steer +0.00 thr +0.00  L  +0 R  +0  
 2.5 fps  infer 399.5 ms  persons 0  NO TARGET  -  steer +0.00 thr +0.00  L  +0 R  +0  
 2.6 fps  infer 393.0 ms  persons 0  NO TARGET  -  steer +0.00 thr +0.00  L  +0 R  +0  
 2.6 fps  infer 393.5 ms  persons 0  NO TARGET  -  steer +0.00 thr +0.00  L  +0 R  +0  
 2.6 fps  infer 387.7 ms  persons 0  NO TARGET  -  steer +0.00 thr +0.00  L  +0 R  +0  
 2.5 fps  infer 399.4 ms  persons 0  NO TARGET  -  steer +0.00 thr +0.00  L  +0 R  +0  
 2.6 fps  infer 390.4 ms  persons 0  NO TARGET  -  steer +0.00 thr +0.00  L  +0 R  +0  
 2.6 fps  infer 384.8 ms  persons 0  NO TARGET  -  steer +0.00 thr +0.00  L  +0 R  +0  
 2.6 fps  infer 383.0 ms  persons 0  NO TARGET  -  steer +0.00 thr +0.00  L  +0 R  +0  
 2.6 fps  infer 379.5 ms  persons 0  NO TARGET  -  steer +0.00 thr +0.00  L  +0 R  +0  
 2.6 fps  infer 384.0 ms  persons 0  NO TARGET  -  steer +0.00 thr +0.00  L  +0 R  +0  
 2.6 fps  infer 379.6 ms  persons 0  NO TARGET  -  steer +0.00 thr +0.00  L  +0 R  +0  
 2.6 fps  infer 389.3 ms  persons 0  NO TARGET  -  steer +0.00 thr +0.00  L  +0 R  +0  
 2.6 fps  infer 385.1 ms  persons 0  NO TARGET  -  steer +0.00 thr +0.00  L  +0 R  +0  
 2.6 fps  infer 380.1 ms  persons 0  NO TARGET  -  steer +0.00 thr +0.00  L  +0 R  +0  
 2.6 fps  infer 376.1 ms  persons 0  NO TARGET  -  steer +0.00 thr +0.00  L  +0 R  +0  
 2.6 fps  infer 376.4 ms  persons 0  NO TARGET  -  steer +0.00 thr +0.00  L  +0 R  +0  
 2.6 fps  infer 380.9 ms  persons 0  NO TARGET  -  steer +0.00 thr +0.00  L  +0 R  +0  
 2.6 fps  infer 380.6 ms  persons 0  NO TARGET  -  steer +0.00 thr +0.00  L  +0 R  +0  
 2.7 fps  infer 375.2 ms  persons 0  NO TARGET  -  steer +0.00 thr +0.00  L  +0 R  +0  
 2.6 fps  infer 378.7 ms  persons 0  NO TARGET  -  steer +0.00 thr +0.00  L  +0 R  +0  
 2.6 fps  infer 388.1 ms  persons 0  NO TARGET  -  steer +0.00 thr +0.00  L  +0 R  +0  
 2.6 fps  infer 396.1 ms  persons 0  NO TARGET  -  steer +0.00 thr +0.00  L  +0 R  +0  
 2.6 fps  infer 396.0 ms  persons 0  NO TARGET  -  steer +0.00 thr +0.00  L  +0 R  +0  
 2.6 fps  infer 379.7 ms  persons 0  NO TARGET  -  steer +0.00 thr +0.00  L  +0 R  +0  
 2.6 fps  infer 374.1 ms  persons 0  NO TARGET  -  steer +0.00 thr +0.00  L  +0 R  +0  
 2.7 fps  infer 371.5 ms  persons 0  NO TARGET  -  steer +0.00 thr +0.00  L  +0 R  +0  
 2.7 fps  infer 372.3 ms  persons 0  NO TARGET  -  steer +0.00 thr +0.00  L  +0 R  +0  
 2.7 fps  infer 377.5 ms  persons 0  NO TARGET  -  steer +0.00 thr +0.00  L  +0 R  +0  
 2.6 fps  infer 396.6 ms  persons 0  NO TARGET  -  steer +0.00 thr +0.00  L  +0 R  +0  
 2.6 fps  infer 395.1 ms  persons 0  NO TARGET  -  steer +0.00 thr +0.00  L  +0 R  +0  
 2.6 fps  infer 382.9 ms  persons 0  NO TARGET  -  steer +0.00 thr +0.00  L  +0 R  +0  
 2.6 fps  infer 385.4 ms  persons 0  NO TARGET  -  steer +0.00 thr +0.00  L  +0 R  +0  
 2.6 fps  infer 386.9 ms  persons 0  NO TARGET  -  steer +0.00 thr +0.00  L  +0 R  +0  
 2.6 fps  infer 373.5 ms  persons 0  NO TARGET  -  steer +0.00 thr +0.00  L  +0 R  +0  
 2.6 fps  infer 379.5 ms  persons 0  NO TARGET  -  steer +0.00 thr +0.00  L  +0 R  +0  
 2.6 fps  infer 380.8 ms  persons 0  NO TARGET  -  steer +0.00 thr +0.00  L  +0 R  +0  
 2.6 fps  infer 377.5 ms  persons 0  NO TARGET  -  steer +0.00 thr +0.00  L  +0 R  +0  
 2.7 fps  infer 369.3 ms  persons 0  NO TARGET  -  steer +0.00 thr +0.00  L  +0 R  +0  
 2.6 fps  infer 386.7 ms  persons 0  NO TARGET  -  steer +0.00 thr +0.00  L  +0 R  +0  
 2.5 fps  infer 408.0 ms  persons 0  NO TARGET  -  steer +0.00 thr +0.00  L  +0 R  +0  
 2.6 fps  infer 399.0 ms  persons 0  NO TARGET  -  steer +0.00 thr +0.00  L  +0 R  +0  
 2.6 fps  infer 392.3 ms  persons 0  NO TARGET  -  steer +0.00 thr +0.00  L  +0 R  +0  
 2.6 fps  infer 390.2 ms  persons 0  NO TARGET  -  steer +0.00 thr +0.00  L  +0 R  +0  
 2.6 fps  infer 385.1 ms  persons 0  NO TARGET  -  steer +0.00 thr +0.00  L  +0 R  +0  
 2.6 fps  infer 391.9 ms  persons 0  NO TARGET  -  steer +0.00 thr +0.00  L  +0 R  +0  
 2.6 fps  infer 386.1 ms  persons 0  NO TARGET  -  steer +0.00 thr +0.00  L  +0 R  +0  
 2.6 fps  infer 390.3 ms  persons 0  NO TARGET  -  steer +0.00 thr +0.00  L  +0 R  +0  
 2.6 fps  infer 392.1 ms  persons 0  NO TARGET  -  steer +0.00 thr +0.00  L  +0 R  +0  
 2.6 fps  infer 384.2 ms  persons 0  NO TARGET  -  steer +0.00 thr +0.00  L  +0 R  +0  
 2.6 fps  infer 381.7 ms  persons 0  NO TARGET  -  steer +0.00 thr +0.00  L  +0 R  +0  
 2.6 fps  infer 391.2 ms  persons 0  NO TARGET  -  steer +0.00 thr +0.00  L  +0 R  +0  
 2.6 fps  infer 384.6 ms  persons 0  NO TARGET  -  steer +0.00 thr +0.00  L  +0 R  +0  
 2.6 fps  infer 382.8 ms  persons 0  NO TARGET  -  steer +0.00 thr +0.00  L  +0 R  +0  
 2.6 fps  infer 380.9 ms  persons 0  NO TARGET  -  steer +0.00 thr +0.00  L  +0 R  +0  
 2.6 fps  infer 375.0 ms  persons 0  NO TARGET  -  steer +0.00 thr +0.00  L  +0 R  +0  
 2.6 fps  infer 377.0 ms  persons 0  NO TARGET  -  steer +0.00 thr +0.00  L  +0 R  +0  
 2.6 fps  infer 391.7 ms  persons 0  NO TARGET  -  steer +0.00 thr +0.00  L  +0 R  +0  
 2.5 fps  infer 405.9 ms  persons 0  NO TARGET  -  steer +0.00 thr +0.00  L  +0 R  +0  
 2.5 fps  infer 403.2 ms  persons 0  NO TARGET  -  steer +0.00 thr +0.00  L  +0 R  +0  
 2.5 fps  infer 401.4 ms  persons 0  NO TARGET  -  steer +0.00 thr +0.00  L  +0 R  +0  
 2.5 fps  infer 402.0 ms  persons 0  NO TARGET  -  steer +0.00 thr +0.00  L  +0 R  +0  
 2.5 fps  infer 403.9 ms  persons 0  NO TARGET  -  steer +0.00 thr +0.00  L  +0 R  +0  
 2.5 fps  infer 406.0 ms  persons 0  NO TARGET  -  steer +0.00 thr +0.00  L  +0 R  +0  
 2.5 fps  infer 388.2 ms  persons 0  NO TARGET  -  steer +0.00 thr +0.00  L  +0 R  +0  
 2.6 fps  infer 379.8 ms  persons 0  NO TARGET  -  steer +0.00 thr +0.00  L  +0 R  +0  
 2.6 fps  infer 379.5 ms  persons 0  NO TARGET  -  steer +0.00 thr +0.00  L  +0 R  +0  
 2.6 fps  infer 383.5 ms  persons 0  NO TARGET  -  steer +0.00 thr +0.00  L  +0 R  +0  
 2.6 fps  infer 380.6 ms  persons 0  NO TARGET  -  steer +0.00 thr +0.00  L  +0 R  +0  
 2.6 fps  infer 379.8 ms  persons 0  NO TARGET  -  steer +0.00 thr +0.00  L  +0 R  +0  
 2.6 fps  infer 374.8 ms  persons 0  NO TARGET  -  steer +0.00 thr +0.00  L  +0 R  +0  
 2.7 fps  infer 371.1 ms  persons 0  NO TARGET  -  steer +0.00 thr +0.00  L  +0 R  +0  
 2.6 fps  infer 380.4 ms  persons 0  NO TARGET  -  steer +0.00 thr +0.00  L  +0 R  +0  
 2.6 fps  infer 378.1 ms  persons 0  NO TARGET  -  steer +0.00 thr +0.00  L  +0 R  +0  
 2.7 fps  infer 373.3 ms  persons 0  NO TARGET  -  steer +0.00 thr +0.00  L  +0 R  +0  
 2.7 fps  infer 373.7 ms  persons 0  NO TARGET  -  steer +0.00 thr +0.00  L  +0 R  +0  
 2.6 fps  infer 386.3 ms  persons 0  NO TARGET  -  steer +0.00 thr +0.00  L  +0 R  +0  
 2.6 fps  infer 395.7 ms  persons 0  NO TARGET  -  steer +0.00 thr +0.00  L  +0 R  +0  
 2.6 fps  infer 396.2 ms  persons 0  NO TARGET  -  steer +0.00 thr +0.00  L  +0 R  +0  
 2.6 fps  infer 397.0 ms  persons 0  NO TARGET  -  steer +0.00 thr +0.00  L  +0 R  +0  
 2.6 fps  infer 394.1 ms  persons 0  NO TARGET  -  steer +0.00 thr +0.00  L  +0 R  +0  
 2.6 fps  infer 391.9 ms  persons 0  NO TARGET  -  steer +0.00 thr +0.00  L  +0 R  +0  
 2.5 fps  infer 398.0 ms  persons 0  NO TARGET  -  steer +0.00 thr +0.00  L  +0 R  +0  
 2.5 fps  infer 392.7 ms  persons 0  NO TARGET  -  steer +0.00 thr +0.00  L  +0 R  +0  
 2.6 fps  infer 386.3 ms  persons 0  NO TARGET  -  steer +0.00 thr +0.00  L  +0 R  +0  
 2.6 fps  infer 383.7 ms  persons 0  NO TARGET  -  steer +0.00 thr +0.00  L  +0 R  +0  
 2.6 fps  infer 390.9 ms  persons 1  NO TARGET  -  steer +0.00 thr +0.00  L  +0 R  +0  
 2.5 fps  infer 396.2 ms  persons 1  NO TARGET  -  steer +0.00 thr +0.00  L  +0 R  +0  
 2.5 fps  infer 399.4 ms  persons 0  NO TARGET  -  steer +0.00 thr +0.00  L  +0 R  +0  
 2.6 fps  infer 386.9 ms  persons 0  NO TARGET  -  steer +0.00 thr +0.00  L  +0 R  +0  
 2.6 fps  infer 391.6 ms  persons 0  NO TARGET  -  steer +0.00 thr +0.00  L  +0 R  +0  
 2.5 fps  infer 393.7 ms  persons 0  NO TARGET  -  steer +0.00 thr +0.00  L  +0 R  +0  
 2.5 fps  infer 395.7 ms  persons 0  NO TARGET  -  steer +0.00 thr +0.00  L  +0 R  +0  
 2.6 fps  infer 390.3 ms  persons 0  NO TARGET  -  steer +0.00 thr +0.00  L  +0 R  +0  
 2.5 fps  infer 395.4 ms  persons 0  NO TARGET  -  steer +0.00 thr +0.00  L  +0 R  +0  
 2.5 fps  infer 409.9 ms  persons 0  NO TARGET  -  steer +0.00 thr +0.00  L  +0 R  +0  
 2.5 fps  infer 392.5 ms  persons 0  NO TARGET  -  steer +0.00 thr +0.00  L  +0 R  +0  
 2.5 fps  infer 399.6 ms  persons 1  NO TARGET  -  steer +0.00 thr +0.00  L  +0 R  +0  
 2.5 fps  infer 399.5 ms  persons 1  NO TARGET  -  steer +0.00 thr +0.00  L  +0 R  +0  
 2.5 fps  infer 409.0 ms  persons 1  NO TARGET  -  steer +0.00 thr +0.00  L  +0 R  +0  
 2.5 fps  infer 408.2 ms  persons 1  NO TARGET  -  steer +0.00 thr +0.00  L  +0 R  +0  
 2.5 fps  infer 402.9 ms  persons 1  NO TARGET  -  steer +0.00 thr +0.00  L  +0 R  +0  
 2.5 fps  infer 397.0 ms  persons 1  NO TARGET  -  steer +0.00 thr +0.00  L  +0 R  +0  
 2.5 fps  infer 392.7 ms  persons 1  NO TARGET  -  steer +0.00 thr +0.00  L  +0 R  +0  
 2.5 fps  infer 397.0 ms  persons 1  NO TARGET  -  steer +0.00 thr +0.00  L  +0 R  +0  
 2.5 fps  infer 410.8 ms  persons 1  NO TARGET  -  steer +0.00 thr +0.00  L  +0 R  +0  
 2.5 fps  infer 397.6 ms  persons 1  NO TARGET  -  steer +0.00 thr +0.00  L  +0 R  +0  
 2.5 fps  infer 393.4 ms  persons 1  NO TARGET  -  steer +0.00 thr +0.00  L  +0 R  +0  
 2.5 fps  infer 401.3 ms  persons 1  NO TARGET  -  steer +0.00 thr +0.00  L  +0 R  +0  
 2.5 fps  infer 398.9 ms  persons 1  NO TARGET  -  steer +0.00 thr +0.00  L  +0 R  +0  
 2.5 fps  infer 400.0 ms  persons 1  NO TARGET  -  steer +0.00 thr +0.00  L  +0 R  +0  
 2.5 fps  infer 408.8 ms  persons 1  NO TARGET  -  steer +0.00 thr +0.00  L  +0 R  +0  
 2.5 fps  infer 399.0 ms  persons 1  NO TARGET  -  steer +0.00 thr +0.00  L  +0 R  +0  
 2.5 fps  infer 397.5 ms  persons 1  NO TARGET  -  steer +0.00 thr +0.00  L  +0 R  +0  
 2.5 fps  infer 392.9 ms  persons 1  NO TARGET  -  steer +0.00 thr +0.00  L  +0 R  +0  
 2.5 fps  infer 400.7 ms  persons 1  NO TARGET  -  steer +0.00 thr +0.00  L  +0 R  +0  
 2.5 fps  infer 399.0 ms  persons 1  NO TARGET  -  steer +0.00 thr +0.00  L  +0 R  +0  
 2.5 fps  infer 392.3 ms  persons 1  NO TARGET  -  steer +0.00 thr +0.00  L  +0 R  +0  
 2.5 fps  infer 393.5 ms  persons 1  NO TARGET  -  steer +0.00 thr +0.00  L  +0 R  +0  
 2.5 fps  infer 408.3 ms  persons 1  NO TARGET  -  steer +0.00 thr +0.00  L  +0 R  +0  
 2.4 fps  infer 418.7 ms  persons 1  NO TARGET  -  steer +0.00 thr +0.00  L  +0 R  +0  
 2.4 fps  infer 423.7 ms  persons 1  NO TARGET  -  steer +0.00 thr +0.00  L  +0 R  +0  
 2.4 fps  infer 411.5 ms  persons 1  NO TARGET  -  steer +0.00 thr +0.00  L  +0 R  +0  
 2.5 fps  infer 403.7 ms  persons 1  NO TARGET  -  steer +0.00 thr +0.00  L  +0 R  +0  
 2.5 fps  infer 392.0 ms  persons 1  NO TARGET  -  steer +0.00 thr +0.00  L  +0 R  +0  
 2.5 fps  infer 395.4 ms  persons 1  NO TARGET  -  steer +0.00 thr +0.00  L  +0 R  +0  
 2.5 fps  infer 404.9 ms  persons 1  NO TARGET  -  steer +0.00 thr +0.00  L  +0 R  +0  
 2.5 fps  infer 405.5 ms  persons 1  NO TARGET  -  steer +0.00 thr +0.00  L  +0 R  +0  
 2.4 fps  infer 413.6 ms  persons 1  NO TARGET  -  steer +0.00 thr +0.00  L  +0 R  +0  
 2.5 fps  infer 400.3 ms  persons 1  NO TARGET  -  steer +0.00 thr +0.00  L  +0 R  +0  
 2.4 fps  infer 414.9 ms  persons 1  NO TARGET  -  steer +0.00 thr +0.00  L  +0 R  +0  
 2.5 fps  infer 406.0 ms  persons 1  NO TARGET  -  steer +0.00 thr +0.00  L  +0 R  +0  
 2.5 fps  infer 407.8 ms  persons 1  NO TARGET  -  steer +0.00 thr +0.00  L  +0 R  +0  
 2.5 fps  infer 395.6 ms  persons 1  NO TARGET  -  steer +0.00 thr +0.00  L  +0 R  +0  
 2.5 fps  infer 399.9 ms  persons 1  NO TARGET  -  steer +0.00 thr +0.00  L  +0 R  +0  
 2.5 fps  infer 400.6 ms  persons 1  NO TARGET  -  steer +0.00 thr +0.00  L  +0 R  +0  
 2.5 fps  infer 392.4 ms  persons 1  NO TARGET  -  steer +0.00 thr +0.00  L  +0 R  +0  
 2.5 fps  infer 397.2 ms  persons 1  NO TARGET  -  steer +0.00 thr +0.00  L  +0 R  +0  
 2.5 fps  infer 397.5 ms  persons 1  NO TARGET  -  steer +0.00 thr +0.00  L  +0 R  +0  
 2.5 fps  infer 406.1 ms  persons 1  NO TARGET  -  steer +0.00 thr +0.00  L  +0 R  +0  
 2.4 fps  infer 421.3 ms  persons 1  NO TARGET  -  steer +0.00 thr +0.00  L  +0 R  +0  
 2.5 fps  infer 405.0 ms  persons 1  NO TARGET  -  steer +0.00 thr +0.00  L  +0 R  +0  
 2.5 fps  infer 406.1 ms  persons 1  NO TARGET  -  steer +0.00 thr +0.00  L  +0 R  +0  
 2.5 fps  infer 398.4 ms  persons 1  NO TARGET  -  steer +0.00 thr +0.00  L  +0 R  +0  
 2.5 fps  infer 400.8 ms  persons 1  NO TARGET  -  steer +0.00 thr +0.00  L  +0 R  +0  
 2.6 fps  infer 381.7 ms  persons 1  NO TARGET  -  steer +0.00 thr +0.00  L  +0 R  +0  
 2.5 fps  infer 391.1 ms  persons 1  NO TARGET  -  steer +0.00 thr +0.00  L  +0 R  +0  
 2.5 fps  infer 398.4 ms  persons 1  NO TARGET  -  steer +0.00 thr +0.00  L  +0 R  +0  
 2.5 fps  infer 412.7 ms  persons 1  NO TARGET  -  steer +0.00 thr +0.00  L  +0 R  +0  
 2.5 fps  infer 398.4 ms  persons 1  NO TARGET  -  steer +0.00 thr +0.00  L  +0 R  +0  
 2.5 fps  infer 400.9 ms  persons 1  LOCKED id 5  edge cut, holding  steer +0.00 thr +0.00  L  +0 R  +0  
 2.5 fps  infer 399.5 ms  persons 1  LOCKED id 5  edge cut, holding  steer +0.00 thr +0.00  L  +0 R  +0  
 2.5 fps  infer 398.4 ms  persons 1  LOCKED id 5  edge cut, holding  steer +0.00 thr +0.00  L  +0 R  +0  
 2.5 fps  infer 415.3 ms  persons 1  LOCKED id 5  edge cut, holding  steer +0.00 thr +0.00  L  +0 R  +0  
 2.5 fps  infer 408.3 ms  persons 0  SEARCHING id 5 1.3/10 s  -  steer +0.00 thr +0.00  L  +0 R  +0  
 2.5 fps  infer 402.9 ms  persons 0  SEARCHING id 5 2.5/10 s  -  steer +0.00 thr +0.00  L  +0 R  +0  
 2.5 fps  infer 390.3 ms  persons 0  SEARCHING id 5 3.7/10 s  -  steer +0.00 thr +0.00  L  +0 R  +0  
 2.5 fps  infer 389.4 ms  persons 0  SEARCHING id 5 4.8/10 s  -  steer +0.00 thr +0.00  L  +0 R  +0  
 2.6 fps  infer 385.1 ms  persons 0  SEARCHING id 5 6.0/10 s  -  steer +0.00 thr +0.00  L  +0 R  +0  
 2.6 fps  infer 383.9 ms  persons 0  SEARCHING id 5 7.1/10 s  -  steer +0.00 thr +0.00  L  +0 R  +0  
 2.6 fps  infer 397.4 ms  persons 0  SEARCHING id 5 8.3/10 s  -  steer +0.00 thr +0.00  L  +0 R  +0  
 2.5 fps  infer 397.0 ms  persons 0  SEARCHING id 5 9.6/10 s  -  steer +0.00 thr +0.00  L  +0 R  +0  
 2.5 fps  infer 398.2 ms  persons 0  NO TARGET  -  steer +0.00 thr +0.00  L  +0 R  +0  
 2.6 fps  infer 392.3 ms  persons 1  NO TARGET  -  steer +0.00 thr +0.00  L  +0 R  +0  
 2.6 fps  infer 388.5 ms  persons 1  NO TARGET  -  steer +0.00 thr +0.00  L  +0 R  +0  
 2.5 fps  infer 405.0 ms  persons 1  NO TARGET  -  steer +0.00 thr +0.00  L  +0 R  +0  
 2.5 fps  infer 412.1 ms  persons 1  NO TARGET  -  steer +0.00 thr +0.00  L  +0 R  +0  
 2.5 fps  infer 399.0 ms  persons 1  NO TARGET  -  steer +0.00 thr +0.00  L  +0 R  +0  
 2.5 fps  infer 398.5 ms  persons 1  NO TARGET  -  steer +0.00 thr +0.00  L  +0 R  +0  
 2.5 fps  infer 397.4 ms  persons 1  NO TARGET  -  steer +0.00 thr +0.00  L  +0 R  +0  
 2.5 fps  infer 391.9 ms  persons 1  NO TARGET  -  steer +0.00 thr +0.00  L  +0 R  +0  
 2.5 fps  infer 390.3 ms  persons 1  NO TARGET  -  steer +0.00 thr +0.00  L  +0 R  +0  
 2.6 fps  infer 390.1 ms  persons 1  NO TARGET  -  steer +0.00 thr +0.00  L  +0 R  +0  
 2.5 fps  infer 401.6 ms  persons 1  NO TARGET  -  steer +0.00 thr +0.00  L  +0 R  +0  
 2.4 fps  infer 421.7 ms  persons 1  NO TARGET  -  steer +0.00 thr +0.00  L  +0 R  +0  
 2.5 fps  infer 411.7 ms  persons 0  NO TARGET  -  steer +0.00 thr +0.00  L  +0 R  +0  
 2.5 fps  infer 388.3 ms  persons 0  NO TARGET  -  steer +0.00 thr +0.00  L  +0 R  +0  
 2.6 fps  infer 384.8 ms  persons 0  NO TARGET  -  steer +0.00 thr +0.00  L  +0 R  +0  
 2.5 fps  infer 393.8 ms  persons 0  NO TARGET  -  steer +0.00 thr +0.00  L  +0 R  +0  
 2.5 fps  infer 396.6 ms  persons 0  NO TARGET  -  steer +0.00 thr +0.00  L  +0 R  +0  
 2.5 fps  infer 394.1 ms  persons 1  NO TARGET  -  steer +0.00 thr +0.00  L  +0 R  +0  
 2.5 fps  infer 393.6 ms  persons 1  NO TARGET  -  steer +0.00 thr +0.00  L  +0 R  +0  
 2.5 fps  infer 398.6 ms  persons 1  NO TARGET  -  steer +0.00 thr +0.00  L  +0 R  +0  
 2.5 fps  infer 400.1 ms  persons 1  NO TARGET  -  steer +0.00 thr +0.00  L  +0 R  +0  
 2.5 fps  infer 407.3 ms  persons 1  LOCKED id 5  edge cut, holding  steer +0.00 thr +0.00  L  +0 R  +0  
 2.5 fps  infer 402.2 ms  persons 1  LOCKED id 5  edge cut, holding  steer +0.00 thr +0.00  L  +0 R  +0  
 2.5 fps  infer 384.8 ms  persons 1  LOCKED id 5  edge cut, holding  steer +0.00 thr +0.00  L  +0 R  +0  
 2.5 fps  infer 387.7 ms  persons 1  LOCKED id 5  edge cut, holding  steer +0.00 thr +0.00  L  +0 R  +0  
 2.5 fps  infer 388.0 ms  persons 1  LOCKED id 5  edge cut, holding  steer +0.00 thr +0.00  L  +0 R  +0  
 2.5 fps  infer 384.8 ms  persons 1  LOCKED id 5  edge cut, holding  steer +0.00 thr +0.00  L  +0 R  +0  
 2.5 fps  infer 390.4 ms  persons 1  LOCKED id 5  edge cut, holding  steer +0.00 thr +0.00  L  +0 R  +0  
 2.5 fps  infer 399.8 ms  persons 1  LOCKED id 5  edge cut, holding  steer +0.00 thr +0.00  L  +0 R  +0  
 2.5 fps  infer 400.8 ms  persons 1  LOCKED id 5  edge cut, holding  steer +0.00 thr +0.00  L  +0 R  +0  
 2.5 fps  infer 399.2 ms  persons 1  LOCKED id 5  edge cut, holding  steer +0.00 thr +0.00  L  +0 R  +0  
 2.5 fps  infer 392.7 ms  persons 1  LOCKED id 5  edge cut, holding  steer +0.00 thr +0.00  L  +0 R  +0  
 2.5 fps  infer 410.8 ms  persons 1  LOCKED id 5  edge cut, holding  steer +0.00 thr +0.00  L  +0 R  +0  
 2.4 fps  infer 422.6 ms  persons 1  LOCKED id 5  edge cut, holding  steer +0.00 thr +0.00  L  +0 R  +0  
 2.4 fps  infer 416.0 ms  persons 1  LOCKED id 5  edge cut, holding  steer +0.00 thr +0.00  L  +0 R  +0  
 2.4 fps  infer 421.4 ms  persons 1  LOCKED id 5  edge cut, holding  steer +0.00 thr +0.00  L  +0 R  +0  
 2.4 fps  infer 415.1 ms  persons 1  LOCKED id 5  edge cut, holding  steer +0.00 thr +0.00  L  +0 R  +0  
 2.4 fps  infer 412.7 ms  persons 1  LOCKED id 5  edge cut, holding  steer +0.00 thr +0.00  L  +0 R  +0  
 2.4 fps  infer 406.5 ms  persons 0  SEARCHING id 5 1.2/10 s  -  steer +0.00 thr +0.00  L  +0 R  +0  
 2.5 fps  infer 393.5 ms  persons 0  SEARCHING id 5 2.4/10 s  -  steer +0.00 thr +0.00  L  +0 R  +0  
                                                                                               