# view  2026-09-11 12:36:41  rpi5  temp=53.2'C
# $ /home/rasp/rover-venv/bin/python -u camview.py
[0:42:52.680899686] [8810] [1;32m INFO [1;37mCamera [1;34mcamera_manager.cpp:330 [0mlibcamera v0.5.2+99-bfd68f78
[0:42:52.729177692] [8824] [1;32m INFO [1;37mIPAProxy [1;34mipa_proxy.cpp:180 [0mUsing tuning file /usr/share/libcamera/ipa/rpi/vc4/ov5647.json
[0:42:52.744196925] [8824] [1;32m INFO [1;37mCamera [1;34mcamera_manager.cpp:220 [0mAdding camera '/base/soc/i2c0mux/i2c@1/ov5647@36' for pipeline handler rpi/vc4
[0:42:52.744429945] [8824] [1;32m INFO [1;37mRPI [1;34mvc4.cpp:440 [0mRegistered camera /base/soc/i2c0mux/i2c@1/ov5647@36 to Unicam device /dev/media2 and ISP device /dev/media0
[0:42:52.744534945] [8824] [1;32m INFO [1;37mRPI [1;34mpipeline_base.cpp:1107 [0mUsing configuration file '/usr/share/libcamera/pipeline/rpi/vc4/rpi_apps.yaml'
[0:42:52.761254070] [8810] [1;32m INFO [1;37mCamera [1;34mcamera.cpp:1215 [0mconfiguring streams: (0) 640x480-RGB888/SMPTE170M/Rec709/None/Full (1) 640x480-SGBRG10_CSI2P/RAW
[0:42:52.762046308] [8824] [1;32m INFO [1;37mRPI [1;34mvc4.cpp:615 [0mSensor: /base/soc/i2c0mux/i2c@1/ov5647@36 - Selected sensor format: 640x480-SGBRG10_1X10/RAW - Selected unicam format: 640x480-pGAA/RAW
[0:42:53.870158094] [8824] [1;33m WARN [1;37mV4L2 [1;34mv4l2_videodevice.cpp:2155 [0;32m/dev/video0[10:cap]: [0mDequeue timer of 1000000.00us has expired!
[0:42:53.870424447] [8824] [1;31mERROR [1;37mRPI [1;34mpipeline_base.cpp:1346 [0mCamera frontend has timed out!
[0:42:53.870460593] [8824] [1;31mERROR [1;37mRPI [1;34mpipeline_base.cpp:1347 [0mPlease check that your camera sensor connector is attached securely.
[0:42:53.870486010] [8824] [1;31mERROR [1;37mRPI [1;34mpipeline_base.cpp:1348 [0mAlternatively, try another cable and/or sensor.
Traceback (most recent call last):
  File "/home/rasp/HumanFollowing/camview.py", line 78, in <module>
    main()
  File "/home/rasp/HumanFollowing/camview.py", line 28, in main
    cam = PiCamGrabber(w, h, args.flip)
          ^^^^^^^^^^^^^^^^^^^^^^^^^^^^^
  File "/home/rasp/HumanFollowing/picam.py", line 42, in __init__
    raise RuntimeError(
RuntimeError: camera detected but no frames in 5 s: the sensor answers on its control lines but sends no image data. Check the ribbon at both ends and the small sensor connector on the camera board, or try another cable/camera.
# exit 1  2026-09-11 12:36:56
