# setup  2026-09-11 09:03:18  subash  temp=47.2'C
# $ bash pi.sh _setup
--- rsync
--- camera
No cameras available!
--- venv
Collecting ultralytics
  Downloading ultralytics-8.4.146-py3-none-any.whl.metadata (46 kB)
Collecting lap
  Downloading lap-0.5.13-cp313-cp313-manylinux2014_aarch64.manylinux_2_17_aarch64.manylinux_2_28_aarch64.whl.metadata (6.6 kB)
Requirement already satisfied: pyserial in /usr/lib/python3/dist-packages (3.5)
Collecting cloudpickle>=3.1.1 (from ultralytics)
  Downloading cloudpickle-3.1.2-py3-none-any.whl.metadata (7.1 kB)
Collecting filelock>=3.16.1 (from ultralytics)
  Downloading filelock-3.32.6-py3-none-any.whl.metadata (2.0 kB)
Requirement already satisfied: numpy>=1.23.0 in /usr/lib/python3/dist-packages (from ultralytics) (2.2.4)
Collecting matplotlib>=3.3.0 (from ultralytics)
  Downloading matplotlib-3.11.1-cp313-cp313-manylinux_2_26_aarch64.manylinux_2_28_aarch64.whl.metadata (80 kB)
Collecting opencv-python!=4.13.0.90,>=4.7.0 (from ultralytics)
  Downloading opencv_python-5.0.0.93-cp37-abi3-manylinux_2_28_aarch64.whl.metadata (19 kB)
Requirement already satisfied: pillow>=7.1.2 in /usr/lib/python3/dist-packages (from ultralytics) (11.1.0)
Requirement already satisfied: pyyaml>=5.3.1 in /usr/lib/python3/dist-packages (from ultralytics) (6.0.2)
Requirement already satisfied: requests>=2.23.0 in /usr/lib/python3/dist-packages (from ultralytics) (2.32.3)
Collecting torch>=1.8.0 (from ultralytics)
  Downloading torch-2.14.0-cp313-cp313-manylinux_2_28_aarch64.whl.metadata (37 kB)
Collecting torchvision>=0.9.0 (from ultralytics)
  Downloading torchvision-0.29.0-cp313-cp313-manylinux_2_28_aarch64.whl.metadata (5.7 kB)
Requirement already satisfied: psutil>=5.8.0 in /usr/lib/python3/dist-packages (from ultralytics) (7.0.0)
Collecting polars>=0.20.0 (from ultralytics)
  Downloading polars-1.44.2-py3-none-any.whl.metadata (11 kB)
Collecting nvidia-ml-py>=12.0.0 (from ultralytics)
  Downloading nvidia_ml_py-13.610.43-py3-none-any.whl.metadata (9.7 kB)
Collecting ultralytics-thop>=2.1.6 (from ultralytics)
  Downloading ultralytics_thop-2.1.6-py3-none-any.whl.metadata (13 kB)
Collecting ultralytics-platform>=0.1.32 (from ultralytics)
  Downloading ultralytics_platform-0.1.39-py3-none-any.whl.metadata (11 kB)
Collecting contourpy>=1.0.1 (from matplotlib>=3.3.0->ultralytics)
  Downloading contourpy-1.3.3-cp313-cp313-manylinux_2_26_aarch64.manylinux_2_28_aarch64.whl.metadata (5.5 kB)
Collecting cycler>=0.10 (from matplotlib>=3.3.0->ultralytics)
  Using cached cycler-0.12.1-py3-none-any.whl.metadata (3.8 kB)
Collecting fonttools>=4.28.2 (from matplotlib>=3.3.0->ultralytics)
  Downloading fonttools-4.65.0-cp313-cp313-manylinux2014_aarch64.manylinux_2_17_aarch64.manylinux_2_28_aarch64.whl.metadata (125 kB)
Collecting kiwisolver>=1.3.1 (from matplotlib>=3.3.0->ultralytics)
  Downloading kiwisolver-1.5.1-cp313-cp313-manylinux_2_24_aarch64.manylinux_2_28_aarch64.whl.metadata (5.2 kB)
Requirement already satisfied: packaging>=20.0 in /usr/lib/python3/dist-packages (from matplotlib>=3.3.0->ultralytics) (25.0)
Collecting pyparsing>=3 (from matplotlib>=3.3.0->ultralytics)
  Downloading pyparsing-3.3.2-py3-none-any.whl.metadata (5.8 kB)
Requirement already satisfied: python-dateutil>=2.7 in /usr/lib/python3/dist-packages (from matplotlib>=3.3.0->ultralytics) (2.9.0)
Collecting polars-runtime-32==1.44.2 (from polars>=0.20.0->ultralytics)
  Downloading polars_runtime_32-1.44.2-cp310-abi3-manylinux_2_17_aarch64.manylinux2014_aarch64.whl.metadata (1.5 kB)
Requirement already satisfied: charset_normalizer<4,>=2 in /usr/lib/python3/dist-packages (from requests>=2.23.0->ultralytics) (3.4.2)
Requirement already satisfied: idna<4,>=2.5 in /usr/lib/python3/dist-packages (from requests>=2.23.0->ultralytics) (3.10)
Requirement already satisfied: urllib3<3,>=1.21.1 in /usr/lib/python3/dist-packages (from requests>=2.23.0->ultralytics) (2.3.0)
Requirement already satisfied: certifi>=2017.4.17 in /usr/lib/python3/dist-packages (from requests>=2.23.0->ultralytics) (2025.1.31)
Requirement already satisfied: typing-extensions>=4.10.0 in /usr/lib/python3/dist-packages (from torch>=1.8.0->ultralytics) (4.13.2)
Requirement already satisfied: setuptools>=77.0.3 in /usr/lib/python3/dist-packages (from torch>=1.8.0->ultralytics) (78.1.1)
Collecting sympy>=1.13.3 (from torch>=1.8.0->ultralytics)
  Using cached sympy-1.14.0-py3-none-any.whl.metadata (12 kB)
Collecting networkx>=2.5.1 (from torch>=1.8.0->ultralytics)
  Using cached networkx-3.6.1-py3-none-any.whl.metadata (6.8 kB)
Requirement already satisfied: jinja2 in /usr/lib/python3/dist-packages (from torch>=1.8.0->ultralytics) (3.1.6)
Collecting fsspec>=0.8.5 (from torch>=1.8.0->ultralytics)
  Downloading fsspec-2026.7.0-py3-none-any.whl.metadata (10 kB)
Collecting cuda-toolkit==13.0.3 (from cuda-toolkit[cublas,cudart,cufft,cufile,cupti,curand,cusolver,cusparse,nvjitlink,nvrtc,nvtx]==13.0.3; platform_system == "Linux"->torch>=1.8.0->ultralytics)
  Downloading cuda_toolkit-13.0.3.0-py2.py3-none-any.whl.metadata (17 kB)
Collecting cuda-bindings<14,>=13.0.3 (from torch>=1.8.0->ultralytics)
  Downloading cuda_bindings-13.4.1-cp313-cp313-manylinux_2_24_aarch64.manylinux_2_28_aarch64.whl.metadata (2.4 kB)
Collecting nvidia-cudnn-cu13==9.24.0.43 (from torch>=1.8.0->ultralytics)
  Downloading nvidia_cudnn_cu13-9.24.0.43-py3-none-manylinux_2_27_aarch64.whl.metadata (1.9 kB)
Collecting nvidia-cusparselt-cu13==0.8.1 (from torch>=1.8.0->ultralytics)
  Using cached nvidia_cusparselt_cu13-0.8.1-py3-none-manylinux2014_aarch64.whl.metadata (12 kB)
Collecting nvidia-nccl-cu13==2.30.7 (from torch>=1.8.0->ultralytics)
  Downloading nvidia_nccl_cu13-2.30.7-py3-none-manylinux_2_18_aarch64.whl.metadata (2.1 kB)
Collecting nvidia-nvshmem-cu13==3.4.5 (from torch>=1.8.0->ultralytics)
  Using cached nvidia_nvshmem_cu13-3.4.5-py3-none-manylinux2014_aarch64.manylinux_2_17_aarch64.whl.metadata (2.1 kB)
Collecting triton~=3.8.0 (from torch>=1.8.0->ultralytics)
  Downloading triton-3.8.0-cp313-cp313-manylinux_2_27_aarch64.manylinux_2_28_aarch64.whl.metadata (978 bytes)
Collecting nvidia-cublas==13.1.1.3.* (from cuda-toolkit[cublas,cudart,cufft,cufile,cupti,curand,cusolver,cusparse,nvjitlink,nvrtc,nvtx]==13.0.3; platform_system == "Linux"->torch>=1.8.0->ultralytics)
  Using cached nvidia_cublas-13.1.1.3-py3-none-manylinux_2_27_aarch64.whl.metadata (1.8 kB)
Collecting nvidia-cuda-nvrtc==13.0.88.* (from cuda-toolkit[cublas,cudart,cufft,cufile,cupti,curand,cusolver,cusparse,nvjitlink,nvrtc,nvtx]==13.0.3; platform_system == "Linux"->torch>=1.8.0->ultralytics)
  Using cached nvidia_cuda_nvrtc-13.0.88-py3-none-manylinux2014_aarch64.manylinux_2_17_aarch64.whl.metadata (1.7 kB)
Collecting nvidia-cuda-runtime==13.0.96.* (from cuda-toolkit[cublas,cudart,cufft,cufile,cupti,curand,cusolver,cusparse,nvjitlink,nvrtc,nvtx]==13.0.3; platform_system == "Linux"->torch>=1.8.0->ultralytics)
  Using cached nvidia_cuda_runtime-13.0.96-py3-none-manylinux2014_aarch64.manylinux_2_17_aarch64.whl.metadata (1.7 kB)
Collecting nvidia-cufft==12.0.0.61.* (from cuda-toolkit[cublas,cudart,cufft,cufile,cupti,curand,cusolver,cusparse,nvjitlink,nvrtc,nvtx]==13.0.3; platform_system == "Linux"->torch>=1.8.0->ultralytics)
  Using cached nvidia_cufft-12.0.0.61-py3-none-manylinux2014_aarch64.manylinux_2_17_aarch64.whl.metadata (1.8 kB)
Collecting nvidia-nvjitlink<14,>=13.0.88 (from cuda-toolkit[cublas,cudart,cufft,cufile,cupti,curand,cusolver,cusparse,nvjitlink,nvrtc,nvtx]==13.0.3; platform_system == "Linux"->torch>=1.8.0->ultralytics)
  Downloading nvidia_nvjitlink-13.4.52-py3-none-manylinux2014_aarch64.manylinux_2_17_aarch64.whl.metadata (1.8 kB)
Collecting nvidia-cufile==1.15.1.6.* (from cuda-toolkit[cublas,cudart,cufft,cufile,cupti,curand,cusolver,cusparse,nvjitlink,nvrtc,nvtx]==13.0.3; platform_system == "Linux"->torch>=1.8.0->ultralytics)
  Using cached nvidia_cufile-1.15.1.6-py3-none-manylinux_2_27_aarch64.whl.metadata (1.7 kB)
Collecting nvidia-cuda-cupti==13.0.85.* (from cuda-toolkit[cublas,cudart,cufft,cufile,cupti,curand,cusolver,cusparse,nvjitlink,nvrtc,nvtx]==13.0.3; platform_system == "Linux"->torch>=1.8.0->ultralytics)
  Using cached nvidia_cuda_cupti-13.0.85-py3-none-manylinux_2_25_aarch64.whl.metadata (1.7 kB)
Collecting nvidia-curand==10.4.0.35.* (from cuda-toolkit[cublas,cudart,cufft,cufile,cupti,curand,cusolver,cusparse,nvjitlink,nvrtc,nvtx]==13.0.3; platform_system == "Linux"->torch>=1.8.0->ultralytics)
  Using cached nvidia_curand-10.4.0.35-py3-none-manylinux_2_27_aarch64.whl.metadata (1.7 kB)
Collecting nvidia-cusolver==12.0.4.66.* (from cuda-toolkit[cublas,cudart,cufft,cufile,cupti,curand,cusolver,cusparse,nvjitlink,nvrtc,nvtx]==13.0.3; platform_system == "Linux"->torch>=1.8.0->ultralytics)
  Using cached nvidia_cusolver-12.0.4.66-py3-none-manylinux_2_27_aarch64.whl.metadata (1.8 kB)
Collecting nvidia-cusparse==12.6.3.3.* (from cuda-toolkit[cublas,cudart,cufft,cufile,cupti,curand,cusolver,cusparse,nvjitlink,nvrtc,nvtx]==13.0.3; platform_system == "Linux"->torch>=1.8.0->ultralytics)
  Using cached nvidia_cusparse-12.6.3.3-py3-none-manylinux2014_aarch64.manylinux_2_17_aarch64.whl.metadata (1.8 kB)
Collecting nvidia-nvtx==13.0.85.* (from cuda-toolkit[cublas,cudart,cufft,cufile,cupti,curand,cusolver,cusparse,nvjitlink,nvrtc,nvtx]==13.0.3; platform_system == "Linux"->torch>=1.8.0->ultralytics)
  Using cached nvidia_nvtx-13.0.85-py3-none-manylinux2014_aarch64.manylinux_2_17_aarch64.whl.metadata (1.8 kB)
Collecting cuda-pathfinder>=1.4.2 (from cuda-bindings<14,>=13.0.3->torch>=1.8.0->ultralytics)
  Downloading cuda_pathfinder-1.8.1-py3-none-any.whl.metadata (1.9 kB)
Collecting mpmath<1.4,>=1.1.0 (from sympy>=1.13.3->torch>=1.8.0->ultralytics)
  Using cached mpmath-1.3.0-py3-none-any.whl.metadata (8.6 kB)
Collecting httpx<1,>=0.28 (from ultralytics-platform>=0.1.32->ultralytics)
  Using cached httpx-0.28.1-py3-none-any.whl.metadata (7.1 kB)
Collecting anyio (from httpx<1,>=0.28->ultralytics-platform>=0.1.32->ultralytics)
  Downloading anyio-4.15.1-py3-none-any.whl.metadata (4.7 kB)
Collecting httpcore==1.* (from httpx<1,>=0.28->ultralytics-platform>=0.1.32->ultralytics)
  Using cached httpcore-1.0.9-py3-none-any.whl.metadata (21 kB)
Collecting h11>=0.16 (from httpcore==1.*->httpx<1,>=0.28->ultralytics-platform>=0.1.32->ultralytics)
  Using cached h11-0.16.0-py3-none-any.whl.metadata (8.3 kB)
Collecting typing-extensions>=4.10.0 (from torch>=1.8.0->ultralytics)
  Using cached typing_extensions-4.16.0-py3-none-any.whl.metadata (3.3 kB)
Requirement already satisfied: MarkupSafe>=2.0 in /usr/lib/python3/dist-packages (from jinja2->torch>=1.8.0->ultralytics) (2.1.5)
Downloading ultralytics-8.4.146-py3-none-any.whl (1.4 MB)
   ━━━━━━━━━━━━━━━━━━━━━━━━━━━━━━━━━━━━━━━━ 1.4/1.4 MB 2.8 MB/s eta 0:00:00
Downloading lap-0.5.13-cp313-cp313-manylinux2014_aarch64.manylinux_2_17_aarch64.manylinux_2_28_aarch64.whl (1.7 MB)
   ━━━━━━━━━━━━━━━━━━━━━━━━━━━━━━━━━━━━━━━━ 1.7/1.7 MB 3.8 MB/s eta 0:00:00
Downloading cloudpickle-3.1.2-py3-none-any.whl (22 kB)
Downloading filelock-3.32.6-py3-none-any.whl (100 kB)
Downloading matplotlib-3.11.1-cp313-cp313-manylinux_2_26_aarch64.manylinux_2_28_aarch64.whl (10.8 MB)
   ━━━━━━━━━━━━━━━━━━━━━━━━━━━━━━━━━━━━━━━━ 10.8/10.8 MB 5.0 MB/s eta 0:00:00
Downloading contourpy-1.3.3-cp313-cp313-manylinux_2_26_aarch64.manylinux_2_28_aarch64.whl (334 kB)
Using cached cycler-0.12.1-py3-none-any.whl (8.3 kB)
Downloading fonttools-4.65.0-cp313-cp313-manylinux2014_aarch64.manylinux_2_17_aarch64.manylinux_2_28_aarch64.whl (5.4 MB)
   ━━━━━━━━━━━━━━━━━━━━━━━━━━━━━━━━━━━━━━━━ 5.4/5.4 MB 5.0 MB/s eta 0:00:00
Downloading kiwisolver-1.5.1-cp313-cp313-manylinux_2_24_aarch64.manylinux_2_28_aarch64.whl (1.3 MB)
   ━━━━━━━━━━━━━━━━━━━━━━━━━━━━━━━━━━━━━━━━ 1.3/1.3 MB 4.4 MB/s eta 0:00:00
Downloading nvidia_ml_py-13.610.43-py3-none-any.whl (53 kB)
Downloading opencv_python-5.0.0.93-cp37-abi3-manylinux_2_28_aarch64.whl (49.8 MB)
   ━━━━━━━━━━━━━━━━━━━━━━━━━━━━━━━━━━━━━━━━ 49.8/49.8 MB 5.4 MB/s eta 0:00:00
Downloading polars-1.44.2-py3-none-any.whl (865 kB)
   ━━━━━━━━━━━━━━━━━━━━━━━━━━━━━━━━━━━━━━━━ 865.8/865.8 kB 4.2 MB/s eta 0:00:00
Downloading polars_runtime_32-1.44.2-cp310-abi3-manylinux_2_17_aarch64.manylinux2014_aarch64.whl (46.6 MB)
   ━━━━━━━━━━━━━━━━━━━━━━━━━━━━━━━━━━━━━━━━ 46.6/46.6 MB 5.3 MB/s eta 0:00:00
Downloading pyparsing-3.3.2-py3-none-any.whl (122 kB)
Downloading torch-2.14.0-cp313-cp313-manylinux_2_28_aarch64.whl (454.0 MB)
   ━━━━━━━━━━━━━━━━━━━━━━━━━━━━━━━━━━━━━━━━ 454.0/454.0 MB 4.0 MB/s eta 0:00:00
Downloading cuda_toolkit-13.0.3.0-py2.py3-none-any.whl (2.5 kB)
Downloading nvidia_cudnn_cu13-9.24.0.43-py3-none-manylinux_2_27_aarch64.whl (651.0 MB)
   ━━━━━━━━━━━━━━━━━━━━━━━━━━━━━━━━━━━━━━━━ 651.0/651.0 MB 3.7 MB/s eta 0:00:00
Using cached nvidia_cusparselt_cu13-0.8.1-py3-none-manylinux2014_aarch64.whl (221.1 MB)
Downloading nvidia_nccl_cu13-2.30.7-py3-none-manylinux_2_18_aarch64.whl (216.0 MB)
   ━━━━━━━━━━━━━━━━━━━━━━━━━━━━━━━━━━━━━━━━ 216.0/216.0 MB 5.0 MB/s eta 0:00:00
Using cached nvidia_nvshmem_cu13-3.4.5-py3-none-manylinux2014_aarch64.manylinux_2_17_aarch64.whl (60.2 MB)
Downloading cuda_bindings-13.4.1-cp313-cp313-manylinux_2_24_aarch64.manylinux_2_28_aarch64.whl (6.3 MB)
   ━━━━━━━━━━━━━━━━━━━━━━━━━━━━━━━━━━━━━━━━ 6.3/6.3 MB 5.0 MB/s eta 0:00:00
Using cached nvidia_cublas-13.1.1.3-py3-none-manylinux_2_27_aarch64.whl (542.8 MB)
Using cached nvidia_cuda_cupti-13.0.85-py3-none-manylinux_2_25_aarch64.whl (10.3 MB)
Using cached nvidia_cuda_nvrtc-13.0.88-py3-none-manylinux2014_aarch64.manylinux_2_17_aarch64.whl (43.0 MB)
Using cached nvidia_cuda_runtime-13.0.96-py3-none-manylinux2014_aarch64.manylinux_2_17_aarch64.whl (2.3 MB)
Using cached nvidia_cufft-12.0.0.61-py3-none-manylinux2014_aarch64.manylinux_2_17_aarch64.whl (214.1 MB)
Using cached nvidia_cufile-1.15.1.6-py3-none-manylinux_2_27_aarch64.whl (1.1 MB)
Using cached nvidia_curand-10.4.0.35-py3-none-manylinux_2_27_aarch64.whl (62.0 MB)
Using cached nvidia_cusolver-12.0.4.66-py3-none-manylinux_2_27_aarch64.whl (223.5 MB)
Using cached nvidia_cusparse-12.6.3.3-py3-none-manylinux2014_aarch64.manylinux_2_17_aarch64.whl (162.2 MB)
Downloading nvidia_nvjitlink-13.4.52-py3-none-manylinux2014_aarch64.manylinux_2_17_aarch64.whl (40.4 MB)
   ━━━━━━━━━━━━━━━━━━━━━━━━━━━━━━━━━━━━━━━━ 40.4/40.4 MB 5.1 MB/s eta 0:00:00
Using cached nvidia_nvtx-13.0.85-py3-none-manylinux2014_aarch64.manylinux_2_17_aarch64.whl (148 kB)
Downloading triton-3.8.0-cp313-cp313-manylinux_2_27_aarch64.manylinux_2_28_aarch64.whl (226.5 MB)
   ━━━━━━━━━━━━━━━━━━━━━━━━━━━━━━━━━━━━╸    209.5/226.5 MB 5.7 MB/s eta 0:00:03
ERROR: Operation cancelled by user
# exit 130  2026-09-11 09:09:22
