# setup  2026-09-11 09:11:01  subash  temp=47.2'C
# $ bash pi.sh _setup
--- rsync
--- camera
No cameras available!
--- venv
--- torch, CPU build (the default aarch64 wheel pulls ~2 GB of NVIDIA CUDA)
Looking in indexes: https://download.pytorch.org/whl/cpu
Collecting torch
  Downloading https://download-r2.pytorch.org/whl/cpu/torch-2.14.0%2Bcpu-cp313-cp313-manylinux_2_28_aarch64.whl.metadata (37 kB)
Collecting torchvision
  Downloading https://download-r2.pytorch.org/whl/cpu/torchvision-0.29.0%2Bcpu-cp313-cp313-manylinux_2_28_aarch64.whl.metadata (5.7 kB)
Collecting filelock (from torch)
  Downloading filelock-3.32.3-py3-none-any.whl.metadata (2.0 kB)
Requirement already satisfied: typing-extensions>=4.10.0 in /usr/lib/python3/dist-packages (from torch) (4.13.2)
Requirement already satisfied: setuptools>=77.0.3 in /usr/lib/python3/dist-packages (from torch) (78.1.1)
Collecting sympy>=1.13.3 (from torch)
  Using cached sympy-1.14.0-py3-none-any.whl.metadata (12 kB)
Collecting networkx>=2.5.1 (from torch)
  Using cached networkx-3.6.1-py3-none-any.whl.metadata (6.8 kB)
Requirement already satisfied: jinja2 in /usr/lib/python3/dist-packages (from torch) (3.1.6)
Collecting fsspec>=0.8.5 (from torch)
  Using cached fsspec-2026.7.0-py3-none-any.whl.metadata (10 kB)
Requirement already satisfied: numpy in /usr/lib/python3/dist-packages (from torchvision) (2.2.4)
Requirement already satisfied: pillow!=8.3.*,>=5.3.0 in /usr/lib/python3/dist-packages (from torchvision) (11.1.0)
Collecting mpmath<1.4,>=1.1.0 (from sympy>=1.13.3->torch)
  Using cached mpmath-1.3.0-py3-none-any.whl.metadata (8.6 kB)
Requirement already satisfied: MarkupSafe>=2.0 in /usr/lib/python3/dist-packages (from jinja2->torch) (2.1.5)
Downloading https://download-r2.pytorch.org/whl/cpu/torch-2.14.0%2Bcpu-cp313-cp313-manylinux_2_28_aarch64.whl (159.3 MB)
   ━━━━━━━━━━━━━━━━━━━━━━━━━━━━━━━━━━━━━━━━ 159.3/159.3 MB 5.1 MB/s eta 0:00:00
Downloading https://download-r2.pytorch.org/whl/cpu/torchvision-0.29.0%2Bcpu-cp313-cp313-manylinux_2_28_aarch64.whl (2.0 MB)
   ━━━━━━━━━━━━━━━━━━━━━━━━━━━━━━━━━━━━━━━━ 2.0/2.0 MB 2.6 MB/s eta 0:00:00
Downloading fsspec-2026.7.0-py3-none-any.whl (206 kB)
Using cached networkx-3.6.1-py3-none-any.whl (2.1 MB)
Using cached sympy-1.14.0-py3-none-any.whl (6.3 MB)
Using cached mpmath-1.3.0-py3-none-any.whl (536 kB)
Downloading filelock-3.32.3-py3-none-any.whl (98 kB)
Installing collected packages: mpmath, sympy, networkx, fsspec, filelock, torch, torchvision

Successfully installed filelock-3.32.3 fsspec-2026.7.0 mpmath-1.3.0 networkx-3.6.1 sympy-1.14.0 torch-2.14.0+cpu torchvision-0.29.0+cpu
--- ultralytics (keeps the CPU torch above)
Collecting ultralytics
  Using cached ultralytics-8.4.146-py3-none-any.whl.metadata (46 kB)
Collecting lap
  Using cached lap-0.5.13-cp313-cp313-manylinux2014_aarch64.manylinux_2_17_aarch64.manylinux_2_28_aarch64.whl.metadata (6.6 kB)
Requirement already satisfied: pyserial in /usr/lib/python3/dist-packages (3.5)
Collecting cloudpickle>=3.1.1 (from ultralytics)
  Using cached cloudpickle-3.1.2-py3-none-any.whl.metadata (7.1 kB)
Requirement already satisfied: filelock>=3.16.1 in /home/subash/rover-venv/lib/python3.13/site-packages (from ultralytics) (3.32.3)
Requirement already satisfied: numpy>=1.23.0 in /usr/lib/python3/dist-packages (from ultralytics) (2.2.4)
Collecting matplotlib>=3.3.0 (from ultralytics)
  Using cached matplotlib-3.11.1-cp313-cp313-manylinux_2_26_aarch64.manylinux_2_28_aarch64.whl.metadata (80 kB)
Collecting opencv-python!=4.13.0.90,>=4.7.0 (from ultralytics)
  Using cached opencv_python-5.0.0.93-cp37-abi3-manylinux_2_28_aarch64.whl.metadata (19 kB)
Requirement already satisfied: pillow>=7.1.2 in /usr/lib/python3/dist-packages (from ultralytics) (11.1.0)
Requirement already satisfied: pyyaml>=5.3.1 in /usr/lib/python3/dist-packages (from ultralytics) (6.0.2)
Requirement already satisfied: requests>=2.23.0 in /usr/lib/python3/dist-packages (from ultralytics) (2.32.3)
Requirement already satisfied: torch>=1.8.0 in /home/subash/rover-venv/lib/python3.13/site-packages (from ultralytics) (2.14.0+cpu)
Requirement already satisfied: torchvision>=0.9.0 in /home/subash/rover-venv/lib/python3.13/site-packages (from ultralytics) (0.29.0+cpu)
Requirement already satisfied: psutil>=5.8.0 in /usr/lib/python3/dist-packages (from ultralytics) (7.0.0)
Collecting polars>=0.20.0 (from ultralytics)
  Using cached polars-1.44.2-py3-none-any.whl.metadata (11 kB)
Collecting nvidia-ml-py>=12.0.0 (from ultralytics)
  Using cached nvidia_ml_py-13.610.43-py3-none-any.whl.metadata (9.7 kB)
Collecting ultralytics-thop>=2.1.6 (from ultralytics)
  Using cached ultralytics_thop-2.1.6-py3-none-any.whl.metadata (13 kB)
Collecting ultralytics-platform>=0.1.32 (from ultralytics)
  Using cached ultralytics_platform-0.1.39-py3-none-any.whl.metadata (11 kB)
Collecting contourpy>=1.0.1 (from matplotlib>=3.3.0->ultralytics)
  Using cached contourpy-1.3.3-cp313-cp313-manylinux_2_26_aarch64.manylinux_2_28_aarch64.whl.metadata (5.5 kB)
Collecting cycler>=0.10 (from matplotlib>=3.3.0->ultralytics)
  Using cached cycler-0.12.1-py3-none-any.whl.metadata (3.8 kB)
Collecting fonttools>=4.28.2 (from matplotlib>=3.3.0->ultralytics)
  Using cached fonttools-4.65.0-cp313-cp313-manylinux2014_aarch64.manylinux_2_17_aarch64.manylinux_2_28_aarch64.whl.metadata (125 kB)
Collecting kiwisolver>=1.3.1 (from matplotlib>=3.3.0->ultralytics)
  Using cached kiwisolver-1.5.1-cp313-cp313-manylinux_2_24_aarch64.manylinux_2_28_aarch64.whl.metadata (5.2 kB)
Requirement already satisfied: packaging>=20.0 in /usr/lib/python3/dist-packages (from matplotlib>=3.3.0->ultralytics) (25.0)
Collecting pyparsing>=3 (from matplotlib>=3.3.0->ultralytics)
  Using cached pyparsing-3.3.2-py3-none-any.whl.metadata (5.8 kB)
Requirement already satisfied: python-dateutil>=2.7 in /usr/lib/python3/dist-packages (from matplotlib>=3.3.0->ultralytics) (2.9.0)
Collecting polars-runtime-32==1.44.2 (from polars>=0.20.0->ultralytics)
  Using cached polars_runtime_32-1.44.2-cp310-abi3-manylinux_2_17_aarch64.manylinux2014_aarch64.whl.metadata (1.5 kB)
Requirement already satisfied: charset_normalizer<4,>=2 in /usr/lib/python3/dist-packages (from requests>=2.23.0->ultralytics) (3.4.2)
Requirement already satisfied: idna<4,>=2.5 in /usr/lib/python3/dist-packages (from requests>=2.23.0->ultralytics) (3.10)
Requirement already satisfied: urllib3<3,>=1.21.1 in /usr/lib/python3/dist-packages (from requests>=2.23.0->ultralytics) (2.3.0)
Requirement already satisfied: certifi>=2017.4.17 in /usr/lib/python3/dist-packages (from requests>=2.23.0->ultralytics) (2025.1.31)
Requirement already satisfied: typing-extensions>=4.10.0 in /usr/lib/python3/dist-packages (from torch>=1.8.0->ultralytics) (4.13.2)
Requirement already satisfied: setuptools>=77.0.3 in /usr/lib/python3/dist-packages (from torch>=1.8.0->ultralytics) (78.1.1)
Requirement already satisfied: sympy>=1.13.3 in /home/subash/rover-venv/lib/python3.13/site-packages (from torch>=1.8.0->ultralytics) (1.14.0)
Requirement already satisfied: networkx>=2.5.1 in /home/subash/rover-venv/lib/python3.13/site-packages (from torch>=1.8.0->ultralytics) (3.6.1)
Requirement already satisfied: jinja2 in /usr/lib/python3/dist-packages (from torch>=1.8.0->ultralytics) (3.1.6)
Requirement already satisfied: fsspec>=0.8.5 in /home/subash/rover-venv/lib/python3.13/site-packages (from torch>=1.8.0->ultralytics) (2026.7.0)
Requirement already satisfied: mpmath<1.4,>=1.1.0 in /home/subash/rover-venv/lib/python3.13/site-packages (from sympy>=1.13.3->torch>=1.8.0->ultralytics) (1.3.0)
Collecting httpx<1,>=0.28 (from ultralytics-platform>=0.1.32->ultralytics)
  Using cached httpx-0.28.1-py3-none-any.whl.metadata (7.1 kB)
Collecting anyio (from httpx<1,>=0.28->ultralytics-platform>=0.1.32->ultralytics)
  Using cached anyio-4.15.1-py3-none-any.whl.metadata (4.7 kB)
Collecting httpcore==1.* (from httpx<1,>=0.28->ultralytics-platform>=0.1.32->ultralytics)
  Using cached httpcore-1.0.9-py3-none-any.whl.metadata (21 kB)
Collecting h11>=0.16 (from httpcore==1.*->httpx<1,>=0.28->ultralytics-platform>=0.1.32->ultralytics)
  Using cached h11-0.16.0-py3-none-any.whl.metadata (8.3 kB)
Collecting typing-extensions>=4.10.0 (from torch>=1.8.0->ultralytics)
  Using cached typing_extensions-4.16.0-py3-none-any.whl.metadata (3.3 kB)
Requirement already satisfied: MarkupSafe>=2.0 in /usr/lib/python3/dist-packages (from jinja2->torch>=1.8.0->ultralytics) (2.1.5)
Using cached ultralytics-8.4.146-py3-none-any.whl (1.4 MB)
Using cached lap-0.5.13-cp313-cp313-manylinux2014_aarch64.manylinux_2_17_aarch64.manylinux_2_28_aarch64.whl (1.7 MB)
Using cached cloudpickle-3.1.2-py3-none-any.whl (22 kB)
Using cached matplotlib-3.11.1-cp313-cp313-manylinux_2_26_aarch64.manylinux_2_28_aarch64.whl (10.8 MB)
Using cached contourpy-1.3.3-cp313-cp313-manylinux_2_26_aarch64.manylinux_2_28_aarch64.whl (334 kB)
Using cached cycler-0.12.1-py3-none-any.whl (8.3 kB)
Using cached fonttools-4.65.0-cp313-cp313-manylinux2014_aarch64.manylinux_2_17_aarch64.manylinux_2_28_aarch64.whl (5.4 MB)
Using cached kiwisolver-1.5.1-cp313-cp313-manylinux_2_24_aarch64.manylinux_2_28_aarch64.whl (1.3 MB)
Using cached nvidia_ml_py-13.610.43-py3-none-any.whl (53 kB)
Using cached opencv_python-5.0.0.93-cp37-abi3-manylinux_2_28_aarch64.whl (49.8 MB)
Using cached polars-1.44.2-py3-none-any.whl (865 kB)
Using cached polars_runtime_32-1.44.2-cp310-abi3-manylinux_2_17_aarch64.manylinux2014_aarch64.whl (46.6 MB)
Using cached pyparsing-3.3.2-py3-none-any.whl (122 kB)
Downloading ultralytics_platform-0.1.39-py3-none-any.whl (75 kB)
Using cached httpx-0.28.1-py3-none-any.whl (73 kB)
Using cached httpcore-1.0.9-py3-none-any.whl (78 kB)
Using cached h11-0.16.0-py3-none-any.whl (37 kB)
Downloading ultralytics_thop-2.1.6-py3-none-any.whl (30 kB)
Downloading anyio-4.15.1-py3-none-any.whl (132 kB)
Using cached typing_extensions-4.16.0-py3-none-any.whl (45 kB)
Installing collected packages: nvidia-ml-py, typing-extensions, pyparsing, polars-runtime-32, opencv-python, lap, kiwisolver, h11, fonttools, cycler, contourpy, cloudpickle, polars, matplotlib, httpcore, anyio, ultralytics-thop, httpx, ultralytics-platform, ultralytics
  Attempting uninstall: typing-extensions
    Found existing installation: typing_extensions 4.13.2
    Not uninstalling typing-extensions at /usr/lib/python3/dist-packages, outside environment /home/subash/rover-venv
    Can't uninstall 'typing_extensions'. No files were found to uninstall.

ERROR: pip's dependency resolver does not currently take into account all the packages that are installed. This behaviour is the source of the following dependency conflicts.
types-seaborn 0.13.2 requires pandas-stubs, which is not installed.
Successfully installed anyio-4.15.1 cloudpickle-3.1.2 contourpy-1.3.3 cycler-0.12.1 fonttools-4.65.0 h11-0.16.0 httpcore-1.0.9 httpx-0.28.1 kiwisolver-1.5.1 lap-0.5.13 matplotlib-3.11.1 nvidia-ml-py-13.610.43 opencv-python-5.0.0.93 polars-1.44.2 polars-runtime-32-1.44.2 pyparsing-3.3.2 typing-extensions-4.16.0 ultralytics-8.4.146 ultralytics-platform-0.1.39 ultralytics-thop-2.1.6
--- remove CUDA leftovers
Found existing installation: nvidia-ml-py 13.610.43
Uninstalling nvidia-ml-py-13.610.43:
  Successfully uninstalled nvidia-ml-py-13.610.43
Files removed: 0 (0 bytes)
Files removed: 0 (0 bytes)
--- import check
WARNING ⚠️ Ultralytics settings updated to the latest schema. Existing values were preserved where possible. 
View Ultralytics Settings with 'yolo settings' or at '/home/subash/.config/Ultralytics/settings.json'
Update Settings with 'yolo settings key=value', i.e. 'yolo settings runs_dir=path/to/dir'. For help see https://docs.ultralytics.com/quickstart#ultralytics-settings.
picamera2 ok | ultralytics 8.4.146 | torch 2.14.0+cpu | cv2 5.0.0
--- serial access
subash is in dialout
# exit 0  2026-09-11 09:12:19
