# setup  2026-09-11 12:23:47  rpi5  temp=48.3'C
# $ bash pi.sh _setup
--- rsync
--- camera
Available cameras
-----------------
0 : ov5647 [2592x1944 10-bit GBRG] (/base/soc/i2c0mux/i2c@1/ov5647@36)
    Modes: 'SGBRG10_CSI2P' : 640x480 [58.92 fps - (16, 0)/2560x1920 crop]
                             1296x972 [46.34 fps - (0, 0)/2592x1944 crop]
                             1920x1080 [32.81 fps - (348, 434)/1928x1080 crop]
                             2592x1944 [15.63 fps - (0, 0)/2592x1944 crop]

--- venv
--- torch, CPU build (the default aarch64 wheel pulls ~2 GB of NVIDIA CUDA)
Looking in indexes: https://download.pytorch.org/whl/cpu, https://www.piwheels.org/simple
Collecting torch
  Obtaining dependency information for torch from https://download-r2.pytorch.org/whl/cpu/torch-2.14.0%2Bcpu-cp311-cp311-manylinux_2_28_aarch64.whl.metadata
  Downloading https://download-r2.pytorch.org/whl/cpu/torch-2.14.0%2Bcpu-cp311-cp311-manylinux_2_28_aarch64.whl.metadata (37 kB)
Collecting torchvision
  Obtaining dependency information for torchvision from https://download-r2.pytorch.org/whl/cpu/torchvision-0.29.0%2Bcpu-cp311-cp311-manylinux_2_28_aarch64.whl.metadata
  Downloading https://download-r2.pytorch.org/whl/cpu/torchvision-0.29.0%2Bcpu-cp311-cp311-manylinux_2_28_aarch64.whl.metadata (5.7 kB)
Collecting filelock
  Obtaining dependency information for filelock from https://www.piwheels.org/simple/filelock/filelock-3.32.6-py3-none-any.whl.metadata
  Downloading https://www.piwheels.org/simple/filelock/filelock-3.32.6-py3-none-any.whl.metadata (2.0 kB)
Collecting typing-extensions>=4.10.0
  Obtaining dependency information for typing-extensions>=4.10.0 from https://www.piwheels.org/simple/typing-extensions/typing_extensions-4.16.0-py3-none-any.whl.metadata
  Downloading https://www.piwheels.org/simple/typing-extensions/typing_extensions-4.16.0-py3-none-any.whl.metadata (3.3 kB)
Discarding https://www.piwheels.org/simple/typing-extensions/typing_extensions-4.16.0-py3-none-any.whl#sha256=481caa481374e813c1b176ada14e97f1f67a4539ce9cfeb3f350d78d6370c2e8 (from https://www.piwheels.org/simple/typing-extensions/) (requires-python:>=3.9): Requested typing-extensions>=4.10.0 from https://www.piwheels.org/simple/typing-extensions/typing_extensions-4.16.0-py3-none-any.whl#sha256=481caa481374e813c1b176ada14e97f1f67a4539ce9cfeb3f350d78d6370c2e8 (from torch) has inconsistent Name: expected 'typing-extensions', but metadata has 'typing_extensions'
  Obtaining dependency information for typing-extensions>=4.10.0 from https://files.pythonhosted.org/packages/49/d3/b8441a820a491ddfc024b0b0cf0393375b75ea13866d9c66727e54c2fc80/typing_extensions-4.16.0-py3-none-any.whl.metadata
  Downloading typing_extensions-4.16.0-py3-none-any.whl.metadata (3.3 kB)
Discarding https://files.pythonhosted.org/packages/49/d3/b8441a820a491ddfc024b0b0cf0393375b75ea13866d9c66727e54c2fc80/typing_extensions-4.16.0-py3-none-any.whl#sha256=481caa481374e813c1b176ada14e97f1f67a4539ce9cfeb3f350d78d6370c2e8 (from https://download.pytorch.org/whl/cpu/typing-extensions/) (requires-python:>=3.9): Requested typing-extensions>=4.10.0 from https://files.pythonhosted.org/packages/49/d3/b8441a820a491ddfc024b0b0cf0393375b75ea13866d9c66727e54c2fc80/typing_extensions-4.16.0-py3-none-any.whl#sha256=481caa481374e813c1b176ada14e97f1f67a4539ce9cfeb3f350d78d6370c2e8 (from torch) has inconsistent Name: expected 'typing-extensions', but metadata has 'typing_extensions'
  Downloading typing_extensions-4.16.0.tar.gz (113 kB)
     ━━━━━━━━━━━━━━━━━━━━━━━━━━━━━━━━━━━━━━━━ 113.6/113.6 kB 782.3 kB/s eta 0:00:00
  Installing build dependencies: started
  Installing build dependencies: finished with status 'error'
  error: subprocess-exited-with-error
  
  × pip subprocess to install build dependencies did not run successfully.
  │ exit code: 1
  ╰─> [10 lines of output]
      Looking in indexes: https://download.pytorch.org/whl/cpu, https://www.piwheels.org/simple, https://www.piwheels.org/simple
      Collecting flit_core<4,>=3.11
        Obtaining dependency information for flit_core<4,>=3.11 from https://archive1.piwheels.org/simple/flit-core/flit_core-3.12.0-py3-none-any.whl.metadata
        Downloading https://archive1.piwheels.org/simple/flit-core/flit_core-3.12.0-py3-none-any.whl.metadata (9.1 kB)
      Discarding https://archive1.piwheels.org/simple/flit-core/flit_core-3.12.0-py3-none-any.whl#sha256=e7a0304069ea895172e3c7bb703292e992c5d1555dd1233ab7b5621b5b69e62c (from https://www.piwheels.org/simple/flit-core/) (requires-python:>=3.6): Requested flit_core<4,>=3.11 from https://archive1.piwheels.org/simple/flit-core/flit_core-3.12.0-py3-none-any.whl#sha256=e7a0304069ea895172e3c7bb703292e992c5d1555dd1233ab7b5621b5b69e62c has inconsistent Name: expected 'flit_core', but metadata has 'tomli'
        Obtaining dependency information for flit_core<4,>=3.11 from https://archive1.piwheels.org/simple/flit-core/flit_core-3.11.0-py3-none-any.whl.metadata
        Downloading https://archive1.piwheels.org/simple/flit-core/flit_core-3.11.0-py3-none-any.whl.metadata (9.1 kB)
      Discarding https://archive1.piwheels.org/simple/flit-core/flit_core-3.11.0-py3-none-any.whl#sha256=fe464c086f630f106c0fc5001ee377980f45938f03f8f0d03da08a4841748541 (from https://www.piwheels.org/simple/flit-core/) (requires-python:>=3.6): Requested flit_core<4,>=3.11 from https://archive1.piwheels.org/simple/flit-core/flit_core-3.11.0-py3-none-any.whl#sha256=fe464c086f630f106c0fc5001ee377980f45938f03f8f0d03da08a4841748541 has inconsistent Name: expected 'flit_core', but metadata has 'tomli'
      ERROR: Could not find a version that satisfies the requirement flit_core<4,>=3.11 (from versions: 2.0rc1, 2.0rc2, 2.0rc3, 2.0, 2.0.1, 2.0.2, 2.1.0, 2.2.0, 2.3.0, 3.0.0, 3.1.0, 3.2.0, 3.3.0, 3.4.0, 3.5.0, 3.5.1, 3.6.0, 3.7.0, 3.7.1, 3.8.0, 3.9.0, 3.10.0, 3.10.1, 3.11.0, 3.12.0, 4.0.1, 4.0.2)
      ERROR: No matching distribution found for flit_core<4,>=3.11
      [end of output]
  
  note: This error originates from a subprocess, and is likely not a problem with pip.
error: subprocess-exited-with-error

× pip subprocess to install build dependencies did not run successfully.
│ exit code: 1
╰─> See above for output.

note: This error originates from a subprocess, and is likely not a problem with pip.
# exit 1  2026-09-11 12:24:34
